Godot Engine v4.5.stable.official.876b29033 - https://godotengine.org

WARNING: SaveManager: save version 3 newer than supported 2; original save preserved
     at: push_warning (core/variant/variant_utility.cpp:1034)
     GDScript backtrace (most recent call first):
         [0] _reject_layout (res://scripts/core/save_manager.gd:53)
         [1] _migrate (res://scripts/core/save_manager.gd:449)
         [2] _read_save (res://scripts/core/save_manager.gd:431)
         [3] load_game (res://scripts/core/save_manager.gd:395)
         [4] run (res://scenes/dev/future_save_safety_harness.gd:27)
[PASS] future load is rejected
[PASS] rejected load preserves inventory
[PASS] rejected load preserves world cache
[PASS] rejected load preserves original disk bytes
[PASS] rejected future blocks explicit save
[PASS] blocked save preserves original disk bytes
[PASS] WM close preserves future bytes
[PASS] WM close preserves current world cache
[PASS] explicit new game releases write guard
[PASS] current version still round trips
FUTURE_SAVE_SAFETY_DONE failures=0
WARNING: ObjectDB instances leaked at exit (run with --verbose for details).
     at: cleanup (core/object/object.cpp:2514)
ERROR: 2 resources still in use at exit (run with --verbose for details).
   at: clear (core/io/resource.cpp:795)
