       [2] _ready (res://scenes/dev/hover_evidence_sink_harness.gd:35)
HOVER_TIMING_EVIDENCE_REFUSED reason=unset
[PASS] unset — unset refused=true stray_root_file=false
ERROR: hover_timing_probe: FDN_EVIDENCE must be an absolute path, got 'relative/dir'
   at: push_error (core/variant/variant_utility.cpp:1024)
   GDScript backtrace (most recent call first):
       [0] write_evidence (res://scenes/dev/hover_timing_probe.gd:72)
       [1] _run (res://scenes/dev/hover_evidence_sink_harness.gd:75)
       [2] _ready (res://scenes/dev/hover_evidence_sink_harness.gd:35)
HOVER_TIMING_EVIDENCE_REFUSED reason=not_absolute path=relative/dir
[PASS] relative — relative path refused
ERROR: hover_timing_probe: FDN_EVIDENCE directory does not exist: '<ISO>/tmp/absent_199175'
   at: push_error (core/variant/variant_utility.cpp:1024)
   GDScript backtrace (most recent call first):
       [0] write_evidence (res://scenes/dev/hover_timing_probe.gd:76)
       [1] _run (res://scenes/dev/hover_evidence_sink_harness.gd:79)
       [2] _ready (res://scenes/dev/hover_evidence_sink_harness.gd:35)
HOVER_TIMING_EVIDENCE_REFUSED reason=missing_dir path=<ISO>/tmp/absent_199175
[PASS] missing_dir — nonexistent dir refused
ERROR: hover_timing_probe: cannot open '<ISO>/tmp/blocked_199197/timing.json' (FileAccess error 12)
   at: push_error (core/variant/variant_utility.cpp:1024)
   GDScript backtrace (most recent call first):
       [0] write_evidence (res://scenes/dev/hover_timing_probe.gd:82)
       [1] _run (res://scenes/dev/hover_evidence_sink_harness.gd:85)
       [2] _ready (res://scenes/dev/hover_evidence_sink_harness.gd:35)
HOVER_TIMING_EVIDENCE_REFUSED reason=open_failed path=<ISO>/tmp/blocked_199197/timing.json err=12
[PASS] open_failure — open() failure (target path is a directory) refused, no crash
ERROR: hover_timing_probe: cannot open '<ISO>/tmp/ro_199392/timing.json' (FileAccess error 12)
   at: push_error (core/variant/variant_utility.cpp:1024)
   GDScript backtrace (most recent call first):
       [0] write_evidence (res://scenes/dev/hover_timing_probe.gd:82)
       [1] _run (res://scenes/dev/hover_evidence_sink_harness.gd:97)
       [2] _ready (res://scenes/dev/hover_evidence_sink_harness.gd:35)
HOVER_TIMING_EVIDENCE_REFUSED reason=open_failed path=<ISO>/tmp/ro_199392/timing.json err=12
[PASS] readonly_dir_refused — read-only evidence dir refused at open() (store/flush branch NOT covered)
HOVER_TIMING_EVIDENCE_WRITTEN path=<ISO>/tmp/ok_200469/timing.json receipts=1 bytes=45
[PASS] happy_path — valid dir accepted
[PASS] readback_exact — file bytes identical to intended payload (45 vs 45)
SINK_FIXTURE failures=0 missing=0
SINK_FIXTURE_DONE
