Godot Engine v4.5.stable.official.876b29033 - https://godotengine.org
OpenGL API 4.1 Metal - 90.5 - Compatibility - Using Device: Apple - Apple M1 Pro

[PASS] v2 profile and real STACKED tiles
L1_CAPTURE phase=DIAGNOSTIC_injected_position_time_bands path=[WORLD]/evidence/17-map1-final-cleanup/corners-green/bands.png state={"camera_limits":[-156,-220,5340,1532],"camera_position":[2880.0,416.0],"camera_zoom":[1.0,1.0],"canvas_modulate":"f1ead7ff","capture_kind":"diagnostic_normal_root_injected_scene_position_day","control_locked":false,"image_size":[1600,900],"layout_revision":"l1-v2","map_dimensions":[40,40],"object_spawn_count":48,"path":"[WORLD]/evidence/17-map1-final-cleanup/corners-green/bands.png","pending_load":false,"phase":"DIAGNOSTIC_injected_position_time_bands","player_position":[2880.0,416.0],"portal_states":{"divinity":"dormant","machine":"dormant","magic":"dormant","nature":"flickering","return":"open","science":"dormant"},"return_portal_count":1,"save_error":0,"save_present":false,"scene":"StartingGrove","spawn_cell":[14,35],"test_state_injection":"fresh l1-v2, dispatch StartingGrove directly, player cell positioning and day=.30; no title/Home/input journey in this diagnostic","tile_count":1600,"time":270.076065666667,"world_context":{"arrival_mode":"","current_scene":"grove","travel_layer":""}}
[PASS] no raw T0 core at bands (19, 8)
[PASS] V remains nonwalkable (19, 8)
[PASS] full cut including mixed-height corner seams (19, 8)
[PASS] no raw T0 core at bands (20, 8)
[PASS] V remains nonwalkable (20, 8)
[PASS] full cut including mixed-height corner seams (20, 8)
[PASS] no raw T0 core at bands (21, 8)
[PASS] V remains nonwalkable (21, 8)
[PASS] full cut including mixed-height corner seams (21, 8)
[PASS] no raw T0 core at bands (24, 8)
[PASS] V remains nonwalkable (24, 8)
[PASS] full cut including mixed-height corner seams (24, 8)
[PASS] no raw T0 core at bands (25, 8)
[PASS] V remains nonwalkable (25, 8)
[PASS] full cut including mixed-height corner seams (25, 8)
[PASS] no raw T0 core at bands (19, 14)
[PASS] V remains nonwalkable (19, 14)
[PASS] full cut including mixed-height corner seams (19, 14)
[PASS] low bank is not cut away by T0 rectangle (19, 14)
[PASS] no raw T0 core at bands (20, 14)
[PASS] V remains nonwalkable (20, 14)
[PASS] full cut including mixed-height corner seams (20, 14)
[PASS] no raw T0 core at bands (21, 14)
[PASS] V remains nonwalkable (21, 14)
[PASS] full cut including mixed-height corner seams (21, 14)
[PASS] no raw T0 core at bands (22, 14)
[PASS] V remains nonwalkable (22, 14)
[PASS] full cut including mixed-height corner seams (22, 14)
[PASS] no raw T0 core at bands (23, 14)
[PASS] V remains nonwalkable (23, 14)
[PASS] full cut including mixed-height corner seams (23, 14)
[PASS] no raw T0 core at bands (25, 14)
[PASS] V remains nonwalkable (25, 14)
[PASS] full cut including mixed-height corner seams (25, 14)
L1_CAPTURE phase=DIAGNOSTIC_injected_position_time_left-mouth path=[WORLD]/evidence/17-map1-final-cleanup/corners-green/left-mouth.png state={"camera_limits":[-156,-220,5340,1532],"camera_position":[2112.0,416.0],"camera_zoom":[1.0,1.0],"canvas_modulate":"f1ead7ff","capture_kind":"diagnostic_normal_root_injected_scene_position_day","control_locked":false,"image_size":[1600,900],"layout_revision":"l1-v2","map_dimensions":[40,40],"object_spawn_count":48,"path":"[WORLD]/evidence/17-map1-final-cleanup/corners-green/left-mouth.png","pending_load":false,"phase":"DIAGNOSTIC_injected_position_time_left-mouth","player_position":[2112.0,416.0],"portal_states":{"divinity":"dormant","machine":"dormant","magic":"dormant","nature":"flickering","return":"open","science":"dormant"},"return_portal_count":1,"save_error":0,"save_present":false,"scene":"StartingGrove","spawn_cell":[14,35],"test_state_injection":"fresh l1-v2, dispatch StartingGrove directly, player cell positioning and day=.30; no title/Home/input journey in this diagnostic","tile_count":1600,"time":270.068404,"world_context":{"arrival_mode":"","current_scene":"grove","travel_layer":""}}
[PASS] no raw T0 core at left-mouth (14, 8)
[PASS] V remains nonwalkable (14, 8)
[PASS] full cut including mixed-height corner seams (14, 8)
[PASS] no raw T0 core at left-mouth (15, 8)
[PASS] V remains nonwalkable (15, 8)
[PASS] full cut including mixed-height corner seams (15, 8)
[PASS] no raw T0 core at left-mouth (16, 8)
[PASS] V remains nonwalkable (16, 8)
[PASS] full cut including mixed-height corner seams (16, 8)
[PASS] no raw T0 core at left-mouth (17, 8)
[PASS] V remains nonwalkable (17, 8)
[PASS] full cut including mixed-height corner seams (17, 8)
[PASS] no raw T0 core at left-mouth (18, 8)
[PASS] V remains nonwalkable (18, 8)
[PASS] full cut including mixed-height corner seams (18, 8)
[PASS] no raw T0 core at left-mouth (14, 14)
[PASS] V remains nonwalkable (14, 14)
[PASS] full cut including mixed-height corner seams (14, 14)
[PASS] low bank is not cut away by T0 rectangle (14, 14)
[PASS] no raw T0 core at left-mouth (15, 14)
[PASS] V remains nonwalkable (15, 14)
[PASS] full cut including mixed-height corner seams (15, 14)
[PASS] low bank is not cut away by T0 rectangle (15, 14)
[PASS] no raw T0 core at left-mouth (16, 14)
[PASS] V remains nonwalkable (16, 14)
[PASS] full cut including mixed-height corner seams (16, 14)
[PASS] low bank is not cut away by T0 rectangle (16, 14)
[PASS] no raw T0 core at left-mouth (17, 14)
[PASS] V remains nonwalkable (17, 14)
[PASS] full cut including mixed-height corner seams (17, 14)
[PASS] low bank is not cut away by T0 rectangle (17, 14)
[PASS] no raw T0 core at left-mouth (18, 14)
[PASS] V remains nonwalkable (18, 14)
[PASS] full cut including mixed-height corner seams (18, 14)
[PASS] low bank is not cut away by T0 rectangle (18, 14)
L1_CAPTURE phase=DIAGNOSTIC_injected_position_time_right-mouth path=[WORLD]/evidence/17-map1-final-cleanup/corners-green/right-mouth.png state={"camera_limits":[-156,-220,5340,1532],"camera_position":[4160.0,416.0],"camera_zoom":[1.0,1.0],"canvas_modulate":"f1ead7ff","capture_kind":"diagnostic_normal_root_injected_scene_position_day","control_locked":false,"image_size":[1600,900],"layout_revision":"l1-v2","map_dimensions":[40,40],"object_spawn_count":48,"path":"[WORLD]/evidence/17-map1-final-cleanup/corners-green/right-mouth.png","pending_load":false,"phase":"DIAGNOSTIC_injected_position_time_right-mouth","player_position":[4160.0,416.0],"portal_states":{"divinity":"dormant","machine":"dormant","magic":"dormant","nature":"flickering","return":"open","science":"dormant"},"return_portal_count":1,"save_error":0,"save_present":false,"scene":"StartingGrove","spawn_cell":[14,35],"test_state_injection":"fresh l1-v2, dispatch StartingGrove directly, player cell positioning and day=.30; no title/Home/input journey in this diagnostic","tile_count":1600,"time":270.060418333333,"world_context":{"arrival_mode":"","current_scene":"grove","travel_layer":""}}
[PASS] no raw T0 core at right-mouth (29, 8)
[PASS] V remains nonwalkable (29, 8)
[PASS] full cut including mixed-height corner seams (29, 8)
[PASS] no raw T0 core at right-mouth (30, 8)
[PASS] V remains nonwalkable (30, 8)
[PASS] full cut including mixed-height corner seams (30, 8)
[PASS] no raw T0 core at right-mouth (31, 8)
[PASS] V remains nonwalkable (31, 8)
[PASS] full cut including mixed-height corner seams (31, 8)
[PASS] no raw T0 core at right-mouth (32, 8)
[PASS] V remains nonwalkable (32, 8)
[PASS] full cut including mixed-height corner seams (32, 8)
[PASS] no raw T0 core at right-mouth (33, 8)
[PASS] V remains nonwalkable (33, 8)
[PASS] full cut including mixed-height corner seams (33, 8)
[PASS] no raw T0 core at right-mouth (29, 14)
[PASS] V remains nonwalkable (29, 14)
[PASS] full cut including mixed-height corner seams (29, 14)
[PASS] no raw T0 core at right-mouth (30, 14)
[PASS] V remains nonwalkable (30, 14)
[PASS] full cut including mixed-height corner seams (30, 14)
[PASS] no raw T0 core at right-mouth (31, 14)
[PASS] V remains nonwalkable (31, 14)
[PASS] full cut including mixed-height corner seams (31, 14)
[PASS] no raw T0 core at right-mouth (32, 14)
[PASS] V remains nonwalkable (32, 14)
[PASS] full cut including mixed-height corner seams (32, 14)
[PASS] no raw T0 core at right-mouth (33, 14)
[PASS] V remains nonwalkable (33, 14)
[PASS] full cut including mixed-height corner seams (33, 14)
[PASS] internal bank ownership exists
[PASS] elevation rebuild owns one bank set
[PASS] nonempty pixel oracle
MAP1_TRENCH_DONE failures=0
