Godot Engine v4.5.stable.official.876b29033 - https://godotengine.org
OpenGL API 4.1 Metal - 90.5 - Compatibility - Using Device: Apple - Apple M1 Pro

[PASS] nature portal exists
[PASS] path accepted (7, 7)
[PASS] actual walk arrives (7, 7) actual=(1027.648, 256.0665)
[PASS] actual Home walk reaches nature entry apron
CONTROL_TRANSITION true at=18477
CONTROL_TRANSITION false at=19880
[PASS] real nature interaction travels to L1
CONTROL_TRANSITION true at=21139
CONTROL_TRANSITION false at=23022
[PASS] normal Home walk/portal starts Q1
L1_CAPTURE phase=normal_title_home_walk_nature_arrival path=[WORLD]/evidence/17-map1-final-cleanup/normal-final-legacy/01-l1-arrival.png state={"camera_limits":[-156,-220,5340,1532],"camera_position":[1600.0,1056.0],"camera_zoom":[1.0,1.0],"candidate_provenance":"l1-v2 only when explicitly selected before new-run Home; production default remains l1-v1. v2 diagonal ascent amendment is engineering layout, not authored-art approval.","canvas_modulate":"faf5e5ff","capture_kind":"normal_root_automated_progression_no_inventory_or_clear_injection","control_locked":false,"day_phase":"day","dialogue_automation":"Important modal beats read using fresh ui_accept and native touch; close/reveal via real input, no direct seen flags. Resizes disclosed separately.","focus_automation":"Observed OS focus losses only permit at most 3 explicit new public movement requests per walk; no private path restoration or disabled cancellation. Logged separately.","foundation_entry":"production starting_grove -> representative_grove -> preserved legacy_grove","game_time":12.073716,"image_size":[1600,900],"layout_revision":"l1-v1","map_dimensions":[40,40],"night_gate_bindings":[{"body_layer":1,"cell":"(19, 7)","node":"/root/StartingGrove/YSortLayer/@Node2D@1008","offset":"(0.0, -60.0)","open":false,"root":"(2560.0, 256.0)","scale":"(1.0, 1.0)","screen_rect":"[P: (1696.0, -473.9999), S: (128.0, 128.0)]","shape_disabled":false,"texture":"res://assets/objects/night_bud_closed.png"},{"body_layer":1,"cell":"(20, 7)","node":"/root/StartingGrove/YSortLayer/@Node2D@1009","offset":"(0.0, -60.0)","open":false,"root":"(2688.0, 256.0)","scale":"(1.0, 1.0)","screen_rect":"[P: (1824.0, -473.9999), S: (128.0, 128.0)]","shape_disabled":false,"texture":"res://assets/objects/night_bud_closed.png"}],"object_spawn_count":165,"path":"[WORLD]/evidence/17-map1-final-cleanup/normal-final-legacy/01-l1-arrival.png","pending_load":false,"phase":"normal_title_home_walk_nature_arrival","player_position":[1600.0,1056.0],"portal_states":{"divinity":"dormant","machine":"dormant","magic":"dormant","nature":"flickering","return":"open","science":"dormant"},"quest":"Q1","return_portal_count":1,"save_error":0,"save_present":true,"scene":"StartingGrove","spawn_cell":[12,32],"story_state":{},"test_state_injection":"Only Opening real skip handler called directly. No teleports, ingredient/recipe injection, quest/clear signals or time edits. Real TouchController movement/tap, keyboard gather/place; Fusion UI callbacks after physical cauldron arrival. Automated input, not human/manual QA.","tile_count":1600,"world_context":{"arrival_mode":"portal_arrival","current_scene":"grove","travel_layer":"nature"}}
[PASS] reachable source for I2
[PASS] interaction target exists
TAP_REQUEST {"pick":"(2176.0, 1280.0)","picked":"@Sprite2D@1068:<Sprite2D#221190817809>","point":"(2176.0, 1280.0)","stand":"(16, 38)","target":"@Sprite2D@1068:<Sprite2D#221190817809>"}
TAP_QUEUED [(1600.0, 1056.0), (1664.0, 1088.0), (1728.0, 1120.0), (1792.0, 1152.0), (1856.0, 1184.0), (1920.0, 1216.0), (1984.0, 1248.0), (2048.0, 1280.0), (2112.0, 1248.0)] pending={ "kind": "object", "object": @Sprite2D@1068:<Sprite2D#221190817809> }
TAP_END {"actual":"(2107.188, 1250.041)","distance":75.0513229370117,"locked":false,"pathing":false,"pending":"{  }","target":"(2176.0, 1280.0)"}
[PASS] actual tap approaches/interacts at (2176.0, 1280.0)
HARVEST_NORMAL_ARRIVAL {"before":0,"count":0,"elapsed":0.05,"item":"I2","state":{"active":{"committed":false,"generation":6,"kind":"flora","phase":"reserved","target_key":"/root/StartingGrove/YSortLayer:I2:(2176.0, 1280.0):221190817809","token":1},"counters":{"auto_cancels":0,"begun":1,"cancels":0,"commits":0,"contacts":0,"finishes":0,"rejected":0,"resets":5,"supersede_finishes":0},"generation":6,"last":null,"version":1},"token":1}
L1_CAPTURE phase=normal_harvest_flora_arrival path=[WORLD]/evidence/17-map1-final-cleanup/normal-final-legacy/harvest-flora-arrival.png state={"camera_limits":[-156,-220,5340,1532],"camera_position":[2107.188,1250.041],"camera_zoom":[1.0,1.0],"candidate_provenance":"l1-v2 only when explicitly selected before new-run Home; production default remains l1-v1. v2 diagonal ascent amendment is engineering layout, not authored-art approval.","canvas_modulate":"faf4e5ff","capture_kind":"normal_root_automated_progression_no_inventory_or_clear_injection","control_locked":false,"day_phase":"day","dialogue_automation":"Important modal beats read using fresh ui_accept and native touch; close/reveal via real input, no direct seen flags. Resizes disclosed separately.","focus_automation":"Observed OS focus losses only permit at most 3 explicit new public movement requests per walk; no private path restoration or disabled cancellation. Logged separately.","foundation_entry":"production starting_grove -> representative_grove -> preserved legacy_grove","game_time":14.0474583333334,"image_size":[1600,900],"layout_revision":"l1-v1","map_dimensions":[40,40],"night_gate_bindings":[{"body_layer":1,"cell":"(19, 7)","node":"/root/StartingGrove/YSortLayer/@Node2D@1008","offset":"(0.0, -60.0)","open":false,"root":"(2560.0, 256.0)","scale":"(1.0, 1.0)","screen_rect":"[P: (1221.351, -500.0), S: (128.0, 128.0)]","shape_disabled":false,"texture":"res://assets/objects/night_bud_closed.png"},{"body_layer":1,"cell":"(20, 7)","node":"/root/StartingGrove/YSortLayer/@Node2D@1009","offset":"(0.0, -60.0)","open":false,"root":"(2688.0, 256.0)","scale":"(1.0, 1.0)","screen_rect":"[P: (1349.351, -500.0), S: (128.0, 128.0)]","shape_disabled":false,"texture":"res://assets/objects/night_bud_closed.png"}],"object_spawn_count":165,"path":"[WORLD]/evidence/17-map1-final-cleanup/normal-final-legacy/harvest-flora-arrival.png","pending_load":false,"phase":"normal_harvest_flora_arrival","player_position":[2107.188,1250.041],"portal_states":{"divinity":"dormant","machine":"dormant","magic":"dormant","nature":"flickering","return":"open","science":"dormant"},"quest":"Q2","return_portal_count":1,"save_error":0,"save_present":true,"scene":"StartingGrove","spawn_cell":[12,32],"story_state":{},"test_state_injection":"Only Opening real skip handler called directly. No teleports, ingredient/recipe injection, quest/clear signals or time edits. Real TouchController movement/tap, keyboard gather/place; Fusion UI callbacks after physical cauldron arrival. Automated input, not human/manual QA.","tile_count":1600,"world_context":{"arrival_mode":"portal_arrival","current_scene":"grove","travel_layer":"nature"}}
[PASS] bounded contact action resolves I2
L1_CAPTURE phase=normal_harvest_flora_response path=[WORLD]/evidence/17-map1-final-cleanup/normal-final-legacy/harvest-flora-response.png state={"camera_limits":[-156,-220,5340,1532],"camera_position":[2107.188,1250.041],"camera_zoom":[1.0,1.0],"candidate_provenance":"l1-v2 only when explicitly selected before new-run Home; production default remains l1-v1. v2 diagonal ascent amendment is engineering layout, not authored-art approval.","canvas_modulate":"faf4e5ff","capture_kind":"normal_root_automated_progression_no_inventory_or_clear_injection","control_locked":false,"day_phase":"day","dialogue_automation":"Important modal beats read using fresh ui_accept and native touch; close/reveal via real input, no direct seen flags. Resizes disclosed separately.","focus_automation":"Observed OS focus losses only permit at most 3 explicit new public movement requests per walk; no private path restoration or disabled cancellation. Logged separately.","foundation_entry":"production starting_grove -> representative_grove -> preserved legacy_grove","game_time":14.1054863333334,"image_size":[1600,900],"layout_revision":"l1-v1","map_dimensions":[40,40],"night_gate_bindings":[{"body_layer":1,"cell":"(19, 7)","node":"/root/StartingGrove/YSortLayer/@Node2D@1008","offset":"(0.0, -60.0)","open":false,"root":"(2560.0, 256.0)","scale":"(1.0, 1.0)","screen_rect":"[P: (1211.91, -500.0), S: (128.0, 128.0)]","shape_disabled":false,"texture":"res://assets/objects/night_bud_closed.png"},{"body_layer":1,"cell":"(20, 7)","node":"/root/StartingGrove/YSortLayer/@Node2D@1009","offset":"(0.0, -60.0)","open":false,"root":"(2688.0, 256.0)","scale":"(1.0, 1.0)","screen_rect":"[P: (1339.91, -500.0), S: (128.0, 128.0)]","shape_disabled":false,"texture":"res://assets/objects/night_bud_closed.png"}],"object_spawn_count":165,"path":"[WORLD]/evidence/17-map1-final-cleanup/normal-final-legacy/harvest-flora-response.png","pending_load":false,"phase":"normal_harvest_flora_response","player_position":[2107.188,1250.041],"portal_states":{"divinity":"dormant","machine":"dormant","magic":"dormant","nature":"flickering","return":"open","science":"dormant"},"quest":"Q2","return_portal_count":1,"save_error":0,"save_present":true,"scene":"StartingGrove","spawn_cell":[12,32],"story_state":{},"test_state_injection":"Only Opening real skip handler called directly. No teleports, ingredient/recipe injection, quest/clear signals or time edits. Real TouchController movement/tap, keyboard gather/place; Fusion UI callbacks after physical cauldron arrival. Automated input, not human/manual QA.","tile_count":1600,"world_context":{"arrival_mode":"portal_arrival","current_scene":"grove","travel_layer":"nature"}}
[PASS] normal action contact actually rewards I2
[PASS] actual object gather yields I2
[PASS] reachable source for I2
[PASS] interaction target exists
TAP_REQUEST {"pick":"(2688.0, 1152.0)","picked":"@Sprite2D@1115:<Sprite2D#223019534403>","point":"(2688.0, 1152.0)","stand":"(20, 34)","target":"@Sprite2D@1115:<Sprite2D#223019534403>"}
TAP_QUEUED [(2112.0, 1248.0), (2176.0, 1216.0), (2240.0, 1184.0), (2304.0, 1152.0), (2368.0, 1120.0), (2432.0, 1088.0), (2496.0, 1120.0), (2560.0, 1152.0), (2624.0, 1120.0)] pending={ "kind": "object", "object": @Sprite2D@1115:<Sprite2D#223019534403> }
TAP_END {"actual":"(2619.758, 1121.847)","distance":74.6063537597656,"locked":false,"pathing":false,"pending":"{  }","target":"(2688.0, 1152.0)"}
[PASS] actual tap approaches/interacts at (2688.0, 1152.0)
HARVEST_NORMAL_ARRIVAL {"before":1,"count":2,"elapsed":0.1,"item":"I2","state":{"active":null,"counters":{"auto_cancels":0,"begun":2,"cancels":0,"commits":2,"contacts":2,"finishes":2,"rejected":0,"resets":8,"supersede_finishes":0},"generation":9,"last":{"kind":"flora","phase":"done","reason":"finished","reward_granted":true,"target_key":"/root/StartingGrove/YSortLayer:I2:(2688.0, 1152.0):223019534403","token":2},"version":1},"token":0}
[PASS] bounded contact action resolves I2
[PASS] normal action contact actually rewards I2
[PASS] actual object gather yields I2
[PASS] reachable source for I4
[PASS] interaction target exists
TAP_REQUEST {"pick":"(2752.0, 1184.0)","picked":"@Sprite2D@1121:<Sprite2D#223220861001>","point":"(2752.0, 1184.0)","stand":"(20, 35)","target":"@Sprite2D@1121:<Sprite2D#223220861001>"}
TAP_QUEUED [] pending={  }
TAP_END {"actual":"(2619.758, 1121.847)","distance":146.119171142578,"locked":false,"pathing":false,"pending":"{  }","target":"(2752.0, 1184.0)"}
[PASS] actual tap approaches/interacts at (2752.0, 1184.0)
HARVEST_NORMAL_ARRIVAL {"before":0,"count":0,"elapsed":0.0666666666666667,"item":"I4","state":{"active":{"committed":false,"generation":12,"kind":"wood","phase":"reserved","target_key":"/root/StartingGrove/YSortLayer:I4:(2752.0, 1184.0):223220861001","token":3},"counters":{"auto_cancels":0,"begun":3,"cancels":0,"commits":2,"contacts":2,"finishes":2,"rejected":0,"resets":11,"supersede_finishes":0},"generation":12,"last":{"kind":"flora","phase":"done","reason":"finished","reward_granted":true,"target_key":"/root/StartingGrove/YSortLayer:I2:(2688.0, 1152.0):223019534403","token":2},"version":1},"token":3}
L1_CAPTURE phase=normal_harvest_wood_arrival path=[WORLD]/evidence/17-map1-final-cleanup/normal-final-legacy/harvest-wood-arrival.png state={"camera_limits":[-156,-220,5340,1532],"camera_position":[2619.758,1121.847],"camera_zoom":[1.0,1.0],"candidate_provenance":"l1-v2 only when explicitly selected before new-run Home; production default remains l1-v1. v2 diagonal ascent amendment is engineering layout, not authored-art approval.","canvas_modulate":"f9f4e5ff","capture_kind":"normal_root_automated_progression_no_inventory_or_clear_injection","control_locked":false,"day_phase":"day","dialogue_automation":"Important modal beats read using fresh ui_accept and native touch; close/reveal via real input, no direct seen flags. Resizes disclosed separately.","focus_automation":"Observed OS focus losses only permit at most 3 explicit new public movement requests per walk; no private path restoration or disabled cancellation. Logged separately.","foundation_entry":"production starting_grove -> representative_grove -> preserved legacy_grove","game_time":16.2641206666667,"image_size":[1600,900],"layout_revision":"l1-v1","map_dimensions":[40,40],"night_gate_bindings":[{"body_layer":1,"cell":"(19, 7)","node":"/root/StartingGrove/YSortLayer/@Node2D@1008","offset":"(0.0, -60.0)","open":false,"root":"(2560.0, 256.0)","scale":"(1.0, 1.0)","screen_rect":"[P: (692.7993, -500.0), S: (128.0, 128.0)]","shape_disabled":false,"texture":"res://assets/objects/night_bud_closed.png"},{"body_layer":1,"cell":"(20, 7)","node":"/root/StartingGrove/YSortLayer/@Node2D@1009","offset":"(0.0, -60.0)","open":false,"root":"(2688.0, 256.0)","scale":"(1.0, 1.0)","screen_rect":"[P: (820.7993, -500.0), S: (128.0, 128.0)]","shape_disabled":false,"texture":"res://assets/objects/night_bud_closed.png"}],"object_spawn_count":165,"path":"[WORLD]/evidence/17-map1-final-cleanup/normal-final-legacy/harvest-wood-arrival.png","pending_load":false,"phase":"normal_harvest_wood_arrival","player_position":[2619.758,1121.847],"portal_states":{"divinity":"dormant","machine":"dormant","magic":"dormant","nature":"flickering","return":"open","science":"dormant"},"quest":"Q2","return_portal_count":1,"save_error":0,"save_present":true,"scene":"StartingGrove","spawn_cell":[12,32],"story_state":{},"test_state_injection":"Only Opening real skip handler called directly. No teleports, ingredient/recipe injection, quest/clear signals or time edits. Real TouchController movement/tap, keyboard gather/place; Fusion UI callbacks after physical cauldron arrival. Automated input, not human/manual QA.","tile_count":1600,"world_context":{"arrival_mode":"portal_arrival","current_scene":"grove","travel_layer":"nature"}}
[PASS] bounded contact action resolves I4
L1_CAPTURE phase=normal_harvest_wood_response path=[WORLD]/evidence/17-map1-final-cleanup/normal-final-legacy/harvest-wood-response.png state={"camera_limits":[-156,-220,5340,1532],"camera_position":[2619.758,1121.847],"camera_zoom":[1.0,1.0],"candidate_provenance":"l1-v2 only when explicitly selected before new-run Home; production default remains l1-v1. v2 diagonal ascent amendment is engineering layout, not authored-art approval.","canvas_modulate":"f9f4e5ff","capture_kind":"normal_root_automated_progression_no_inventory_or_clear_injection","control_locked":false,"day_phase":"day","dialogue_automation":"Important modal beats read using fresh ui_accept and native touch; close/reveal via real input, no direct seen flags. Resizes disclosed separately.","focus_automation":"Observed OS focus losses only permit at most 3 explicit new public movement requests per walk; no private path restoration or disabled cancellation. Logged separately.","foundation_entry":"production starting_grove -> representative_grove -> preserved legacy_grove","game_time":16.3903826666667,"image_size":[1600,900],"layout_revision":"l1-v1","map_dimensions":[40,40],"night_gate_bindings":[{"body_layer":1,"cell":"(19, 7)","node":"/root/StartingGrove/YSortLayer/@Node2D@1008","offset":"(0.0, -60.0)","open":false,"root":"(2560.0, 256.0)","scale":"(1.0, 1.0)","screen_rect":"[P: (683.5828, -500.0), S: (128.0, 128.0)]","shape_disabled":false,"texture":"res://assets/objects/night_bud_closed.png"},{"body_layer":1,"cell":"(20, 7)","node":"/root/StartingGrove/YSortLayer/@Node2D@1009","offset":"(0.0, -60.0)","open":false,"root":"(2688.0, 256.0)","scale":"(1.0, 1.0)","screen_rect":"[P: (811.5828, -500.0), S: (128.0, 128.0)]","shape_disabled":false,"texture":"res://assets/objects/night_bud_closed.png"}],"object_spawn_count":165,"path":"[WORLD]/evidence/17-map1-final-cleanup/normal-final-legacy/harvest-wood-response.png","pending_load":false,"phase":"normal_harvest_wood_response","player_position":[2619.758,1121.847],"portal_states":{"divinity":"dormant","machine":"dormant","magic":"dormant","nature":"flickering","return":"open","science":"dormant"},"quest":"Q2","return_portal_count":1,"save_error":0,"save_present":true,"scene":"StartingGrove","spawn_cell":[12,32],"story_state":{},"test_state_injection":"Only Opening real skip handler called directly. No teleports, ingredient/recipe injection, quest/clear signals or time edits. Real TouchController movement/tap, keyboard gather/place; Fusion UI callbacks after physical cauldron arrival. Automated input, not human/manual QA.","tile_count":1600,"world_context":{"arrival_mode":"portal_arrival","current_scene":"grove","travel_layer":"nature"}}
[PASS] normal action contact actually rewards I4
[PASS] actual object gather yields I4
[PASS] reachable source for I4
[PASS] interaction target exists
TAP_REQUEST {"pick":"(2368.0, 1248.0)","picked":"@Sprite2D@1154:<Sprite2D#224328157290>","point":"(2368.0, 1248.0)","stand":"(18, 37)","target":"@Sprite2D@1154:<Sprite2D#224328157290>"}
TAP_QUEUED [(2624.0, 1120.0), (2560.0, 1152.0), (2496.0, 1184.0), (2432.0, 1216.0)] pending={ "kind": "object", "object": @Sprite2D@1154:<Sprite2D#224328157290> }
TAP_END {"actual":"(2436.511, 1213.745)","distance":76.5973968505859,"locked":false,"pathing":false,"pending":"{  }","target":"(2368.0, 1248.0)"}
[PASS] actual tap approaches/interacts at (2368.0, 1248.0)
HARVEST_NORMAL_ARRIVAL {"before":1,"count":1,"elapsed":0.116666666666667,"item":"I4","state":{"active":{"committed":false,"generation":15,"kind":"wood","phase":"reserved","target_key":"/root/StartingGrove/YSortLayer:I4:(2368.0, 1248.0):224328157290","token":4},"counters":{"auto_cancels":0,"begun":4,"cancels":0,"commits":3,"contacts":3,"finishes":3,"rejected":0,"resets":14,"supersede_finishes":0},"generation":15,"last":{"kind":"wood","phase":"done","reason":"finished","reward_granted":true,"target_key":"/root/StartingGrove/YSortLayer:I4:(2752.0, 1184.0):223220861001","token":3},"version":1},"token":4}
[PASS] bounded contact action resolves I4
[PASS] normal action contact actually rewards I4
[PASS] actual object gather yields I4
[PASS] reachable source for I6
[PASS] interaction target exists
TAP_REQUEST {"pick":"(2496.0, 1248.0)","picked":"@Sprite2D@1083:<Sprite2D#221761243170>","point":"(2496.0, 1248.0)","stand":"(18, 37)","target":"@Sprite2D@1083:<Sprite2D#221761243170>"}
TAP_QUEUED [] pending={  }
TAP_END {"actual":"(2436.511, 1213.745)","distance":68.6470031738281,"locked":false,"pathing":false,"pending":"{  }","target":"(2496.0, 1248.0)"}
[PASS] actual tap approaches/interacts at (2496.0, 1248.0)
HARVEST_NORMAL_ARRIVAL {"before":0,"count":0,"elapsed":0.116666666666667,"item":"I6","state":{"active":{"committed":false,"generation":18,"kind":"rock","phase":"reserved","target_key":"/root/StartingGrove/YSortLayer:I6:(2496.0, 1248.0):221761243170","token":5},"counters":{"auto_cancels":0,"begun":5,"cancels":0,"commits":4,"contacts":4,"finishes":4,"rejected":0,"resets":17,"supersede_finishes":0},"generation":18,"last":{"kind":"wood","phase":"done","reason":"finished","reward_granted":true,"target_key":"/root/StartingGrove/YSortLayer:I4:(2368.0, 1248.0):224328157290","token":4},"version":1},"token":5}
L1_CAPTURE phase=normal_harvest_rock_arrival path=[WORLD]/evidence/17-map1-final-cleanup/normal-final-legacy/harvest-rock-arrival.png state={"camera_limits":[-156,-220,5340,1532],"camera_position":[2436.511,1213.745],"camera_zoom":[1.0,1.0],"candidate_provenance":"l1-v2 only when explicitly selected before new-run Home; production default remains l1-v1. v2 diagonal ascent amendment is engineering layout, not authored-art approval.","canvas_modulate":"f9f4e5ff","capture_kind":"normal_root_automated_progression_no_inventory_or_clear_injection","control_locked":false,"day_phase":"day","dialogue_automation":"Important modal beats read using fresh ui_accept and native touch; close/reveal via real input, no direct seen flags. Resizes disclosed separately.","focus_automation":"Observed OS focus losses only permit at most 3 explicit new public movement requests per walk; no private path restoration or disabled cancellation. Logged separately.","foundation_entry":"production starting_grove -> representative_grove -> preserved legacy_grove","game_time":17.3903826666667,"image_size":[1600,900],"layout_revision":"l1-v1","map_dimensions":[40,40],"night_gate_bindings":[{"body_layer":1,"cell":"(19, 7)","node":"/root/StartingGrove/YSortLayer/@Node2D@1008","offset":"(0.0, -60.0)","open":false,"root":"(2560.0, 256.0)","scale":"(1.0, 1.0)","screen_rect":"[P: (852.0938, -500.0), S: (128.0, 128.0)]","shape_disabled":false,"texture":"res://assets/objects/night_bud_closed.png"},{"body_layer":1,"cell":"(20, 7)","node":"/root/StartingGrove/YSortLayer/@Node2D@1009","offset":"(0.0, -60.0)","open":false,"root":"(2688.0, 256.0)","scale":"(1.0, 1.0)","screen_rect":"[P: (980.0938, -500.0), S: (128.0, 128.0)]","shape_disabled":false,"texture":"res://assets/objects/night_bud_closed.png"}],"object_spawn_count":165,"path":"[WORLD]/evidence/17-map1-final-cleanup/normal-final-legacy/harvest-rock-arrival.png","pending_load":false,"phase":"normal_harvest_rock_arrival","player_position":[2436.511,1213.745],"portal_states":{"divinity":"dormant","machine":"dormant","magic":"dormant","nature":"flickering","return":"open","science":"dormant"},"quest":"Q2","return_portal_count":1,"save_error":0,"save_present":true,"scene":"StartingGrove","spawn_cell":[12,32],"story_state":{},"test_state_injection":"Only Opening real skip handler called directly. No teleports, ingredient/recipe injection, quest/clear signals or time edits. Real TouchController movement/tap, keyboard gather/place; Fusion UI callbacks after physical cauldron arrival. Automated input, not human/manual QA.","tile_count":1600,"world_context":{"arrival_mode":"portal_arrival","current_scene":"grove","travel_layer":"nature"}}
[PASS] bounded contact action resolves I6
L1_CAPTURE phase=normal_harvest_rock_response path=[WORLD]/evidence/17-map1-final-cleanup/normal-final-legacy/harvest-rock-response.png state={"camera_limits":[-156,-220,5340,1532],"camera_position":[2436.511,1213.745],"camera_zoom":[1.0,1.0],"candidate_provenance":"l1-v2 only when explicitly selected before new-run Home; production default remains l1-v1. v2 diagonal ascent amendment is engineering layout, not authored-art approval.","canvas_modulate":"f9f4e5ff","capture_kind":"normal_root_automated_progression_no_inventory_or_clear_injection","control_locked":false,"day_phase":"day","dialogue_automation":"Important modal beats read using fresh ui_accept and native touch; close/reveal via real input, no direct seen flags. Resizes disclosed separately.","focus_automation":"Observed OS focus losses only permit at most 3 explicit new public movement requests per walk; no private path restoration or disabled cancellation. Logged separately.","foundation_entry":"production starting_grove -> representative_grove -> preserved legacy_grove","game_time":17.4403826666667,"image_size":[1600,900],"layout_revision":"l1-v1","map_dimensions":[40,40],"night_gate_bindings":[{"body_layer":1,"cell":"(19, 7)","node":"/root/StartingGrove/YSortLayer/@Node2D@1008","offset":"(0.0, -60.0)","open":false,"root":"(2560.0, 256.0)","scale":"(1.0, 1.0)","screen_rect":"[P: (853.9426, -500.0), S: (128.0, 128.0)]","shape_disabled":false,"texture":"res://assets/objects/night_bud_closed.png"},{"body_layer":1,"cell":"(20, 7)","node":"/root/StartingGrove/YSortLayer/@Node2D@1009","offset":"(0.0, -60.0)","open":false,"root":"(2688.0, 256.0)","scale":"(1.0, 1.0)","screen_rect":"[P: (981.9426, -500.0), S: (128.0, 128.0)]","shape_disabled":false,"texture":"res://assets/objects/night_bud_closed.png"}],"object_spawn_count":165,"path":"[WORLD]/evidence/17-map1-final-cleanup/normal-final-legacy/harvest-rock-response.png","pending_load":false,"phase":"normal_harvest_rock_response","player_position":[2436.511,1213.745],"portal_states":{"divinity":"dormant","machine":"dormant","magic":"dormant","nature":"flickering","return":"open","science":"dormant"},"quest":"Q2","return_portal_count":1,"save_error":0,"save_present":true,"scene":"StartingGrove","spawn_cell":[12,32],"story_state":{},"test_state_injection":"Only Opening real skip handler called directly. No teleports, ingredient/recipe injection, quest/clear signals or time edits. Real TouchController movement/tap, keyboard gather/place; Fusion UI callbacks after physical cauldron arrival. Automated input, not human/manual QA.","tile_count":1600,"world_context":{"arrival_mode":"portal_arrival","current_scene":"grove","travel_layer":"nature"}}
[PASS] normal action contact actually rewards I6
[PASS] actual object gather yields I6
[PASS] reachable source for I6
[PASS] interaction target exists
TAP_REQUEST {"pick":"(2304.0, 1280.0)","picked":"@Sprite2D@1164:<Sprite2D#224663701620>","point":"(2304.0, 1280.0)","stand":"(18, 38)","target":"@Sprite2D@1164:<Sprite2D#224663701620>"}
TAP_QUEUED [] pending={  }
TAP_END {"actual":"(2436.511, 1213.745)","distance":148.151580810547,"locked":false,"pathing":false,"pending":"{  }","target":"(2304.0, 1280.0)"}
[PASS] actual tap approaches/interacts at (2304.0, 1280.0)
HARVEST_NORMAL_ARRIVAL {"before":1,"count":1,"elapsed":0.133333333333333,"item":"I6","state":{"active":{"committed":false,"generation":21,"kind":"rock","phase":"reserved","target_key":"/root/StartingGrove/YSortLayer:I6:(2304.0, 1280.0):224663701620","token":6},"counters":{"auto_cancels":0,"begun":6,"cancels":0,"commits":5,"contacts":5,"finishes":5,"rejected":0,"resets":20,"supersede_finishes":0},"generation":21,"last":{"kind":"rock","phase":"done","reason":"finished","reward_granted":true,"target_key":"/root/StartingGrove/YSortLayer:I6:(2496.0, 1248.0):221761243170","token":5},"version":1},"token":6}
[PASS] bounded contact action resolves I6
[PASS] normal action contact actually rewards I6
[PASS] actual object gather yields I6
[PASS] reachable source for I6
[PASS] interaction target exists
TAP_REQUEST {"pick":"(2432.0, 960.0)","picked":"@Sprite2D@1051:<Sprite2D#219580205048>","point":"(2432.0, 960.0)","stand":"(19, 30)","target":"@Sprite2D@1051:<Sprite2D#219580205048>"}
TAP_QUEUED [(2432.0, 1216.0), (2368.0, 1184.0), (2432.0, 1152.0), (2368.0, 1120.0), (2432.0, 1088.0), (2368.0, 1056.0), (2432.0, 1024.0), (2496.0, 992.0)] pending={ "kind": "object", "object": @Sprite2D@1051:<Sprite2D#219580205048> }
TAP_END {"actual":"(2490.868, 994.5846)","distance":68.2755813598633,"locked":false,"pathing":false,"pending":"{  }","target":"(2432.0, 960.0)"}
[PASS] actual tap approaches/interacts at (2432.0, 960.0)
HARVEST_NORMAL_ARRIVAL {"before":2,"count":2,"elapsed":0.116666666666667,"item":"I6","state":{"active":{"committed":false,"generation":24,"kind":"rock","phase":"reserved","target_key":"/root/StartingGrove/YSortLayer:I6:(2432.0, 960.0):219580205048","token":7},"counters":{"auto_cancels":0,"begun":7,"cancels":0,"commits":6,"contacts":6,"finishes":6,"rejected":0,"resets":23,"supersede_finishes":0},"generation":24,"last":{"kind":"rock","phase":"done","reason":"finished","reward_granted":true,"target_key":"/root/StartingGrove/YSortLayer:I6:(2304.0, 1280.0):224663701620","token":6},"version":1},"token":7}
[PASS] bounded contact action resolves I6
[PASS] normal action contact actually rewards I6
[PASS] actual object gather yields I6
[PASS] reachable source for I6
[PASS] interaction target exists
TAP_REQUEST {"pick":"(2368.0, 928.0)","picked":"@Sprite2D@1123:<Sprite2D#223287969867>","point":"(2368.0, 928.0)","stand":"(18, 29)","target":"@Sprite2D@1123:<Sprite2D#223287969867>"}
TAP_QUEUED [] pending={  }
TAP_END {"actual":"(2490.868, 994.5846)","distance":139.750106811523,"locked":false,"pathing":false,"pending":"{  }","target":"(2368.0, 928.0)"}
[PASS] actual tap approaches/interacts at (2368.0, 928.0)
HARVEST_NORMAL_ARRIVAL {"before":3,"count":3,"elapsed":0.0833333333333333,"item":"I6","state":{"active":{"committed":false,"generation":27,"kind":"rock","phase":"reserved","target_key":"/root/StartingGrove/YSortLayer:I6:(2368.0, 928.0):223287969867","token":8},"counters":{"auto_cancels":0,"begun":8,"cancels":0,"commits":7,"contacts":7,"finishes":7,"rejected":0,"resets":26,"supersede_finishes":0},"generation":27,"last":{"kind":"rock","phase":"done","reason":"finished","reward_granted":true,"target_key":"/root/StartingGrove/YSortLayer:I6:(2432.0, 960.0):219580205048","token":7},"version":1},"token":8}
[PASS] bounded contact action resolves I6
[PASS] normal action contact actually rewards I6
[PASS] actual object gather yields I6
[PASS] reachable source for I6
[PASS] interaction target exists
TAP_REQUEST {"pick":"(2944.0, 1216.0)","picked":"@Sprite2D@1060:<Sprite2D#220301625350>","point":"(2944.0, 1216.0)","stand":"(22, 36)","target":"@Sprite2D@1060:<Sprite2D#220301625350>"}
TAP_QUEUED [(2496.0, 992.0), (2560.0, 1024.0), (2624.0, 1056.0), (2688.0, 1088.0), (2752.0, 1120.0), (2816.0, 1152.0), (2880.0, 1184.0)] pending={ "kind": "object", "object": @Sprite2D@1060:<Sprite2D#220301625350> }
TAP_END {"actual":"(2877.415, 1182.707)","distance":74.4445190429688,"locked":false,"pathing":false,"pending":"{  }","target":"(2944.0, 1216.0)"}
[PASS] actual tap approaches/interacts at (2944.0, 1216.0)
HARVEST_NORMAL_ARRIVAL {"before":4,"count":4,"elapsed":0.05,"item":"I6","state":{"active":{"committed":false,"generation":30,"kind":"rock","phase":"reserved","target_key":"/root/StartingGrove/YSortLayer:I6:(2944.0, 1216.0):220301625350","token":9},"counters":{"auto_cancels":0,"begun":9,"cancels":0,"commits":8,"contacts":8,"finishes":8,"rejected":0,"resets":29,"supersede_finishes":0},"generation":30,"last":{"kind":"rock","phase":"done","reason":"finished","reward_granted":true,"target_key":"/root/StartingGrove/YSortLayer:I6:(2368.0, 928.0):223287969867","token":8},"version":1},"token":9}
[PASS] bounded contact action resolves I6
[PASS] normal action contact actually rewards I6
[PASS] actual object gather yields I6
[PASS] reachable source for I6
[PASS] interaction target exists
TAP_REQUEST {"pick":"(3328.0, 1216.0)","picked":"@Sprite2D@1152:<Sprite2D#224261048424>","point":"(3328.0, 1216.0)","stand":"(25, 36)","target":"@Sprite2D@1152:<Sprite2D#224261048424>"}
TAP_QUEUED [(2880.0, 1184.0), (2944.0, 1152.0), (3008.0, 1184.0), (3072.0, 1152.0), (3136.0, 1184.0), (3200.0, 1152.0), (3264.0, 1184.0)] pending={ "kind": "object", "object": @Sprite2D@1152:<Sprite2D#224261048424> }
TAP_END {"actual":"(3260.08, 1182.25)","distance":75.8426818847656,"locked":false,"pathing":false,"pending":"{  }","target":"(3328.0, 1216.0)"}
[PASS] actual tap approaches/interacts at (3328.0, 1216.0)
HARVEST_NORMAL_ARRIVAL {"before":5,"count":5,"elapsed":0.0833333333333333,"item":"I6","state":{"active":{"committed":false,"generation":33,"kind":"rock","phase":"reserved","target_key":"/root/StartingGrove/YSortLayer:I6:(3328.0, 1216.0):224261048424","token":10},"counters":{"auto_cancels":0,"begun":10,"cancels":0,"commits":9,"contacts":9,"finishes":9,"rejected":0,"resets":32,"supersede_finishes":0},"generation":33,"last":{"kind":"rock","phase":"done","reason":"finished","reward_granted":true,"target_key":"/root/StartingGrove/YSortLayer:I6:(2944.0, 1216.0):220301625350","token":9},"version":1},"token":10}
[PASS] bounded contact action resolves I6
[PASS] normal action contact actually rewards I6
[PASS] actual object gather yields I6
[PASS] reachable source for I8
[PASS] interaction target exists
TAP_REQUEST {"pick":"(3264.0, 1184.0)","picked":"@Sprite2D@1096:<Sprite2D#222382000176>","point":"(3264.0, 1184.0)","stand":"(25, 37)","target":"@Sprite2D@1096:<Sprite2D#222382000176>"}
TAP_QUEUED [] pending={  }
TAP_END {"actual":"(3260.08, 1182.25)","distance":4.292396068573,"locked":false,"pathing":false,"pending":"{  }","target":"(3264.0, 1184.0)"}
[PASS] actual tap approaches/interacts at (3264.0, 1184.0)
HARVEST_NORMAL_ARRIVAL {"before":0,"count":0,"elapsed":0.0666666666666667,"item":"I8","state":{"active":{"committed":false,"generation":36,"kind":"rock","phase":"reserved","target_key":"/root/StartingGrove/YSortLayer:I8:(3264.0, 1184.0):222382000176","token":11},"counters":{"auto_cancels":0,"begun":11,"cancels":0,"commits":10,"contacts":10,"finishes":10,"rejected":0,"resets":35,"supersede_finishes":0},"generation":36,"last":{"kind":"rock","phase":"done","reason":"finished","reward_granted":true,"target_key":"/root/StartingGrove/YSortLayer:I6:(3328.0, 1216.0):224261048424","token":10},"version":1},"token":11}
[PASS] bounded contact action resolves I8
[PASS] normal action contact actually rewards I8
[PASS] actual object gather yields I8
[PASS] reachable source for I8
[PASS] interaction target exists
TAP_REQUEST {"pick":"(3520.0, 1184.0)","picked":"@Sprite2D@1128:<Sprite2D#223455742032>","point":"(3520.0, 1184.0)","stand":"(26, 35)","target":"@Sprite2D@1128:<Sprite2D#223455742032>"}
TAP_QUEUED [(3264.0, 1184.0), (3328.0, 1152.0), (3392.0, 1184.0), (3456.0, 1152.0)] pending={ "kind": "object", "object": @Sprite2D@1128:<Sprite2D#223455742032> }
TAP_END {"actual":"(3451.955, 1153.797)","distance":74.4471130371094,"locked":false,"pathing":false,"pending":"{  }","target":"(3520.0, 1184.0)"}
[PASS] actual tap approaches/interacts at (3520.0, 1184.0)
HARVEST_NORMAL_ARRIVAL {"before":1,"count":1,"elapsed":0.0833333333333333,"item":"I8","state":{"active":{"committed":false,"generation":39,"kind":"rock","phase":"reserved","target_key":"/root/StartingGrove/YSortLayer:I8:(3520.0, 1184.0):223455742032","token":12},"counters":{"auto_cancels":0,"begun":12,"cancels":0,"commits":11,"contacts":11,"finishes":11,"rejected":0,"resets":38,"supersede_finishes":0},"generation":39,"last":{"kind":"rock","phase":"done","reason":"finished","reward_granted":true,"target_key":"/root/StartingGrove/YSortLayer:I8:(3264.0, 1184.0):222382000176","token":11},"version":1},"token":12}
[PASS] bounded contact action resolves I8
[PASS] normal action contact actually rewards I8
[PASS] actual object gather yields I8
[PASS] reachable source for I8
[PASS] interaction target exists
TAP_REQUEST {"pick":"(3456.0, 1024.0)","picked":"@Sprite2D@1055:<Sprite2D#219714422780>","point":"(3456.0, 1024.0)","stand":"(27, 32)","target":"@Sprite2D@1055:<Sprite2D#219714422780>"}
TAP_QUEUED [] pending={  }
TAP_END {"actual":"(3451.955, 1153.797)","distance":129.859893798828,"locked":false,"pathing":false,"pending":"{  }","target":"(3456.0, 1024.0)"}
[PASS] actual tap approaches/interacts at (3456.0, 1024.0)
HARVEST_NORMAL_ARRIVAL {"before":2,"count":2,"elapsed":0.05,"item":"I8","state":{"active":{"committed":false,"generation":42,"kind":"rock","phase":"reserved","target_key":"/root/StartingGrove/YSortLayer:I8:(3456.0, 1024.0):219714422780","token":13},"counters":{"auto_cancels":0,"begun":13,"cancels":0,"commits":12,"contacts":12,"finishes":12,"rejected":0,"resets":41,"supersede_finishes":0},"generation":42,"last":{"kind":"rock","phase":"done","reason":"finished","reward_granted":true,"target_key":"/root/StartingGrove/YSortLayer:I8:(3520.0, 1184.0):223455742032","token":12},"version":1},"token":13}
[PASS] bounded contact action resolves I8
[PASS] normal action contact actually rewards I8
[PASS] actual object gather yields I8
[PASS] reachable tile for I1
[PASS] path accepted (20, 31)
[PASS] actual walk arrives (20, 31) actual=(2692.839, 1021.948)
INPUT_PROBE {"has_hover":true,"hover_cell":"(20, 30)","hover_object":"<null>","lock":false,"mouse":"(730.0, 420.0)","player_cell":"(20, 31)","screen":"(730.1116, 420.2744)","target_cell":"(19, 32)","target_object":"<null>","wanted":"(20, 30)"}
[PASS] actual local keyboard tile gather I1(20, 30)
[PASS] reachable tile for I1
[PASS] path accepted (19, 32)
[PASS] actual walk arrives (19, 32) actual=(2499.291, 1057.498)
INPUT_PROBE {"has_hover":true,"hover_cell":"(18, 31)","hover_object":"<null>","lock":false,"mouse":"(730.0, 416.0)","player_cell":"(19, 32)","screen":"(731.1836, 416.228)","target_cell":"(18, 31)","target_object":"<null>","wanted":"(18, 31)"}
[PASS] actual local keyboard tile gather I1(18, 31)
[PASS] reachable tile for I1
[PASS] path accepted (19, 32)
[PASS] actual walk arrives (19, 32) actual=(2499.291, 1057.498)
INPUT_PROBE {"has_hover":true,"hover_cell":"(19, 31)","hover_object":"<null>","lock":false,"mouse":"(860.0, 416.0)","player_cell":"(19, 32)","screen":"(860.7017, 416.5005)","target_cell":"(18, 31)","target_object":"<null>","wanted":"(19, 31)"}
[PASS] actual local keyboard tile gather I1(19, 31)
[PASS] reachable tile for I1
[PASS] path accepted (18, 31)
[PASS] actual walk arrives (18, 31) actual=(2436.626, 1026.303)
INPUT_PROBE {"has_hover":true,"hover_cell":"(18, 30)","hover_object":"<null>","lock":false,"mouse":"(730.0, 414.0)","player_cell":"(18, 31)","screen":"(730.4702, 415.2473)","target_cell":"(17, 30)","target_object":"<null>","wanted":"(18, 30)"}
[PASS] actual local keyboard tile gather I1(18, 30)
[PASS] reachable tile for I1
[PASS] path accepted (18, 32)
[PASS] actual walk arrives (18, 32) actual=(2372.382, 1054.104)
INPUT_PROBE {"has_hover":true,"hover_cell":"(17, 31)","hover_object":"<null>","lock":false,"mouse":"(730.0, 420.0)","player_cell":"(18, 32)","screen":"(730.9771, 420.1729)","target_cell":"(17, 33)","target_object":"<null>","wanted":"(17, 31)"}
[PASS] actual local keyboard tile gather I1(17, 31)
[PASS] reachable tile for I7
[PASS] path accepted (15, 27)
[PASS] actual walk arrives (15, 27) actual=(2053.301, 898.6504)
INPUT_PROBE {"has_hover":true,"hover_cell":"(15, 26)","hover_object":"<null>","lock":false,"mouse":"(728.0, 414.0)","player_cell":"(15, 27)","screen":"(729.9399, 414.9701)","target_cell":"(14, 26)","target_object":"<null>","wanted":"(15, 26)"}
[PASS] actual local keyboard tile gather I7(15, 26)
[PASS] reachable tile for I7
[PASS] path accepted (15, 26)
[PASS] actual walk arrives (15, 26) actual=(1990.69, 867.3452)
INPUT_PROBE {"has_hover":true,"hover_cell":"(14, 25)","hover_object":"<null>","lock":false,"mouse":"(728.0, 414.0)","player_cell":"(15, 26)","screen":"(728.3657, 414.1829)","target_cell":"(14, 25)","target_object":"<null>","wanted":"(14, 25)"}
[PASS] actual local keyboard tile gather I7(14, 25)
[PASS] gathering naturally advances Q1
[PASS] interaction target exists
TAP_REQUEST {"pick":"(2176.0, 1152.0)","picked":"@Sprite2D@1058:<Sprite2D#220016412673>","point":"(2176.0, 1152.0)","stand":"(16, 34)","target":"@Sprite2D@1058:<Sprite2D#220016412673>"}
TAP_QUEUED [(1984.0, 864.0), (2048.0, 896.0), (1984.0, 928.0), (2048.0, 960.0), (1984.0, 992.0), (2048.0, 1024.0), (1984.0, 1056.0), (2048.0, 1088.0), (2112.0, 1120.0)] pending={ "kind": "object", "object": @Sprite2D@1058:<Sprite2D#220016412673> }
TAP_END {"actual":"(2106.806, 1117.385)","distance":77.3691558837891,"locked":true,"pathing":false,"pending":"{  }","target":"(2176.0, 1152.0)"}
[PASS] actual tap approaches/interacts at (2176.0, 1152.0)
[PASS] reachable cauldron opens actual Fusion UI
[PASS] Fusion modal open for D09
[PASS] Fusion UI consumes gathered materials: I2+I2->D09
[PASS] Fusion modal open for D10
ERROR: Lambda capture at index 0 was freed. Passed "null" instead.
   at: call (modules/gdscript/gdscript_lambda_callable.cpp:110)
[PASS] Fusion UI consumes gathered materials: D09+I4->D10
[PASS] Fusion modal open for D61
ERROR: Lambda capture at index 0 was freed. Passed "null" instead.
   at: call (modules/gdscript/gdscript_lambda_callable.cpp:110)
ERROR: Lambda capture at index 0 was freed. Passed "null" instead.
   at: call (modules/gdscript/gdscript_lambda_callable.cpp:110)
[PASS] Fusion UI consumes gathered materials: I6+I8->D61
[PASS] Fusion modal open for D52
ERROR: Lambda capture at index 0 was freed. Passed "null" instead.
   at: call (modules/gdscript/gdscript_lambda_callable.cpp:110)
ERROR: Lambda capture at index 0 was freed. Passed "null" instead.
   at: call (modules/gdscript/gdscript_lambda_callable.cpp:110)
[PASS] Fusion UI consumes gathered materials: I1+I6->D52
[PASS] Fusion modal open for D14
ERROR: Lambda capture at index 0 was freed. Passed "null" instead.
   at: call (modules/gdscript/gdscript_lambda_callable.cpp:110)
ERROR: Lambda capture at index 0 was freed. Passed "null" instead.
   at: call (modules/gdscript/gdscript_lambda_callable.cpp:110)
[PASS] Fusion UI consumes gathered materials: D61+D52->D14
[PASS] Fusion modal open for D61
ERROR: Lambda capture at index 0 was freed. Passed "null" instead.
   at: call (modules/gdscript/gdscript_lambda_callable.cpp:110)
ERROR: Lambda capture at index 0 was freed. Passed "null" instead.
   at: call (modules/gdscript/gdscript_lambda_callable.cpp:110)
[PASS] Fusion UI consumes gathered materials: I6+I8->D61
[PASS] Fusion modal open for D52
ERROR: Lambda capture at index 0 was freed. Passed "null" instead.
   at: call (modules/gdscript/gdscript_lambda_callable.cpp:110)
ERROR: Lambda capture at index 0 was freed. Passed "null" instead.
   at: call (modules/gdscript/gdscript_lambda_callable.cpp:110)
[PASS] Fusion UI consumes gathered materials: I1+I6->D52
[PASS] Fusion modal open for D14
ERROR: Lambda capture at index 0 was freed. Passed "null" instead.
   at: call (modules/gdscript/gdscript_lambda_callable.cpp:110)
ERROR: Lambda capture at index 0 was freed. Passed "null" instead.
   at: call (modules/gdscript/gdscript_lambda_callable.cpp:110)
[PASS] Fusion UI consumes gathered materials: D61+D52->D14
[PASS] Fusion modal open for D61
ERROR: Lambda capture at index 0 was freed. Passed "null" instead.
   at: call (modules/gdscript/gdscript_lambda_callable.cpp:110)
ERROR: Lambda capture at index 0 was freed. Passed "null" instead.
   at: call (modules/gdscript/gdscript_lambda_callable.cpp:110)
[PASS] Fusion UI consumes gathered materials: I6+I8->D61
[PASS] Fusion modal open for D52
ERROR: Lambda capture at index 0 was freed. Passed "null" instead.
   at: call (modules/gdscript/gdscript_lambda_callable.cpp:110)
ERROR: Lambda capture at index 0 was freed. Passed "null" instead.
   at: call (modules/gdscript/gdscript_lambda_callable.cpp:110)
[PASS] Fusion UI consumes gathered materials: I1+I6->D52
[PASS] Fusion modal open for D14
ERROR: Lambda capture at index 0 was freed. Passed "null" instead.
   at: call (modules/gdscript/gdscript_lambda_callable.cpp:110)
ERROR: Lambda capture at index 0 was freed. Passed "null" instead.
   at: call (modules/gdscript/gdscript_lambda_callable.cpp:110)
[PASS] Fusion UI consumes gathered materials: D61+D52->D14
[PASS] Fusion modal open for D04
ERROR: Lambda capture at index 0 was freed. Passed "null" instead.
   at: call (modules/gdscript/gdscript_lambda_callable.cpp:110)
ERROR: Lambda capture at index 0 was freed. Passed "null" instead.
   at: call (modules/gdscript/gdscript_lambda_callable.cpp:110)
[PASS] Fusion UI consumes gathered materials: I1+I4->D04
[PASS] real Fusion UI transactions advance Q2
[PASS] path accepted (23, 35)
ERROR: Lambda capture at index 0 was freed. Passed "null" instead.
   at: call (modules/gdscript/gdscript_lambda_callable.cpp:110)
[PASS] actual walk arrives (23, 35) actual=(3068.914, 1150.576)
INPUT_PROBE {"has_hover":true,"hover_cell":"(23, 35)","hover_object":"<null>","lock":false,"mouse":"(804.0, 520.0)","player_cell":"(23, 35)","screen":"(804.4243, 520.0)","target_cell":"(23, 35)","target_object":"<null>","wanted":"(23, 35)"}
[PASS] gathered/crafted nest placement triggers episode
L1_CAPTURE phase=normal_materials_nest_response path=[WORLD]/evidence/17-map1-final-cleanup/normal-final-legacy/02-nest-response.png state={"camera_limits":[-156,-220,5340,1532],"camera_position":[3068.914,1150.576],"camera_zoom":[1.0,1.0],"candidate_provenance":"l1-v2 only when explicitly selected before new-run Home; production default remains l1-v1. v2 diagonal ascent amendment is engineering layout, not authored-art approval.","canvas_modulate":"f8f3e3ff","capture_kind":"normal_root_automated_progression_no_inventory_or_clear_injection","control_locked":false,"day_phase":"day","dialogue_automation":"Important modal beats read using fresh ui_accept and native touch; close/reveal via real input, no direct seen flags. Resizes disclosed separately.","focus_automation":"Observed OS focus losses only permit at most 3 explicit new public movement requests per walk; no private path restoration or disabled cancellation. Logged separately.","foundation_entry":"production starting_grove -> representative_grove -> preserved legacy_grove","game_time":51.6042449999999,"image_size":[1600,900],"layout_revision":"l1-v1","map_dimensions":[40,40],"night_gate_bindings":[{"body_layer":1,"cell":"(19, 7)","node":"/root/StartingGrove/YSortLayer/@Node2D@1008","offset":"(0.0, -60.0)","open":false,"root":"(2560.0, 256.0)","scale":"(1.0, 1.0)","screen_rect":"[P: (227.6067, -500.0), S: (128.0, 128.0)]","shape_disabled":false,"texture":"res://assets/objects/night_bud_closed.png"},{"body_layer":1,"cell":"(20, 7)","node":"/root/StartingGrove/YSortLayer/@Node2D@1009","offset":"(0.0, -60.0)","open":false,"root":"(2688.0, 256.0)","scale":"(1.0, 1.0)","screen_rect":"[P: (355.6067, -500.0), S: (128.0, 128.0)]","shape_disabled":false,"texture":"res://assets/objects/night_bud_closed.png"}],"object_spawn_count":165,"path":"[WORLD]/evidence/17-map1-final-cleanup/normal-final-legacy/02-nest-response.png","pending_load":false,"phase":"normal_materials_nest_response","player_position":[3068.914,1150.576],"portal_states":{"divinity":"dormant","machine":"dormant","magic":"dormant","nature":"flickering","return":"open","science":"dormant"},"quest":"Q3","return_portal_count":1,"save_error":0,"save_present":true,"scene":"StartingGrove","spawn_cell":[12,32],"story_state":{"WH-L1H-01":{"active_item_id":"D10","active_outcome":"nest","cairn_seen":{},"home_line_seen":false,"outcomes_seen":{"nest":true},"perch_inspected":false,"record_unlocked":false,"revision":1}},"test_state_injection":"Only Opening real skip handler called directly. No teleports, ingredient/recipe injection, quest/clear signals or time edits. Real TouchController movement/tap, keyboard gather/place; Fusion UI callbacks after physical cauldron arrival. Automated input, not human/manual QA.","tile_count":1600,"world_context":{"arrival_mode":"portal_arrival","current_scene":"grove","travel_layer":"nature"}}
[PASS] path accepted (16, 27)
[PASS] actual walk arrives (16, 27) actual=(2180.037, 897.7936)
INPUT_PROBE {"has_hover":true,"hover_cell":"(16, 26)","hover_object":"<null>","lock":false,"mouse":"(730.0, 414.0)","player_cell":"(16, 27)","screen":"(730.5601, 415.8389)","target_cell":"(16, 26)","target_object":"<null>","wanted":"(16, 26)"}
[PASS] crafted G1 stone placed from actual approach (16, 26)
[PASS] path accepted (16, 26)
[PASS] actual walk arrives (16, 26) actual=(2117.344, 866.6544)
INPUT_PROBE {"has_hover":true,"hover_cell":"(16, 25)","hover_object":"<null>","lock":false,"mouse":"(856.0, 414.0)","player_cell":"(16, 26)","screen":"(857.8918, 414.9665)","target_cell":"(16, 25)","target_object":"<null>","wanted":"(16, 25)"}
[PASS] crafted G1 stone placed from actual approach (16, 25)
[PASS] path accepted (16, 25)
[PASS] actual walk arrives (16, 25) actual=(2173.307, 833.5911)
INPUT_PROBE {"has_hover":true,"hover_cell":"(16, 24)","hover_object":"<null>","lock":false,"mouse":"(738.0, 414.0)","player_cell":"(16, 25)","screen":"(739.4194, 415.9778)","target_cell":"(16, 24)","target_object":"<null>","wanted":"(16, 24)"}
[PASS] crafted G1 stone placed from actual approach (16, 24)
[PASS] three real G1 placements advance Q3
[PASS] path accepted (19, 20)
[PASS] actual walk arrives (19, 20) actual=(2488.907, 675.5456)
INPUT_PROBE {"has_hover":false,"hover_cell":"(18, 20)","hover_object":"L1StoryCairn:<Sprite2D#310311393146>","lock":false,"mouse":"(808.0, 324.0)","player_cell":"(19, 20)","screen":"(808.3679, 325.84)","target_cell":"(19, 21)","target_object":"L1StoryCairn:<Sprite2D#310311393146>","wanted":"(19, 16)"}
CONTROL_TRANSITION true at=73152
L1_CAPTURE phase=normal_dialogue_돌무더기 path=[WORLD]/evidence/17-map1-final-cleanup/normal-final-legacy/dialogue-01.png state={"camera_limits":[-156,-220,5340,1532],"camera_position":[2488.907,675.546],"camera_zoom":[1.0,1.0],"candidate_provenance":"l1-v2 only when explicitly selected before new-run Home; production default remains l1-v1. v2 diagonal ascent amendment is engineering layout, not authored-art approval.","canvas_modulate":"f8f3e3ff","capture_kind":"normal_root_automated_progression_no_inventory_or_clear_injection","control_locked":true,"day_phase":"day","dialogue_automation":"Important modal beats read using fresh ui_accept and native touch; close/reveal via real input, no direct seen flags. Resizes disclosed separately.","focus_automation":"Observed OS focus losses only permit at most 3 explicit new public movement requests per walk; no private path restoration or disabled cancellation. Logged separately.","foundation_entry":"production starting_grove -> representative_grove -> preserved legacy_grove","game_time":60.4570493333333,"image_size":[1600,900],"layout_revision":"l1-v1","map_dimensions":[40,40],"night_gate_bindings":[{"body_layer":1,"cell":"(19, 7)","node":"/root/StartingGrove/YSortLayer/@Node2D@1008","offset":"(0.0, -60.0)","open":false,"root":"(2560.0, 256.0)","scale":"(1.0, 1.0)","screen_rect":"[P: (807.1882, -93.5918), S: (128.0, 128.0)]","shape_disabled":false,"texture":"res://assets/objects/night_bud_closed.png"},{"body_layer":1,"cell":"(20, 7)","node":"/root/StartingGrove/YSortLayer/@Node2D@1009","offset":"(0.0, -60.0)","open":false,"root":"(2688.0, 256.0)","scale":"(1.0, 1.0)","screen_rect":"[P: (935.1882, -93.5918), S: (128.0, 128.0)]","shape_disabled":false,"texture":"res://assets/objects/night_bud_closed.png"}],"object_spawn_count":165,"path":"[WORLD]/evidence/17-map1-final-cleanup/normal-final-legacy/dialogue-01.png","pending_load":false,"phase":"normal_dialogue_돌무더기","player_position":[2488.907,675.546],"portal_states":{"divinity":"dormant","machine":"dormant","magic":"dormant","nature":"flickering","return":"open","science":"dormant"},"quest":"Q4","return_portal_count":1,"save_error":0,"save_present":true,"scene":"StartingGrove","spawn_cell":[12,32],"story_state":{"WH-L1H-01":{"active_item_id":"D10","active_outcome":"nest","cairn_seen":{},"home_line_seen":false,"outcomes_seen":{"nest":true},"perch_inspected":false,"record_unlocked":false,"revision":1}},"test_state_injection":"Only Opening real skip handler called directly. No teleports, ingredient/recipe injection, quest/clear signals or time edits. Real TouchController movement/tap, keyboard gather/place; Fusion UI callbacks after physical cauldron arrival. Automated input, not human/manual QA.","tile_count":1600,"world_context":{"arrival_mode":"portal_arrival","current_scene":"grove","travel_layer":"nature"}}
[PASS] normal-root simulated dialogue pixels (640, 480)
[PASS] normal-root simulated dialogue pixels (390, 844)
[PASS] normal-root simulated dialogue pixels (844, 390)
CONTROL_TRANSITION false at=74677
[PASS] normal dialogue completed using fresh keyboard/touch input
[PASS] normal G1 crossing and ramp climb reaches cairn inspection
L1_CAPTURE phase=normal_gather_craft_G1_cairn path=[WORLD]/evidence/17-map1-final-cleanup/normal-final-legacy/03-cairn-normal.png state={"camera_limits":[-156,-220,5340,1532],"camera_position":[2488.907,675.546],"camera_zoom":[1.0,1.0],"candidate_provenance":"l1-v2 only when explicitly selected before new-run Home; production default remains l1-v1. v2 diagonal ascent amendment is engineering layout, not authored-art approval.","canvas_modulate":"f8f3e3ff","capture_kind":"normal_root_automated_progression_no_inventory_or_clear_injection","control_locked":false,"day_phase":"day","dialogue_automation":"Important modal beats read using fresh ui_accept and native touch; close/reveal via real input, no direct seen flags. Resizes disclosed separately.","focus_automation":"Observed OS focus losses only permit at most 3 explicit new public movement requests per walk; no private path restoration or disabled cancellation. Logged separately.","foundation_entry":"production starting_grove -> representative_grove -> preserved legacy_grove","game_time":60.6187759999999,"image_size":[1600,900],"layout_revision":"l1-v1","map_dimensions":[40,40],"night_gate_bindings":[{"body_layer":1,"cell":"(19, 7)","node":"/root/StartingGrove/YSortLayer/@Node2D@1008","offset":"(0.0, -60.0)","open":false,"root":"(2560.0, 256.0)","scale":"(1.0, 1.0)","screen_rect":"[P: (807.0928, -93.54565), S: (128.0, 128.0)]","shape_disabled":false,"texture":"res://assets/objects/night_bud_closed.png"},{"body_layer":1,"cell":"(20, 7)","node":"/root/StartingGrove/YSortLayer/@Node2D@1009","offset":"(0.0, -60.0)","open":false,"root":"(2688.0, 256.0)","scale":"(1.0, 1.0)","screen_rect":"[P: (935.0928, -93.54565), S: (128.0, 128.0)]","shape_disabled":false,"texture":"res://assets/objects/night_bud_closed.png"}],"object_spawn_count":165,"path":"[WORLD]/evidence/17-map1-final-cleanup/normal-final-legacy/03-cairn-normal.png","pending_load":false,"phase":"normal_gather_craft_G1_cairn","player_position":[2488.907,675.546],"portal_states":{"divinity":"dormant","machine":"dormant","magic":"dormant","nature":"flickering","return":"open","science":"dormant"},"quest":"Q4","return_portal_count":1,"save_error":0,"save_present":true,"scene":"StartingGrove","spawn_cell":[12,32],"story_state":{"WH-L1H-01":{"active_item_id":"D10","active_outcome":"nest","cairn_seen":{"nest":true},"home_line_seen":false,"outcomes_seen":{"nest":true},"perch_inspected":false,"record_unlocked":false,"revision":1}},"test_state_injection":"Only Opening real skip handler called directly. No teleports, ingredient/recipe injection, quest/clear signals or time edits. Real TouchController movement/tap, keyboard gather/place; Fusion UI callbacks after physical cauldron arrival. Automated input, not human/manual QA.","tile_count":1600,"world_context":{"arrival_mode":"portal_arrival","current_scene":"grove","travel_layer":"nature"}}
[PASS] interaction target exists
TAP_REQUEST {"pick":"(2624.0, 704.0)","picked":"@Sprite2D@1048:<Sprite2D#219479541749>","point":"(2624.0, 736.0)","stand":"(19, 21)","target":"@Sprite2D@1048:<Sprite2D#219479541749>"}
TAP_QUEUED [] pending={  }
TAP_END {"actual":"(2488.907, 675.5456)","distance":148.002456665039,"locked":false,"pathing":false,"pending":"{  }","target":"(2624.0, 736.0)"}
[PASS] actual tap approaches/interacts at (2624.0, 736.0)
HARVEST_NORMAL_ARRIVAL {"before":0,"count":1,"elapsed":0.166666666666667,"item":"I4","state":{"active":null,"counters":{"auto_cancels":0,"begun":14,"cancels":0,"commits":14,"contacts":14,"finishes":14,"rejected":0,"resets":53,"supersede_finishes":0},"generation":54,"last":{"kind":"wood","phase":"done","reason":"finished","reward_granted":true,"target_key":"/root/StartingGrove/YSortLayer:I4:(2624.0, 736.0):219479541749","token":14},"version":1},"token":0}
[PASS] bounded contact action resolves I4
[PASS] normal action contact actually rewards I4
[PASS] real terrace tree harvest opens G2 approach
[PASS] interaction target exists
TAP_REQUEST {"pick":"(2368.0, 544.0)","picked":"@Sprite2D@1032:<Sprite2D#218590349283>","point":"(2368.0, 544.0)","stand":"(18, 17)","target":"@Sprite2D@1032:<Sprite2D#218590349283>"}
TAP_QUEUED [(2496.0, 672.0), (2560.0, 704.0), (2496.0, 736.0), (2560.0, 768.0), (2624.0, 736.0), (2688.0, 768.0), (2752.0, 736.0), (2816.0, 768.0), (2880.0, 736.0), (2944.0, 768.0), (3008.0, 736.0), (3072.0, 704.0), (3008.0, 672.0), (3072.0, 640.0), (3008.0, 608.0), (2944.0, 576.0), (2880.0, 608.0), (2816.0, 576.0), (2752.0, 608.0), (2688.0, 576.0), (2624.0, 608.0), (2560.0, 576.0), (2496.0, 608.0), (2432.0, 576.0)] pending={ "kind": "object", "object": @Sprite2D@1032:<Sprite2D#218590349283> }
TAP_END {"actual":"(2436.156, 577.8383)","distance":76.0938415527344,"locked":false,"pathing":false,"pending":"{  }","target":"(2368.0, 544.0)"}
[PASS] actual tap approaches/interacts at (2368.0, 544.0)
[PASS] actual water use opens G2 and advances Q4
L1_CAPTURE phase=normal_water_use_G2 path=[WORLD]/evidence/17-map1-final-cleanup/normal-final-legacy/04-g2-bloomed.png state={"camera_limits":[-156,-220,5340,1532],"camera_position":[2436.156,577.838],"camera_zoom":[1.0,1.0],"candidate_provenance":"l1-v2 only when explicitly selected before new-run Home; production default remains l1-v1. v2 diagonal ascent amendment is engineering layout, not authored-art approval.","canvas_modulate":"f8f2e2ff","capture_kind":"normal_root_automated_progression_no_inventory_or_clear_injection","control_locked":false,"day_phase":"day","dialogue_automation":"Important modal beats read using fresh ui_accept and native touch; close/reveal via real input, no direct seen flags. Resizes disclosed separately.","focus_automation":"Observed OS focus losses only permit at most 3 explicit new public movement requests per walk; no private path restoration or disabled cancellation. Logged separately.","foundation_entry":"production starting_grove -> representative_grove -> preserved legacy_grove","game_time":66.2087593333332,"image_size":[1600,900],"layout_revision":"l1-v1","map_dimensions":[40,40],"night_gate_bindings":[{"body_layer":1,"cell":"(19, 7)","node":"/root/StartingGrove/YSortLayer/@Node2D@1008","offset":"(0.0, -60.0)","open":false,"root":"(2560.0, 256.0)","scale":"(1.0, 1.0)","screen_rect":"[P: (835.5842, -1.912903), S: (128.0, 128.0)]","shape_disabled":false,"texture":"res://assets/objects/night_bud_closed.png"},{"body_layer":1,"cell":"(20, 7)","node":"/root/StartingGrove/YSortLayer/@Node2D@1009","offset":"(0.0, -60.0)","open":false,"root":"(2688.0, 256.0)","scale":"(1.0, 1.0)","screen_rect":"[P: (963.5842, -1.912903), S: (128.0, 128.0)]","shape_disabled":false,"texture":"res://assets/objects/night_bud_closed.png"}],"object_spawn_count":165,"path":"[WORLD]/evidence/17-map1-final-cleanup/normal-final-legacy/04-g2-bloomed.png","pending_load":false,"phase":"normal_water_use_G2","player_position":[2436.156,577.838],"portal_states":{"divinity":"dormant","machine":"dormant","magic":"dormant","nature":"flickering","return":"open","science":"dormant"},"quest":"Q5","return_portal_count":1,"save_error":0,"save_present":true,"scene":"StartingGrove","spawn_cell":[12,32],"story_state":{"WH-L1H-01":{"active_item_id":"D10","active_outcome":"nest","cairn_seen":{"nest":true},"home_line_seen":false,"outcomes_seen":{"nest":true},"perch_inspected":false,"record_unlocked":false,"revision":1}},"test_state_injection":"Only Opening real skip handler called directly. No teleports, ingredient/recipe injection, quest/clear signals or time edits. Real TouchController movement/tap, keyboard gather/place; Fusion UI callbacks after physical cauldron arrival. Automated input, not human/manual QA.","tile_count":1600,"world_context":{"arrival_mode":"portal_arrival","current_scene":"grove","travel_layer":"nature"}}
[PASS] interaction target exists
TAP_REQUEST {"pick":"(1664.0, 1088.0)","picked":"@Sprite2D@1056:<Sprite2D#219747977213>","point":"(1664.0, 1088.0)","stand":"(13, 32)","target":"@Sprite2D@1056:<Sprite2D#219747977213>"}
TAP_QUEUED [(2432.0, 576.0), (2496.0, 608.0), (2560.0, 576.0), (2624.0, 608.0), (2688.0, 576.0), (2752.0, 608.0), (2816.0, 576.0), (2880.0, 608.0), (2944.0, 576.0), (3008.0, 608.0), (3072.0, 640.0), (3008.0, 672.0), (3072.0, 704.0), (3008.0, 736.0), (2944.0, 768.0), (2880.0, 736.0), (2816.0, 768.0), (2752.0, 736.0), (2688.0, 768.0), (2624.0, 736.0), (2560.0, 768.0), (2496.0, 736.0), (2432.0, 768.0), (2368.0, 736.0), (2304.0, 768.0), (2240.0, 736.0), (2176.0, 768.0), (2112.0, 800.0), (2176.0, 832.0), (2112.0, 864.0), (2048.0, 896.0), (1984.0, 928.0), (1920.0, 960.0), (1856.0, 992.0), (1792.0, 1024.0), (1728.0, 1056.0)] pending={ "kind": "object", "object": @Sprite2D@1056:<Sprite2D#219747977213> }
TAP_END {"actual":"(1732.511, 1053.745)","distance":76.5973968505859,"locked":false,"pathing":false,"pending":"{  }","target":"(1664.0, 1088.0)"}
[PASS] actual tap approaches/interacts at (1664.0, 1088.0)
[PASS] rest and natural night transition advance Q5
WORLD_TREE_APPROACH (19, 5) root=(2496.0, 128.0)
[PASS] path accepted (19, 5)
CONTROL_TRANSITION true at=221467
CONTROL_TRANSITION false at=230004
NORMAL_INPUT_REISSUE_AFTER_CUTSCENE (19, 5)
[PASS] actual walk arrives (19, 5) actual=(2556.852, 193.8147)
[PASS] actual night passage and world-tree approach advance Q6
[PASS] interaction target exists
TAP_REQUEST {"pick":"(2496.0, 128.0)","picked":"@Sprite2D@999:<Sprite2D#215654336442>","point":"(2496.0, 128.0)","stand":"(19, 4)","target":"@Sprite2D@999:<Sprite2D#215654336442>"}
TAP_QUEUED [] pending={  }
TAP_END {"actual":"(2556.852, 193.8147)","distance":89.6354446411133,"locked":false,"pathing":false,"pending":"{  }","target":"(2496.0, 128.0)"}
[PASS] actual tap approaches/interacts at (2496.0, 128.0)
HARVEST_NORMAL_ARRIVAL {"before":0,"count":0,"elapsed":0.0833333333333333,"item":"I9","state":{"active":{"committed":false,"generation":63,"kind":"flora","phase":"reserved","target_key":"/root/StartingGrove/YSortLayer:I9:(2496.0, 128.0):215654336442","token":15},"counters":{"auto_cancels":0,"begun":15,"cancels":0,"commits":14,"contacts":14,"finishes":14,"rejected":0,"resets":62,"supersede_finishes":0},"generation":63,"last":{"kind":"wood","phase":"done","reason":"finished","reward_granted":true,"target_key":"/root/StartingGrove/YSortLayer:I4:(2624.0, 736.0):219479541749","token":14},"version":1},"token":15}
[PASS] bounded contact action resolves I9
[PASS] normal action contact actually rewards I9
[PASS] real unique world-tree gather advances Q7
L1_CAPTURE phase=normal_G3_I9_gather path=[WORLD]/evidence/17-map1-final-cleanup/normal-final-legacy/05-world-tree-gathered.png state={"camera_limits":[-156,-220,5340,1532],"camera_position":[2556.852,193.815],"camera_zoom":[1.0,1.0],"candidate_provenance":"l1-v2 only when explicitly selected before new-run Home; production default remains l1-v1. v2 diagonal ascent amendment is engineering layout, not authored-art approval.","canvas_modulate":"60438fff","capture_kind":"normal_root_automated_progression_no_inventory_or_clear_injection","control_locked":false,"day_phase":"night","dialogue_automation":"Important modal beats read using fresh ui_accept and native touch; close/reveal via real input, no direct seen flags. Resizes disclosed separately.","focus_automation":"Observed OS focus losses only permit at most 3 explicit new public movement requests per walk; no private path restoration or disabled cancellation. Logged separately.","foundation_entry":"production starting_grove -> representative_grove -> preserved legacy_grove","game_time":680.298975999963,"image_size":[1600,900],"layout_revision":"l1-v1","map_dimensions":[40,40],"night_gate_bindings":[{"body_layer":1,"cell":"(19, 7)","node":"/root/StartingGrove/YSortLayer/@Node2D@1008","offset":"(0.0, -60.0)","open":true,"root":"(2560.0, 256.0)","scale":"(1.0, 1.0)","screen_rect":"[P: (751.8728, 352.0), S: (128.0, 128.0)]","shape_disabled":true,"texture":"res://assets/objects/night_bud_open.png"},{"body_layer":1,"cell":"(20, 7)","node":"/root/StartingGrove/YSortLayer/@Node2D@1009","offset":"(0.0, -60.0)","open":true,"root":"(2688.0, 256.0)","scale":"(1.0, 1.0)","screen_rect":"[P: (879.8728, 352.0), S: (128.0, 128.0)]","shape_disabled":true,"texture":"res://assets/objects/night_bud_open.png"}],"object_spawn_count":165,"path":"[WORLD]/evidence/17-map1-final-cleanup/normal-final-legacy/05-world-tree-gathered.png","pending_load":false,"phase":"normal_G3_I9_gather","player_position":[2556.852,193.815],"portal_states":{"divinity":"dormant","machine":"dormant","magic":"dormant","nature":"flickering","return":"open","science":"dormant"},"quest":"Q8","return_portal_count":1,"save_error":0,"save_present":true,"scene":"StartingGrove","spawn_cell":[12,32],"story_state":{"WH-L1H-01":{"active_item_id":"D10","active_outcome":"nest","cairn_seen":{"nest":true},"home_line_seen":false,"outcomes_seen":{"nest":true},"perch_inspected":false,"record_unlocked":false,"revision":1}},"test_state_injection":"Only Opening real skip handler called directly. No teleports, ingredient/recipe injection, quest/clear signals or time edits. Real TouchController movement/tap, keyboard gather/place; Fusion UI callbacks after physical cauldron arrival. Automated input, not human/manual QA.","tile_count":1600,"world_context":{"arrival_mode":"portal_arrival","current_scene":"grove","travel_layer":"nature"}}
[PASS] interaction target exists
TAP_REQUEST {"pick":"(2176.0, 1152.0)","picked":"@Sprite2D@1058:<Sprite2D#220016412673>","point":"(2176.0, 1152.0)","stand":"(16, 34)","target":"@Sprite2D@1058:<Sprite2D#220016412673>"}
TAP_QUEUED [(2560.0, 192.0), (2496.0, 224.0), (2560.0, 256.0), (2496.0, 288.0), (2560.0, 320.0), (2496.0, 352.0), (2560.0, 384.0), (2496.0, 416.0), (2432.0, 448.0), (2368.0, 480.0), (2432.0, 512.0), (2368.0, 544.0), (2432.0, 576.0), (2496.0, 608.0), (2560.0, 576.0), (2624.0, 608.0), (2688.0, 576.0), (2752.0, 608.0), (2816.0, 576.0), (2880.0, 608.0), (2944.0, 576.0), (3008.0, 608.0), (3072.0, 640.0), (3008.0, 672.0), (3072.0, 704.0), (3008.0, 736.0), (2944.0, 768.0), (2880.0, 736.0), (2816.0, 768.0), (2752.0, 736.0), (2688.0, 768.0), (2624.0, 736.0), (2560.0, 768.0), (2496.0, 736.0), (2432.0, 768.0), (2368.0, 736.0), (2304.0, 768.0), (2240.0, 736.0), (2176.0, 768.0), (2112.0, 800.0), (2176.0, 832.0), (2112.0, 864.0), (2176.0, 896.0), (2112.0, 928.0), (2176.0, 960.0), (2112.0, 992.0), (2176.0, 1024.0), (2112.0, 1056.0), (2176.0, 1088.0), (2112.0, 1120.0)] pending={ "kind": "object", "object": @Sprite2D@1058:<Sprite2D#220016412673> }
TAP_END {"actual":"(2115.698, 1117.907)","distance":69.2722473144531,"locked":true,"pathing":false,"pending":"{  }","target":"(2176.0, 1152.0)"}
[PASS] actual tap approaches/interacts at (2176.0, 1152.0)
[PASS] Fusion modal open for D19
[PASS] Fusion UI consumes gathered materials: I9+I7->D19
[PASS] Fusion modal open for D20
ERROR: Lambda capture at index 0 was freed. Passed "null" instead.
   at: call (modules/gdscript/gdscript_lambda_callable.cpp:110)
[PASS] Fusion UI consumes gathered materials: D19+D04->D20
[PASS] Fusion modal open for D22
ERROR: Lambda capture at index 0 was freed. Passed "null" instead.
   at: call (modules/gdscript/gdscript_lambda_callable.cpp:110)
ERROR: Lambda capture at index 0 was freed. Passed "null" instead.
   at: call (modules/gdscript/gdscript_lambda_callable.cpp:110)
[PASS] Fusion UI consumes gathered materials: D20+I1->D22
[PASS] real I9-D19-D20-D22 chain advances Q8
[PASS] path accepted (20, 30)
ERROR: Lambda capture at index 0 was freed. Passed "null" instead.
   at: call (modules/gdscript/gdscript_lambda_callable.cpp:110)
[PASS] actual walk arrives (20, 30) actual=(2620.448, 993.6083)
CONTROL_TRANSITION true at=245940
[PASS] actual hollow tap consumes crafted D22 and completes Q9
CONTROL_TRANSITION false at=262224
CONTROL_TRANSITION true at=269388
CONTROL_TRANSITION false at=275000
CONTROL_TRANSITION true at=275007
CAPTURE_FORCE_DRAW normal-root; no state injection
L1_CAPTURE phase=normal_dialogue_제0세계 · 자연의 문 path=[WORLD]/evidence/17-map1-final-cleanup/normal-final-legacy/dialogue-02.png state={"candidate_provenance":"l1-v2 only when explicitly selected before new-run Home; production default remains l1-v1. v2 diagonal ascent amendment is engineering layout, not authored-art approval.","capture_kind":"normal_root_automated_progression_no_inventory_or_clear_injection","control_locked":true,"day_phase":"night","dialogue_automation":"Important modal beats read using fresh ui_accept and native touch; close/reveal via real input, no direct seen flags. Resizes disclosed separately.","focus_automation":"Observed OS focus losses only permit at most 3 explicit new public movement requests per walk; no private path restoration or disabled cancellation. Logged separately.","foundation_entry":"production starting_grove -> representative_grove -> preserved legacy_grove","game_time":695.740467333284,"image_size":[1600,900],"layout_revision":"l1-v1","night_gate_bindings":[],"path":"[WORLD]/evidence/17-map1-final-cleanup/normal-final-legacy/dialogue-02.png","pending_load":false,"phase":"normal_dialogue_제0세계 · 자연의 문","portal_states":{"divinity":"dormant","machine":"dormant","magic":"dormant","nature":"open","return":"open","science":"flickering"},"quest":"P2","save_error":0,"save_present":true,"scene":"HomeIsland","story_state":{"WH-L1H-01":{"active_item_id":"D10","active_outcome":"nest","cairn_seen":{"nest":true},"home_line_seen":false,"outcomes_seen":{"nest":true},"perch_inspected":false,"record_unlocked":false,"revision":1}},"test_state_injection":"Only Opening real skip handler called directly. No teleports, ingredient/recipe injection, quest/clear signals or time edits. Real TouchController movement/tap, keyboard gather/place; Fusion UI callbacks after physical cauldron arrival. Automated input, not human/manual QA.","world_context":{"arrival_mode":"","current_scene":"home","travel_layer":"nature"}}
CONTROL_TRANSITION false at=277840
[PASS] normal dialogue completed using fresh keyboard/touch input
[PASS] normal CS04/CS05 completion reaches Home P2 unlocked
CAPTURE_FORCE_DRAW normal-root; no state injection
L1_CAPTURE phase=normal_full_quest_clear_Home path=[WORLD]/evidence/17-map1-final-cleanup/normal-final-legacy/06-home-natural-clear.png state={"candidate_provenance":"l1-v2 only when explicitly selected before new-run Home; production default remains l1-v1. v2 diagonal ascent amendment is engineering layout, not authored-art approval.","capture_kind":"normal_root_automated_progression_no_inventory_or_clear_injection","control_locked":false,"day_phase":"night","dialogue_automation":"Important modal beats read using fresh ui_accept and native touch; close/reveal via real input, no direct seen flags. Resizes disclosed separately.","focus_automation":"Observed OS focus losses only permit at most 3 explicit new public movement requests per walk; no private path restoration or disabled cancellation. Logged separately.","foundation_entry":"production starting_grove -> representative_grove -> preserved legacy_grove","game_time":697.841195444395,"image_size":[1600,900],"layout_revision":"l1-v1","night_gate_bindings":[],"path":"[WORLD]/evidence/17-map1-final-cleanup/normal-final-legacy/06-home-natural-clear.png","pending_load":false,"phase":"normal_full_quest_clear_Home","portal_states":{"divinity":"dormant","machine":"dormant","magic":"dormant","nature":"open","return":"open","science":"flickering"},"quest":"P2","save_error":0,"save_present":true,"scene":"HomeIsland","story_state":{"WH-L1H-01":{"active_item_id":"D10","active_outcome":"nest","cairn_seen":{"nest":true},"home_line_seen":true,"outcomes_seen":{"nest":true},"perch_inspected":false,"record_unlocked":true,"revision":1}},"test_state_injection":"Only Opening real skip handler called directly. No teleports, ingredient/recipe injection, quest/clear signals or time edits. Real TouchController movement/tap, keyboard gather/place; Fusion UI callbacks after physical cauldron arrival. Automated input, not human/manual QA.","world_context":{"arrival_mode":"","current_scene":"home","travel_layer":"nature"}}
[PASS] normal clear produces exactly one Home trace
[PASS] nature portal exists
[PASS] path accepted (7, 7)
[PASS] actual walk arrives (7, 7) actual=(1030.666, 256.0387)
[PASS] actual Home walk reaches nature entry apron
CONTROL_TRANSITION true at=282099
CONTROL_TRANSITION false at=283500
[PASS] real nature interaction travels to L1
[PASS] path accepted (23, 35)
[PASS] actual walk arrives (23, 35) actual=(3065.07, 1155.292)
[PASS] normal revisit restores nest without replaying response/clear
INPUT_PROBE {"has_hover":false,"hover_cell":"(0, 0)","hover_object":"L1ListeningPerch:<Sprite2D#1096525288831>","lock":false,"mouse":"(872.0, 408.0)","player_cell":"(23, 35)","screen":"(872.3503, 408.0)","target_cell":"(21, 32)","target_object":"L1ListeningPerch:<Sprite2D#1096525288831>","wanted":"(24, 32)"}
CONTROL_TRANSITION true at=287927
CAPTURE_FORCE_DRAW normal-root; no state injection
L1_CAPTURE phase=normal_dialogue_듣는 횃대 path=[WORLD]/evidence/17-map1-final-cleanup/normal-final-legacy/dialogue-03.png state={"camera_limits":[-156,-220,5340,1532],"camera_position":[3065.07,1155.292],"camera_zoom":[1.0,1.0],"candidate_provenance":"l1-v2 only when explicitly selected before new-run Home; production default remains l1-v1. v2 diagonal ascent amendment is engineering layout, not authored-art approval.","canvas_modulate":"533b7eff","capture_kind":"normal_root_automated_progression_no_inventory_or_clear_injection","control_locked":true,"day_phase":"night","dialogue_automation":"Important modal beats read using fresh ui_accept and native touch; close/reveal via real input, no direct seen flags. Resizes disclosed separately.","focus_automation":"Observed OS focus losses only permit at most 3 explicit new public movement requests per walk; no private path restoration or disabled cancellation. Logged separately.","foundation_entry":"production starting_grove -> representative_grove -> preserved legacy_grove","game_time":703.431646999949,"image_size":[1600,900],"layout_revision":"l1-v1","map_dimensions":[40,40],"night_gate_bindings":[{"body_layer":1,"cell":"(19, 7)","node":"/root/StartingGrove/YSortLayer/@Node2D@7197","offset":"(0.0, -60.0)","open":true,"root":"(2560.0, 256.0)","scale":"(1.0, 1.0)","screen_rect":"[P: (230.9307, -500.0), S: (128.0, 128.0)]","shape_disabled":true,"texture":"res://assets/objects/night_bud_open.png"},{"body_layer":1,"cell":"(20, 7)","node":"/root/StartingGrove/YSortLayer/@Node2D@7198","offset":"(0.0, -60.0)","open":true,"root":"(2688.0, 256.0)","scale":"(1.0, 1.0)","screen_rect":"[P: (358.9307, -500.0), S: (128.0, 128.0)]","shape_disabled":true,"texture":"res://assets/objects/night_bud_open.png"}],"object_spawn_count":165,"path":"[WORLD]/evidence/17-map1-final-cleanup/normal-final-legacy/dialogue-03.png","pending_load":false,"phase":"normal_dialogue_듣는 횃대","player_position":[3065.07,1155.292],"portal_states":{"divinity":"dormant","machine":"dormant","magic":"dormant","nature":"open","return":"open","science":"flickering"},"quest":"P2","return_portal_count":1,"save_error":0,"save_present":true,"scene":"StartingGrove","spawn_cell":[12,32],"story_state":{"WH-L1H-01":{"active_item_id":"D10","active_outcome":"nest","cairn_seen":{"nest":true},"home_line_seen":true,"outcomes_seen":{"nest":true},"perch_inspected":false,"record_unlocked":true,"revision":1}},"test_state_injection":"Only Opening real skip handler called directly. No teleports, ingredient/recipe injection, quest/clear signals or time edits. Real TouchController movement/tap, keyboard gather/place; Fusion UI callbacks after physical cauldron arrival. Automated input, not human/manual QA.","tile_count":1600,"world_context":{"arrival_mode":"portal_arrival","current_scene":"grove","travel_layer":"nature"}}
CONTROL_TRANSITION false at=290808
[PASS] normal dialogue completed using fresh keyboard/touch input
CAPTURE_FORCE_DRAW normal-root; no state injection
L1_CAPTURE phase=normal_saved_revisit path=[WORLD]/evidence/17-map1-final-cleanup/normal-final-legacy/07-revisit.png state={"camera_limits":[-156,-220,5340,1532],"camera_position":[3065.07,1155.292],"camera_zoom":[1.0,1.0],"candidate_provenance":"l1-v2 only when explicitly selected before new-run Home; production default remains l1-v1. v2 diagonal ascent amendment is engineering layout, not authored-art approval.","canvas_modulate":"523a7dff","capture_kind":"normal_root_automated_progression_no_inventory_or_clear_injection","control_locked":false,"day_phase":"night","dialogue_automation":"Important modal beats read using fresh ui_accept and native touch; close/reveal via real input, no direct seen flags. Resizes disclosed separately.","focus_automation":"Observed OS focus losses only permit at most 3 explicit new public movement requests per walk; no private path restoration or disabled cancellation. Logged separately.","foundation_entry":"production starting_grove -> representative_grove -> preserved legacy_grove","game_time":705.561491222172,"image_size":[1600,900],"layout_revision":"l1-v1","map_dimensions":[40,40],"night_gate_bindings":[{"body_layer":1,"cell":"(19, 7)","node":"/root/StartingGrove/YSortLayer/@Node2D@7197","offset":"(0.0, -60.0)","open":true,"root":"(2560.0, 256.0)","scale":"(1.0, 1.0)","screen_rect":"[P: (230.9304, -500.0), S: (128.0, 128.0)]","shape_disabled":true,"texture":"res://assets/objects/night_bud_open.png"},{"body_layer":1,"cell":"(20, 7)","node":"/root/StartingGrove/YSortLayer/@Node2D@7198","offset":"(0.0, -60.0)","open":true,"root":"(2688.0, 256.0)","scale":"(1.0, 1.0)","screen_rect":"[P: (358.9304, -500.0), S: (128.0, 128.0)]","shape_disabled":true,"texture":"res://assets/objects/night_bud_open.png"}],"object_spawn_count":165,"path":"[WORLD]/evidence/17-map1-final-cleanup/normal-final-legacy/07-revisit.png","pending_load":false,"phase":"normal_saved_revisit","player_position":[3065.07,1155.292],"portal_states":{"divinity":"dormant","machine":"dormant","magic":"dormant","nature":"open","return":"open","science":"flickering"},"quest":"P2","return_portal_count":1,"save_error":0,"save_present":true,"scene":"StartingGrove","spawn_cell":[12,32],"story_state":{"WH-L1H-01":{"active_item_id":"D10","active_outcome":"nest","cairn_seen":{"nest":true},"home_line_seen":true,"outcomes_seen":{"nest":true},"perch_inspected":true,"record_unlocked":true,"revision":1}},"test_state_injection":"Only Opening real skip handler called directly. No teleports, ingredient/recipe injection, quest/clear signals or time edits. Real TouchController movement/tap, keyboard gather/place; Fusion UI callbacks after physical cauldron arrival. Automated input, not human/manual QA.","tile_count":1600,"world_context":{"arrival_mode":"portal_arrival","current_scene":"grove","travel_layer":"nature"}}
[PASS] normal movement never enters authored V
[PASS] normal presented frames retain logical-foot projection
[PASS] normal motion manifest persisted
NORMAL_PROGRESSION_DONE failed=false manifest=[WORLD]/evidence/17-map1-final-cleanup/normal-final-legacy/normal-l1-runtime-state.json
WARNING: ObjectDB instances leaked at exit (run with --verbose for details).
     at: cleanup (core/object/object.cpp:2514)
