Godot Engine v4.5.stable.official.876b29033 - https://godotengine.org
OpenGL API 4.1 Metal - 90.5 - Compatibility - Using Device: Apple - Apple M1 Pro

ROOT_FOCUS_ENTER at=1897
[PASS] explicit staged v2 new run before Home/Grove instantiation
[PASS] nature portal exists
[PASS] path accepted (7, 7)
[PASS] actual walk arrives (7, 7) actual=(1027.648, 256.0665)
[PASS] actual Home walk reaches nature entry apron
CONTROL_TRANSITION true at=18268
CONTROL_TRANSITION false at=19667
[PASS] real nature interaction travels to L1
CONTROL_TRANSITION true at=21516
CONTROL_TRANSITION false at=22943
[PASS] normal Home walk/portal starts Q1
L1_CAPTURE phase=normal_title_home_walk_nature_arrival path=[WORLD]/evidence/16-harvest-integration/final-v2/01-l1-arrival.png state={"camera_limits":[-156,-220,5340,1532],"camera_position":[1920.0,1152.0],"camera_zoom":[1.0,1.0],"candidate_provenance":"l1-v2 only when explicitly selected before new-run Home; production default remains l1-v1. v2 diagonal ascent amendment is engineering layout, not authored-art approval.","canvas_modulate":"faf5e5ff","capture_kind":"normal_root_automated_progression_no_inventory_or_clear_injection","control_locked":false,"day_phase":"day","dialogue_automation":"Important modal beats read using fresh ui_accept and native touch; close/reveal via real input, no direct seen flags. Resizes disclosed separately.","focus_automation":"Observed OS focus losses only permit at most 3 explicit new public movement requests per walk; no private path restoration or disabled cancellation. Logged separately.","foundation_entry":"production starting_grove -> representative_grove -> preserved legacy_grove","game_time":11.9916594444445,"image_size":[1600,900],"layout_revision":"l1-v2","map_dimensions":[40,40],"night_gate_bindings":[{"body_layer":1,"cell":"(21, 7)","node":"/root/StartingGrove/YSortLayer/@Node2D@1006","offset":"(0.0, -60.0)","open":false,"root":"(2880.0, 256.0)","scale":"(1.0, 1.0)","screen_rect":"[P: (1696.0, -500.0), S: (128.0, 128.0)]","shape_disabled":false,"texture":"res://assets/objects/night_bud_closed.png"},{"body_layer":1,"cell":"(22, 7)","node":"/root/StartingGrove/YSortLayer/@Node2D@1007","offset":"(0.0, -60.0)","open":false,"root":"(3008.0, 256.0)","scale":"(1.0, 1.0)","screen_rect":"[P: (1824.0, -500.0), S: (128.0, 128.0)]","shape_disabled":false,"texture":"res://assets/objects/night_bud_closed.png"}],"object_spawn_count":48,"path":"[WORLD]/evidence/16-harvest-integration/final-v2/01-l1-arrival.png","pending_load":false,"phase":"normal_title_home_walk_nature_arrival","player_position":[1920.0,1152.0],"portal_states":{"divinity":"dormant","machine":"dormant","magic":"dormant","nature":"flickering","return":"open","science":"dormant"},"quest":"Q1","return_portal_count":1,"save_error":0,"save_present":true,"scene":"StartingGrove","spawn_cell":[14,35],"story_state":{},"test_state_injection":"Only Opening real skip handler called directly. No teleports, ingredient/recipe injection, quest/clear signals or time edits. Real TouchController movement/tap, keyboard gather/place; Fusion UI callbacks after physical cauldron arrival. Automated input, not human/manual QA.","tile_count":1600,"world_context":{"arrival_mode":"portal_arrival","current_scene":"grove","travel_layer":"nature"}}
[PASS] reachable tile for I2
[PASS] path accepted (14, 34)
[PASS] actual walk arrives (14, 34) actual=(1861.862, 1122.931)
INPUT_PROBE {"has_hover":true,"hover_cell":"(13, 33)","hover_object":"<null>","lock":false,"mouse":"(728.0, 456.0)","player_cell":"(14, 34)","screen":"(729.3564, 456.0)","target_cell":"(13, 33)","target_object":"<null>","wanted":"(13, 33)"}
[PASS] actual local keyboard tile gather I2(13, 33)
[PASS] reachable tile for I2
[PASS] path accepted (14, 34)
[PASS] actual walk arrives (14, 34) actual=(1861.862, 1122.931)
INPUT_PROBE {"has_hover":true,"hover_cell":"(14, 35)","hover_object":"<null>","lock":false,"mouse":"(858.0, 520.0)","player_cell":"(14, 34)","screen":"(858.1277, 520.0)","target_cell":"(13, 33)","target_object":"<null>","wanted":"(14, 35)"}
[PASS] actual local keyboard tile gather I2(14, 35)
[PASS] reachable source for I4
[PASS] interaction target exists
TAP_REQUEST {"pick":"(2880.0, 1184.0)","picked":"@Sprite2D@1047:<Sprite2D#210788943860>","point":"(2880.0, 1184.0)","stand":"(21, 35)","target":"@Sprite2D@1047:<Sprite2D#210788943860>"}
TAP_QUEUED [(1856.0, 1120.0), (1920.0, 1152.0), (1984.0, 1120.0), (2048.0, 1152.0), (2112.0, 1184.0), (2176.0, 1152.0), (2240.0, 1184.0), (2304.0, 1152.0), (2368.0, 1184.0), (2432.0, 1152.0), (2496.0, 1184.0), (2560.0, 1152.0), (2624.0, 1184.0), (2688.0, 1152.0), (2752.0, 1184.0), (2816.0, 1152.0)] pending={ "kind": "object", "object": @Sprite2D@1047:<Sprite2D#210788943860> }
TAP_END {"actual":"(2811.953, 1153.798)","distance":74.4487838745117,"locked":false,"pathing":false,"pending":"{  }","target":"(2880.0, 1184.0)"}
[PASS] actual tap approaches/interacts at (2880.0, 1184.0)
HARVEST_NORMAL_ARRIVAL {"before":0,"count":0,"elapsed":0.0666666666666667,"item":"I4","state":{"active":{"committed":false,"generation":6,"kind":"wood","phase":"reserved","target_key":"/root/StartingGrove/YSortLayer:I4:(2880.0, 1184.0):210788943860","token":1},"counters":{"auto_cancels":0,"begun":1,"cancels":0,"commits":0,"contacts":0,"finishes":0,"rejected":0,"resets":5,"supersede_finishes":0},"generation":6,"last":null,"version":1},"token":1}
L1_CAPTURE phase=normal_harvest_wood_arrival path=[WORLD]/evidence/16-harvest-integration/final-v2/harvest-wood-arrival.png state={"camera_limits":[-156,-220,5340,1532],"camera_position":[2811.953,1153.798],"camera_zoom":[1.0,1.0],"candidate_provenance":"l1-v2 only when explicitly selected before new-run Home; production default remains l1-v1. v2 diagonal ascent amendment is engineering layout, not authored-art approval.","canvas_modulate":"f9f4e5ff","capture_kind":"normal_root_automated_progression_no_inventory_or_clear_injection","control_locked":false,"day_phase":"day","dialogue_automation":"Important modal beats read using fresh ui_accept and native touch; close/reveal via real input, no direct seen flags. Resizes disclosed separately.","focus_automation":"Observed OS focus losses only permit at most 3 explicit new public movement requests per walk; no private path restoration or disabled cancellation. Logged separately.","foundation_entry":"production starting_grove -> representative_grove -> preserved legacy_grove","game_time":17.485398,"image_size":[1600,900],"layout_revision":"l1-v2","map_dimensions":[40,40],"night_gate_bindings":[{"body_layer":1,"cell":"(21, 7)","node":"/root/StartingGrove/YSortLayer/@Node2D@1006","offset":"(0.0, -60.0)","open":false,"root":"(2880.0, 256.0)","scale":"(1.0, 1.0)","screen_rect":"[P: (837.1626, -500.0), S: (128.0, 128.0)]","shape_disabled":false,"texture":"res://assets/objects/night_bud_closed.png"},{"body_layer":1,"cell":"(22, 7)","node":"/root/StartingGrove/YSortLayer/@Node2D@1007","offset":"(0.0, -60.0)","open":false,"root":"(3008.0, 256.0)","scale":"(1.0, 1.0)","screen_rect":"[P: (965.1626, -500.0), S: (128.0, 128.0)]","shape_disabled":false,"texture":"res://assets/objects/night_bud_closed.png"}],"object_spawn_count":48,"path":"[WORLD]/evidence/16-harvest-integration/final-v2/harvest-wood-arrival.png","pending_load":false,"phase":"normal_harvest_wood_arrival","player_position":[2811.953,1153.798],"portal_states":{"divinity":"dormant","machine":"dormant","magic":"dormant","nature":"flickering","return":"open","science":"dormant"},"quest":"Q2","return_portal_count":1,"save_error":0,"save_present":true,"scene":"StartingGrove","spawn_cell":[14,35],"story_state":{},"test_state_injection":"Only Opening real skip handler called directly. No teleports, ingredient/recipe injection, quest/clear signals or time edits. Real TouchController movement/tap, keyboard gather/place; Fusion UI callbacks after physical cauldron arrival. Automated input, not human/manual QA.","tile_count":1600,"world_context":{"arrival_mode":"portal_arrival","current_scene":"grove","travel_layer":"nature"}}
[PASS] bounded contact action resolves I4
L1_CAPTURE phase=normal_harvest_wood_response path=[WORLD]/evidence/16-harvest-integration/final-v2/harvest-wood-response.png state={"camera_limits":[-156,-220,5340,1532],"camera_position":[2811.953,1153.798],"camera_zoom":[1.0,1.0],"candidate_provenance":"l1-v2 only when explicitly selected before new-run Home; production default remains l1-v1. v2 diagonal ascent amendment is engineering layout, not authored-art approval.","canvas_modulate":"f9f4e5ff","capture_kind":"normal_root_automated_progression_no_inventory_or_clear_injection","control_locked":false,"day_phase":"day","dialogue_automation":"Important modal beats read using fresh ui_accept and native touch; close/reveal via real input, no direct seen flags. Resizes disclosed separately.","focus_automation":"Observed OS focus losses only permit at most 3 explicit new public movement requests per walk; no private path restoration or disabled cancellation. Logged separately.","foundation_entry":"production starting_grove -> representative_grove -> preserved legacy_grove","game_time":17.596091,"image_size":[1600,900],"layout_revision":"l1-v2","map_dimensions":[40,40],"night_gate_bindings":[{"body_layer":1,"cell":"(21, 7)","node":"/root/StartingGrove/YSortLayer/@Node2D@1006","offset":"(0.0, -60.0)","open":false,"root":"(2880.0, 256.0)","scale":"(1.0, 1.0)","screen_rect":"[P: (821.3599, -500.0), S: (128.0, 128.0)]","shape_disabled":false,"texture":"res://assets/objects/night_bud_closed.png"},{"body_layer":1,"cell":"(22, 7)","node":"/root/StartingGrove/YSortLayer/@Node2D@1007","offset":"(0.0, -60.0)","open":false,"root":"(3008.0, 256.0)","scale":"(1.0, 1.0)","screen_rect":"[P: (949.3599, -500.0), S: (128.0, 128.0)]","shape_disabled":false,"texture":"res://assets/objects/night_bud_closed.png"}],"object_spawn_count":48,"path":"[WORLD]/evidence/16-harvest-integration/final-v2/harvest-wood-response.png","pending_load":false,"phase":"normal_harvest_wood_response","player_position":[2811.953,1153.798],"portal_states":{"divinity":"dormant","machine":"dormant","magic":"dormant","nature":"flickering","return":"open","science":"dormant"},"quest":"Q2","return_portal_count":1,"save_error":0,"save_present":true,"scene":"StartingGrove","spawn_cell":[14,35],"story_state":{},"test_state_injection":"Only Opening real skip handler called directly. No teleports, ingredient/recipe injection, quest/clear signals or time edits. Real TouchController movement/tap, keyboard gather/place; Fusion UI callbacks after physical cauldron arrival. Automated input, not human/manual QA.","tile_count":1600,"world_context":{"arrival_mode":"portal_arrival","current_scene":"grove","travel_layer":"nature"}}
[PASS] normal action contact actually rewards I4
[PASS] actual object gather yields I4
[PASS] reachable source for I4
[PASS] interaction target exists
TAP_REQUEST {"pick":"(3520.0, 1184.0)","picked":"@Sprite2D@1048:<Sprite2D#210822498293>","point":"(3520.0, 1184.0)","stand":"(26, 35)","target":"@Sprite2D@1048:<Sprite2D#210822498293>"}
TAP_QUEUED [(2816.0, 1152.0), (2880.0, 1120.0), (2944.0, 1152.0), (3008.0, 1120.0), (3072.0, 1152.0), (3136.0, 1184.0), (3200.0, 1152.0), (3264.0, 1120.0), (3328.0, 1152.0), (3392.0, 1184.0), (3456.0, 1152.0)] pending={ "kind": "object", "object": @Sprite2D@1048:<Sprite2D#210822498293> }
TAP_END {"actual":"(3451.361, 1153.984)","distance":74.9148254394531,"locked":false,"pathing":false,"pending":"{  }","target":"(3520.0, 1184.0)"}
[PASS] actual tap approaches/interacts at (3520.0, 1184.0)
HARVEST_NORMAL_ARRIVAL {"before":1,"count":1,"elapsed":0.0666666666666667,"item":"I4","state":{"active":{"committed":false,"generation":9,"kind":"wood","phase":"reserved","target_key":"/root/StartingGrove/YSortLayer:I4:(3520.0, 1184.0):210822498293","token":2},"counters":{"auto_cancels":0,"begun":2,"cancels":0,"commits":1,"contacts":1,"finishes":1,"rejected":0,"resets":8,"supersede_finishes":0},"generation":9,"last":{"kind":"wood","phase":"done","reason":"finished","reward_granted":true,"target_key":"/root/StartingGrove/YSortLayer:I4:(2880.0, 1184.0):210788943860","token":1},"version":1},"token":2}
[PASS] bounded contact action resolves I4
[PASS] normal action contact actually rewards I4
[PASS] actual object gather yields I4
[PASS] reachable source for I6
[PASS] interaction target exists
TAP_REQUEST {"pick":"(3392.0, 1120.0)","picked":"@Sprite2D@1038:<Sprite2D#210268850154>","point":"(3392.0, 1120.0)","stand":"(26, 35)","target":"@Sprite2D@1038:<Sprite2D#210268850154>"}
TAP_QUEUED [] pending={  }
TAP_END {"actual":"(3451.361, 1153.984)","distance":68.4009094238281,"locked":false,"pathing":false,"pending":"{  }","target":"(3392.0, 1120.0)"}
[PASS] actual tap approaches/interacts at (3392.0, 1120.0)
HARVEST_NORMAL_ARRIVAL {"before":0,"count":0,"elapsed":0.0833333333333333,"item":"I6","state":{"active":{"committed":false,"generation":12,"kind":"rock","phase":"reserved","target_key":"/root/StartingGrove/YSortLayer:I6:(3392.0, 1120.0):210268850154","token":3},"counters":{"auto_cancels":0,"begun":3,"cancels":0,"commits":2,"contacts":2,"finishes":2,"rejected":0,"resets":11,"supersede_finishes":0},"generation":12,"last":{"kind":"wood","phase":"done","reason":"finished","reward_granted":true,"target_key":"/root/StartingGrove/YSortLayer:I4:(3520.0, 1184.0):210822498293","token":2},"version":1},"token":3}
L1_CAPTURE phase=normal_harvest_rock_arrival path=[WORLD]/evidence/16-harvest-integration/final-v2/harvest-rock-arrival.png state={"camera_limits":[-156,-220,5340,1532],"camera_position":[3451.361,1153.984],"camera_zoom":[1.0,1.0],"candidate_provenance":"l1-v2 only when explicitly selected before new-run Home; production default remains l1-v1. v2 diagonal ascent amendment is engineering layout, not authored-art approval.","canvas_modulate":"f9f4e5ff","capture_kind":"normal_root_automated_progression_no_inventory_or_clear_injection","control_locked":false,"day_phase":"day","dialogue_automation":"Important modal beats read using fresh ui_accept and native touch; close/reveal via real input, no direct seen flags. Resizes disclosed separately.","focus_automation":"Observed OS focus losses only permit at most 3 explicit new public movement requests per walk; no private path restoration or disabled cancellation. Logged separately.","foundation_entry":"production starting_grove -> representative_grove -> preserved legacy_grove","game_time":20.2314733333333,"image_size":[1600,900],"layout_revision":"l1-v2","map_dimensions":[40,40],"night_gate_bindings":[{"body_layer":1,"cell":"(21, 7)","node":"/root/StartingGrove/YSortLayer/@Node2D@1006","offset":"(0.0, -60.0)","open":false,"root":"(2880.0, 256.0)","scale":"(1.0, 1.0)","screen_rect":"[P: (176.6106, -500.0), S: (128.0, 128.0)]","shape_disabled":false,"texture":"res://assets/objects/night_bud_closed.png"},{"body_layer":1,"cell":"(22, 7)","node":"/root/StartingGrove/YSortLayer/@Node2D@1007","offset":"(0.0, -60.0)","open":false,"root":"(3008.0, 256.0)","scale":"(1.0, 1.0)","screen_rect":"[P: (304.6106, -500.0), S: (128.0, 128.0)]","shape_disabled":false,"texture":"res://assets/objects/night_bud_closed.png"}],"object_spawn_count":48,"path":"[WORLD]/evidence/16-harvest-integration/final-v2/harvest-rock-arrival.png","pending_load":false,"phase":"normal_harvest_rock_arrival","player_position":[3451.361,1153.984],"portal_states":{"divinity":"dormant","machine":"dormant","magic":"dormant","nature":"flickering","return":"open","science":"dormant"},"quest":"Q2","return_portal_count":1,"save_error":0,"save_present":true,"scene":"StartingGrove","spawn_cell":[14,35],"story_state":{},"test_state_injection":"Only Opening real skip handler called directly. No teleports, ingredient/recipe injection, quest/clear signals or time edits. Real TouchController movement/tap, keyboard gather/place; Fusion UI callbacks after physical cauldron arrival. Automated input, not human/manual QA.","tile_count":1600,"world_context":{"arrival_mode":"portal_arrival","current_scene":"grove","travel_layer":"nature"}}
[PASS] bounded contact action resolves I6
L1_CAPTURE phase=normal_harvest_rock_response path=[WORLD]/evidence/16-harvest-integration/final-v2/harvest-rock-response.png state={"camera_limits":[-156,-220,5340,1532],"camera_position":[3451.361,1153.984],"camera_zoom":[1.0,1.0],"candidate_provenance":"l1-v2 only when explicitly selected before new-run Home; production default remains l1-v1. v2 diagonal ascent amendment is engineering layout, not authored-art approval.","canvas_modulate":"f9f4e5ff","capture_kind":"normal_root_automated_progression_no_inventory_or_clear_injection","control_locked":false,"day_phase":"day","dialogue_automation":"Important modal beats read using fresh ui_accept and native touch; close/reveal via real input, no direct seen flags. Resizes disclosed separately.","focus_automation":"Observed OS focus losses only permit at most 3 explicit new public movement requests per walk; no private path restoration or disabled cancellation. Logged separately.","foundation_entry":"production starting_grove -> representative_grove -> preserved legacy_grove","game_time":20.3627576666666,"image_size":[1600,900],"layout_revision":"l1-v2","map_dimensions":[40,40],"night_gate_bindings":[{"body_layer":1,"cell":"(21, 7)","node":"/root/StartingGrove/YSortLayer/@Node2D@1006","offset":"(0.0, -60.0)","open":false,"root":"(2880.0, 256.0)","scale":"(1.0, 1.0)","screen_rect":"[P: (169.6099, -500.0), S: (128.0, 128.0)]","shape_disabled":false,"texture":"res://assets/objects/night_bud_closed.png"},{"body_layer":1,"cell":"(22, 7)","node":"/root/StartingGrove/YSortLayer/@Node2D@1007","offset":"(0.0, -60.0)","open":false,"root":"(3008.0, 256.0)","scale":"(1.0, 1.0)","screen_rect":"[P: (297.6099, -500.0), S: (128.0, 128.0)]","shape_disabled":false,"texture":"res://assets/objects/night_bud_closed.png"}],"object_spawn_count":48,"path":"[WORLD]/evidence/16-harvest-integration/final-v2/harvest-rock-response.png","pending_load":false,"phase":"normal_harvest_rock_response","player_position":[3451.361,1153.984],"portal_states":{"divinity":"dormant","machine":"dormant","magic":"dormant","nature":"flickering","return":"open","science":"dormant"},"quest":"Q2","return_portal_count":1,"save_error":0,"save_present":true,"scene":"StartingGrove","spawn_cell":[14,35],"story_state":{},"test_state_injection":"Only Opening real skip handler called directly. No teleports, ingredient/recipe injection, quest/clear signals or time edits. Real TouchController movement/tap, keyboard gather/place; Fusion UI callbacks after physical cauldron arrival. Automated input, not human/manual QA.","tile_count":1600,"world_context":{"arrival_mode":"portal_arrival","current_scene":"grove","travel_layer":"nature"}}
[PASS] normal action contact actually rewards I6
[PASS] actual object gather yields I6
[PASS] reachable source for I6
[PASS] interaction target exists
TAP_REQUEST {"pick":"(3520.0, 1056.0)","picked":"@Sprite2D@1031:<Sprite2D#210033969123>","point":"(3520.0, 1056.0)","stand":"(27, 33)","target":"@Sprite2D@1031:<Sprite2D#210033969123>"}
TAP_QUEUED [] pending={  }
TAP_END {"actual":"(3451.361, 1153.984)","distance":119.63387298584,"locked":false,"pathing":false,"pending":"{  }","target":"(3520.0, 1056.0)"}
[PASS] actual tap approaches/interacts at (3520.0, 1056.0)
HARVEST_NORMAL_ARRIVAL {"before":1,"count":1,"elapsed":0.1,"item":"I6","state":{"active":{"committed":false,"generation":15,"kind":"rock","phase":"reserved","target_key":"/root/StartingGrove/YSortLayer:I6:(3520.0, 1056.0):210033969123","token":4},"counters":{"auto_cancels":0,"begun":4,"cancels":0,"commits":3,"contacts":3,"finishes":3,"rejected":0,"resets":14,"supersede_finishes":0},"generation":15,"last":{"kind":"rock","phase":"done","reason":"finished","reward_granted":true,"target_key":"/root/StartingGrove/YSortLayer:I6:(3392.0, 1120.0):210268850154","token":3},"version":1},"token":4}
[PASS] bounded contact action resolves I6
[PASS] normal action contact actually rewards I6
[PASS] actual object gather yields I6
[PASS] reachable source for I6
[PASS] interaction target exists
TAP_REQUEST {"pick":"(3712.0, 1216.0)","picked":"@Sprite2D@1053:<Sprite2D#210990270458>","point":"(3712.0, 1216.0)","stand":"(28, 36)","target":"@Sprite2D@1053:<Sprite2D#210990270458>"}
TAP_QUEUED [(3456.0, 1152.0), (3520.0, 1184.0), (3584.0, 1216.0), (3648.0, 1184.0)] pending={ "kind": "object", "object": @Sprite2D@1053:<Sprite2D#210990270458> }
TAP_END {"actual":"(3645.794, 1185.059)","distance":73.0790557861328,"locked":false,"pathing":false,"pending":"{  }","target":"(3712.0, 1216.0)"}
[PASS] actual tap approaches/interacts at (3712.0, 1216.0)
HARVEST_NORMAL_ARRIVAL {"before":2,"count":2,"elapsed":0.0833333333333333,"item":"I6","state":{"active":{"committed":false,"generation":18,"kind":"rock","phase":"reserved","target_key":"/root/StartingGrove/YSortLayer:I6:(3712.0, 1216.0):210990270458","token":5},"counters":{"auto_cancels":0,"begun":5,"cancels":0,"commits":4,"contacts":4,"finishes":4,"rejected":0,"resets":17,"supersede_finishes":0},"generation":18,"last":{"kind":"rock","phase":"done","reason":"finished","reward_granted":true,"target_key":"/root/StartingGrove/YSortLayer:I6:(3520.0, 1056.0):210033969123","token":4},"version":1},"token":5}
[PASS] bounded contact action resolves I6
[PASS] normal action contact actually rewards I6
[PASS] actual object gather yields I6
[PASS] reachable source for I6
[PASS] interaction target exists
TAP_REQUEST {"pick":"(3840.0, 1152.0)","picked":"@Sprite2D@1044:<Sprite2D#210688280561>","point":"(3840.0, 1152.0)","stand":"(29, 34)","target":"@Sprite2D@1044:<Sprite2D#210688280561>"}
TAP_QUEUED [(3648.0, 1184.0), (3712.0, 1152.0), (3776.0, 1120.0)] pending={ "kind": "object", "object": @Sprite2D@1044:<Sprite2D#210688280561> }
TAP_END {"actual":"(3771.032, 1122.484)","distance":75.0184555053711,"locked":false,"pathing":false,"pending":"{  }","target":"(3840.0, 1152.0)"}
[PASS] actual tap approaches/interacts at (3840.0, 1152.0)
HARVEST_NORMAL_ARRIVAL {"before":3,"count":3,"elapsed":0.116666666666667,"item":"I6","state":{"active":{"committed":false,"generation":21,"kind":"rock","phase":"reserved","target_key":"/root/StartingGrove/YSortLayer:I6:(3840.0, 1152.0):210688280561","token":6},"counters":{"auto_cancels":0,"begun":6,"cancels":0,"commits":5,"contacts":5,"finishes":5,"rejected":0,"resets":20,"supersede_finishes":0},"generation":21,"last":{"kind":"rock","phase":"done","reason":"finished","reward_granted":true,"target_key":"/root/StartingGrove/YSortLayer:I6:(3712.0, 1216.0):210990270458","token":5},"version":1},"token":6}
[PASS] bounded contact action resolves I6
[PASS] normal action contact actually rewards I6
[PASS] actual object gather yields I6
[PASS] reachable source for I6
[PASS] interaction target exists
TAP_REQUEST {"pick":"(4096.0, 1088.0)","picked":"@Sprite2D@1035:<Sprite2D#210168186855>","point":"(4096.0, 1088.0)","stand":"(31, 32)","target":"@Sprite2D@1035:<Sprite2D#210168186855>"}
TAP_QUEUED [(3776.0, 1120.0), (3840.0, 1088.0), (3904.0, 1056.0), (3968.0, 1024.0), (4032.0, 1056.0)] pending={ "kind": "object", "object": @Sprite2D@1035:<Sprite2D#210168186855> }
TAP_END {"actual":"(4027.593, 1054.096)","distance":76.3476181030273,"locked":false,"pathing":false,"pending":"{  }","target":"(4096.0, 1088.0)"}
[PASS] actual tap approaches/interacts at (4096.0, 1088.0)
HARVEST_NORMAL_ARRIVAL {"before":4,"count":4,"elapsed":0.0833333333333333,"item":"I6","state":{"active":{"committed":false,"generation":24,"kind":"rock","phase":"reserved","target_key":"/root/StartingGrove/YSortLayer:I6:(4096.0, 1088.0):210168186855","token":7},"counters":{"auto_cancels":0,"begun":7,"cancels":0,"commits":6,"contacts":6,"finishes":6,"rejected":0,"resets":23,"supersede_finishes":0},"generation":24,"last":{"kind":"rock","phase":"done","reason":"finished","reward_granted":true,"target_key":"/root/StartingGrove/YSortLayer:I6:(3840.0, 1152.0):210688280561","token":6},"version":1},"token":7}
[PASS] bounded contact action resolves I6
[PASS] normal action contact actually rewards I6
[PASS] actual object gather yields I6
[PASS] reachable source for I6
[PASS] interaction target exists
TAP_REQUEST {"pick":"(4160.0, 1184.0)","picked":"@Sprite2D@1049:<Sprite2D#210856052726>","point":"(4160.0, 1184.0)","stand":"(31, 35)","target":"@Sprite2D@1049:<Sprite2D#210856052726>"}
TAP_QUEUED [(4032.0, 1056.0), (4096.0, 1088.0), (4032.0, 1120.0), (4096.0, 1152.0)] pending={ "kind": "object", "object": @Sprite2D@1049:<Sprite2D#210856052726> }
TAP_END {"actual":"(4093.127, 1150.31)","distance":74.8801803588867,"locked":false,"pathing":false,"pending":"{  }","target":"(4160.0, 1184.0)"}
[PASS] actual tap approaches/interacts at (4160.0, 1184.0)
HARVEST_NORMAL_ARRIVAL {"before":5,"count":5,"elapsed":0.0666666666666667,"item":"I6","state":{"active":{"committed":false,"generation":27,"kind":"rock","phase":"reserved","target_key":"/root/StartingGrove/YSortLayer:I6:(4160.0, 1184.0):210856052726","token":8},"counters":{"auto_cancels":0,"begun":8,"cancels":0,"commits":7,"contacts":7,"finishes":7,"rejected":0,"resets":26,"supersede_finishes":0},"generation":27,"last":{"kind":"rock","phase":"done","reason":"finished","reward_granted":true,"target_key":"/root/StartingGrove/YSortLayer:I6:(4096.0, 1088.0):210168186855","token":7},"version":1},"token":8}
[PASS] bounded contact action resolves I6
[PASS] normal action contact actually rewards I6
[PASS] actual object gather yields I6
[PASS] reachable source for I8
[PASS] interaction target exists
TAP_REQUEST {"pick":"(4096.0, 1152.0)","picked":"@Sprite2D@1045:<Sprite2D#210721834992>","point":"(4096.0, 1152.0)","stand":"(32, 36)","target":"@Sprite2D@1045:<Sprite2D#210721834992>"}
TAP_QUEUED [] pending={  }
TAP_END {"actual":"(4093.127, 1150.31)","distance":3.33339738845825,"locked":false,"pathing":false,"pending":"{  }","target":"(4096.0, 1152.0)"}
[PASS] actual tap approaches/interacts at (4096.0, 1152.0)
HARVEST_NORMAL_ARRIVAL {"before":0,"count":0,"elapsed":0.0666666666666667,"item":"I8","state":{"active":{"committed":false,"generation":30,"kind":"rock","phase":"reserved","target_key":"/root/StartingGrove/YSortLayer:I8:(4096.0, 1152.0):210721834992","token":9},"counters":{"auto_cancels":0,"begun":9,"cancels":0,"commits":8,"contacts":8,"finishes":8,"rejected":0,"resets":29,"supersede_finishes":0},"generation":30,"last":{"kind":"rock","phase":"done","reason":"finished","reward_granted":true,"target_key":"/root/StartingGrove/YSortLayer:I6:(4160.0, 1184.0):210856052726","token":8},"version":1},"token":9}
[PASS] bounded contact action resolves I8
[PASS] normal action contact actually rewards I8
[PASS] actual object gather yields I8
[PASS] reachable source for I8
[PASS] interaction target exists
TAP_REQUEST {"pick":"(4288.0, 1120.0)","picked":"@Sprite2D@1040:<Sprite2D#210335959020>","point":"(4288.0, 1120.0)","stand":"(32, 33)","target":"@Sprite2D@1040:<Sprite2D#210335959020>"}
TAP_QUEUED [(4096.0, 1152.0), (4160.0, 1120.0), (4224.0, 1088.0)] pending={ "kind": "object", "object": @Sprite2D@1040:<Sprite2D#210335959020> }
TAP_END {"actual":"(4219.551, 1090.215)","distance":74.6487579345703,"locked":false,"pathing":false,"pending":"{  }","target":"(4288.0, 1120.0)"}
[PASS] actual tap approaches/interacts at (4288.0, 1120.0)
HARVEST_NORMAL_ARRIVAL {"before":1,"count":1,"elapsed":0.0833333333333333,"item":"I8","state":{"active":{"committed":false,"generation":33,"kind":"rock","phase":"reserved","target_key":"/root/StartingGrove/YSortLayer:I8:(4288.0, 1120.0):210335959020","token":10},"counters":{"auto_cancels":0,"begun":10,"cancels":0,"commits":9,"contacts":9,"finishes":9,"rejected":0,"resets":32,"supersede_finishes":0},"generation":33,"last":{"kind":"rock","phase":"done","reason":"finished","reward_granted":true,"target_key":"/root/StartingGrove/YSortLayer:I8:(4096.0, 1152.0):210721834992","token":9},"version":1},"token":10}
[PASS] bounded contact action resolves I8
[PASS] normal action contact actually rewards I8
[PASS] actual object gather yields I8
[PASS] reachable source for I8
[PASS] interaction target exists
TAP_REQUEST {"pick":"(3584.0, 1088.0)","picked":"@Sprite2D@1033:<Sprite2D#210101077989>","point":"(3584.0, 1088.0)","stand":"(28, 34)","target":"@Sprite2D@1033:<Sprite2D#210101077989>"}
TAP_QUEUED [(4224.0, 1088.0), (4160.0, 1120.0), (4096.0, 1152.0), (4032.0, 1120.0), (3968.0, 1152.0), (3904.0, 1120.0), (3840.0, 1152.0), (3776.0, 1120.0), (3712.0, 1088.0), (3648.0, 1120.0)] pending={ "kind": "object", "object": @Sprite2D@1033:<Sprite2D#210101077989> }
TAP_END {"actual":"(3652.771, 1117.971)","distance":75.0184936523438,"locked":false,"pathing":false,"pending":"{  }","target":"(3584.0, 1088.0)"}
[PASS] actual tap approaches/interacts at (3584.0, 1088.0)
HARVEST_NORMAL_ARRIVAL {"before":2,"count":2,"elapsed":0.0833333333333333,"item":"I8","state":{"active":{"committed":false,"generation":36,"kind":"rock","phase":"reserved","target_key":"/root/StartingGrove/YSortLayer:I8:(3584.0, 1088.0):210101077989","token":11},"counters":{"auto_cancels":0,"begun":11,"cancels":0,"commits":10,"contacts":10,"finishes":10,"rejected":0,"resets":35,"supersede_finishes":0},"generation":36,"last":{"kind":"rock","phase":"done","reason":"finished","reward_granted":true,"target_key":"/root/StartingGrove/YSortLayer:I8:(4288.0, 1120.0):210335959020","token":10},"version":1},"token":11}
[PASS] bounded contact action resolves I8
[PASS] normal action contact actually rewards I8
[PASS] actual object gather yields I8
[PASS] reachable tile for I1
[PASS] path accepted (28, 32)
[PASS] actual walk arrives (28, 32) actual=(3653.095, 1058.648)
INPUT_PROBE {"has_hover":true,"hover_cell":"(27, 31)","hover_object":"<null>","lock":false,"mouse":"(730.0, 414.0)","player_cell":"(28, 32)","screen":"(730.1785, 414.7151)","target_cell":"(27, 31)","target_object":"<null>","wanted":"(27, 31)"}
[PASS] actual local keyboard tile gather I1(27, 31)
[PASS] reachable tile for I1
[PASS] path accepted (28, 32)
[PASS] actual walk arrives (28, 32) actual=(3653.095, 1058.648)
INPUT_PROBE {"has_hover":true,"hover_cell":"(28, 31)","hover_object":"<null>","lock":false,"mouse":"(858.0, 414.0)","player_cell":"(28, 32)","screen":"(858.8965, 415.3448)","target_cell":"(27, 31)","target_object":"<null>","wanted":"(28, 31)"}
[PASS] actual local keyboard tile gather I1(28, 31)
[PASS] reachable tile for I1
[PASS] path accepted (26, 32)
[PASS] actual walk arrives (26, 32) actual=(3395.979, 1057.754)
INPUT_PROBE {"has_hover":true,"hover_cell":"(25, 31)","hover_object":"<null>","lock":false,"mouse":"(730.0, 414.0)","player_cell":"(26, 32)","screen":"(730.584, 415.9551)","target_cell":"(25, 31)","target_object":"<null>","wanted":"(25, 31)"}
[PASS] actual local keyboard tile gather I1(25, 31)
[PASS] reachable tile for I1
[PASS] path accepted (23, 32)
[PASS] actual walk arrives (23, 32) actual=(3011.799, 1054.311)
INPUT_PROBE {"has_hover":true,"hover_cell":"(22, 31)","hover_object":"<null>","lock":false,"mouse":"(730.0, 420.0)","player_cell":"(23, 32)","screen":"(730.4473, 420.035)","target_cell":"(22, 33)","target_object":"<null>","wanted":"(22, 31)"}
[PASS] actual local keyboard tile gather I1(22, 31)
[PASS] reachable tile for I1
[PASS] path accepted (22, 32)
[PASS] actual walk arrives (22, 32) actual=(2883.957, 1054.236)
INPUT_PROBE {"has_hover":true,"hover_cell":"(21, 31)","hover_object":"<null>","lock":false,"mouse":"(730.0, 420.0)","player_cell":"(22, 32)","screen":"(730.8096, 420.0607)","target_cell":"(21, 33)","target_object":"<null>","wanted":"(21, 31)"}
[PASS] actual local keyboard tile gather I1(21, 31)
[PASS] reachable tile for I7
[PASS] path accepted (10, 36)
[PASS] actual walk arrives (10, 36) actual=(1350.78, 1187.244)
INPUT_PROBE {"has_hover":true,"hover_cell":"(9, 35)","hover_object":"<null>","lock":false,"mouse":"(726.0, 520.0)","player_cell":"(10, 36)","screen":"(727.749, 520.0)","target_cell":"(9, 35)","target_object":"<null>","wanted":"(9, 35)"}
[PASS] actual local keyboard tile gather I7(9, 35)
[PASS] reachable tile for I7
[PASS] path accepted (9, 35)
[PASS] actual walk arrives (9, 35) actual=(1283.642, 1153.818)
INPUT_PROBE {"has_hover":true,"hover_cell":"(9, 34)","hover_object":"<null>","lock":false,"mouse":"(730.0, 488.0)","player_cell":"(9, 35)","screen":"(731.317, 488.0)","target_cell":"(8, 34)","target_object":"<null>","wanted":"(9, 34)"}
[PASS] actual local keyboard tile gather I7(9, 34)
[PASS] gathering naturally advances Q1
[PASS] interaction target exists
TAP_REQUEST {"pick":"(2304.0, 1152.0)","picked":"@Sprite2D@1041:<Sprite2D#210369513453>","point":"(2304.0, 1152.0)","stand":"(17, 34)","target":"@Sprite2D@1041:<Sprite2D#210369513453>"}
TAP_QUEUED [(1280.0, 1152.0), (1344.0, 1120.0), (1408.0, 1088.0), (1472.0, 1120.0), (1536.0, 1152.0), (1600.0, 1120.0), (1664.0, 1088.0), (1728.0, 1120.0), (1792.0, 1152.0), (1856.0, 1120.0), (1920.0, 1088.0), (1984.0, 1120.0), (2048.0, 1152.0), (2112.0, 1120.0), (2176.0, 1152.0), (2240.0, 1120.0)] pending={ "kind": "object", "object": @Sprite2D@1041:<Sprite2D#210369513453> }
TAP_END {"actual":"(2236.074, 1121.752)","distance":74.3565521240234,"locked":true,"pathing":false,"pending":"{  }","target":"(2304.0, 1152.0)"}
[PASS] actual tap approaches/interacts at (2304.0, 1152.0)
[PASS] reachable cauldron opens actual Fusion UI
[PASS] Fusion modal open for D09
[PASS] Fusion UI consumes gathered materials: I2+I2->D09
[PASS] Fusion modal open for D10
ERROR: Lambda capture at index 0 was freed. Passed "null" instead.
   at: call (modules/gdscript/gdscript_lambda_callable.cpp:110)
[PASS] Fusion UI consumes gathered materials: D09+I4->D10
[PASS] Fusion modal open for D61
ERROR: Lambda capture at index 0 was freed. Passed "null" instead.
   at: call (modules/gdscript/gdscript_lambda_callable.cpp:110)
ERROR: Lambda capture at index 0 was freed. Passed "null" instead.
   at: call (modules/gdscript/gdscript_lambda_callable.cpp:110)
[PASS] Fusion UI consumes gathered materials: I6+I8->D61
[PASS] Fusion modal open for D52
ERROR: Lambda capture at index 0 was freed. Passed "null" instead.
   at: call (modules/gdscript/gdscript_lambda_callable.cpp:110)
ERROR: Lambda capture at index 0 was freed. Passed "null" instead.
   at: call (modules/gdscript/gdscript_lambda_callable.cpp:110)
[PASS] Fusion UI consumes gathered materials: I1+I6->D52
[PASS] Fusion modal open for D14
ERROR: Lambda capture at index 0 was freed. Passed "null" instead.
   at: call (modules/gdscript/gdscript_lambda_callable.cpp:110)
ERROR: Lambda capture at index 0 was freed. Passed "null" instead.
   at: call (modules/gdscript/gdscript_lambda_callable.cpp:110)
[PASS] Fusion UI consumes gathered materials: D61+D52->D14
[PASS] Fusion modal open for D61
ERROR: Lambda capture at index 0 was freed. Passed "null" instead.
   at: call (modules/gdscript/gdscript_lambda_callable.cpp:110)
ERROR: Lambda capture at index 0 was freed. Passed "null" instead.
   at: call (modules/gdscript/gdscript_lambda_callable.cpp:110)
[PASS] Fusion UI consumes gathered materials: I6+I8->D61
[PASS] Fusion modal open for D52
ERROR: Lambda capture at index 0 was freed. Passed "null" instead.
   at: call (modules/gdscript/gdscript_lambda_callable.cpp:110)
ERROR: Lambda capture at index 0 was freed. Passed "null" instead.
   at: call (modules/gdscript/gdscript_lambda_callable.cpp:110)
[PASS] Fusion UI consumes gathered materials: I1+I6->D52
[PASS] Fusion modal open for D14
ERROR: Lambda capture at index 0 was freed. Passed "null" instead.
   at: call (modules/gdscript/gdscript_lambda_callable.cpp:110)
ERROR: Lambda capture at index 0 was freed. Passed "null" instead.
   at: call (modules/gdscript/gdscript_lambda_callable.cpp:110)
[PASS] Fusion UI consumes gathered materials: D61+D52->D14
[PASS] Fusion modal open for D61
ERROR: Lambda capture at index 0 was freed. Passed "null" instead.
   at: call (modules/gdscript/gdscript_lambda_callable.cpp:110)
ERROR: Lambda capture at index 0 was freed. Passed "null" instead.
   at: call (modules/gdscript/gdscript_lambda_callable.cpp:110)
[PASS] Fusion UI consumes gathered materials: I6+I8->D61
[PASS] Fusion modal open for D52
ERROR: Lambda capture at index 0 was freed. Passed "null" instead.
   at: call (modules/gdscript/gdscript_lambda_callable.cpp:110)
ERROR: Lambda capture at index 0 was freed. Passed "null" instead.
   at: call (modules/gdscript/gdscript_lambda_callable.cpp:110)
[PASS] Fusion UI consumes gathered materials: I1+I6->D52
[PASS] Fusion modal open for D14
ERROR: Lambda capture at index 0 was freed. Passed "null" instead.
   at: call (modules/gdscript/gdscript_lambda_callable.cpp:110)
ERROR: Lambda capture at index 0 was freed. Passed "null" instead.
   at: call (modules/gdscript/gdscript_lambda_callable.cpp:110)
[PASS] Fusion UI consumes gathered materials: D61+D52->D14
[PASS] Fusion modal open for D04
ERROR: Lambda capture at index 0 was freed. Passed "null" instead.
   at: call (modules/gdscript/gdscript_lambda_callable.cpp:110)
ERROR: Lambda capture at index 0 was freed. Passed "null" instead.
   at: call (modules/gdscript/gdscript_lambda_callable.cpp:110)
[PASS] Fusion UI consumes gathered materials: I1+I4->D04
[PASS] real Fusion UI transactions advance Q2
[PASS] path accepted (23, 35)
ERROR: Lambda capture at index 0 was freed. Passed "null" instead.
   at: call (modules/gdscript/gdscript_lambda_callable.cpp:110)
[PASS] actual walk arrives (23, 35) actual=(3068.482, 1150.416)
INPUT_PROBE {"has_hover":true,"hover_cell":"(23, 35)","hover_object":"<null>","lock":false,"mouse":"(804.0, 520.0)","player_cell":"(23, 35)","screen":"(804.9368, 520.0)","target_cell":"(23, 35)","target_object":"<null>","wanted":"(23, 35)"}
[PASS] gathered/crafted nest placement triggers episode
L1_CAPTURE phase=normal_materials_nest_response path=[WORLD]/evidence/16-harvest-integration/final-v2/02-nest-response.png state={"camera_limits":[-156,-220,5340,1532],"camera_position":[3068.482,1150.416],"camera_zoom":[1.0,1.0],"candidate_provenance":"l1-v2 only when explicitly selected before new-run Home; production default remains l1-v1. v2 diagonal ascent amendment is engineering layout, not authored-art approval.","canvas_modulate":"f8f3e3ff","capture_kind":"normal_root_automated_progression_no_inventory_or_clear_injection","control_locked":false,"day_phase":"day","dialogue_automation":"Important modal beats read using fresh ui_accept and native touch; close/reveal via real input, no direct seen flags. Resizes disclosed separately.","focus_automation":"Observed OS focus losses only permit at most 3 explicit new public movement requests per walk; no private path restoration or disabled cancellation. Logged separately.","foundation_entry":"production starting_grove -> representative_grove -> preserved legacy_grove","game_time":59.1666103333331,"image_size":[1600,900],"layout_revision":"l1-v2","map_dimensions":[40,40],"night_gate_bindings":[{"body_layer":1,"cell":"(21, 7)","node":"/root/StartingGrove/YSortLayer/@Node2D@1006","offset":"(0.0, -60.0)","open":false,"root":"(2880.0, 256.0)","scale":"(1.0, 1.0)","screen_rect":"[P: (547.8616, -500.0), S: (128.0, 128.0)]","shape_disabled":false,"texture":"res://assets/objects/night_bud_closed.png"},{"body_layer":1,"cell":"(22, 7)","node":"/root/StartingGrove/YSortLayer/@Node2D@1007","offset":"(0.0, -60.0)","open":false,"root":"(3008.0, 256.0)","scale":"(1.0, 1.0)","screen_rect":"[P: (675.8616, -500.0), S: (128.0, 128.0)]","shape_disabled":false,"texture":"res://assets/objects/night_bud_closed.png"}],"object_spawn_count":48,"path":"[WORLD]/evidence/16-harvest-integration/final-v2/02-nest-response.png","pending_load":false,"phase":"normal_materials_nest_response","player_position":[3068.482,1150.416],"portal_states":{"divinity":"dormant","machine":"dormant","magic":"dormant","nature":"flickering","return":"open","science":"dormant"},"quest":"Q3","return_portal_count":1,"save_error":0,"save_present":true,"scene":"StartingGrove","spawn_cell":[14,35],"story_state":{"WH-L1H-01":{"active_item_id":"D10","active_outcome":"nest","cairn_seen":{},"home_line_seen":false,"outcomes_seen":{"nest":true},"perch_inspected":false,"record_unlocked":false,"revision":1}},"test_state_injection":"Only Opening real skip handler called directly. No teleports, ingredient/recipe injection, quest/clear signals or time edits. Real TouchController movement/tap, keyboard gather/place; Fusion UI callbacks after physical cauldron arrival. Automated input, not human/manual QA.","tile_count":1600,"world_context":{"arrival_mode":"portal_arrival","current_scene":"grove","travel_layer":"nature"}}
[PASS] path accepted (22, 31)
[PASS] actual walk arrives (22, 31) actual=(2948.791, 1026.413)
INPUT_PROBE {"has_hover":true,"hover_cell":"(22, 30)","hover_object":"<null>","lock":false,"mouse":"(728.0, 414.0)","player_cell":"(22, 31)","screen":"(729.8518, 414.7777)","target_cell":"(22, 30)","target_object":"<null>","wanted":"(22, 30)"}
[PASS] crafted G1 stone placed from actual approach (22, 30)
[PASS] path accepted (22, 30)
[PASS] actual walk arrives (22, 30) actual=(2886.188, 995.0954)
INPUT_PROBE {"has_hover":true,"hover_cell":"(22, 29)","hover_object":"<null>","lock":false,"mouse":"(856.0, 414.0)","player_cell":"(22, 30)","screen":"(856.7615, 414.3784)","target_cell":"(22, 29)","target_object":"<null>","wanted":"(22, 29)"}
[PASS] crafted G1 stone placed from actual approach (22, 29)
[PASS] path accepted (22, 29)
[PASS] actual walk arrives (22, 29) actual=(2939.207, 962.5289)
INPUT_PROBE {"has_hover":true,"hover_cell":"(22, 28)","hover_object":"<null>","lock":false,"mouse":"(740.0, 414.0)","player_cell":"(22, 29)","screen":"(741.7637, 414.9132)","target_cell":"(22, 28)","target_object":"<null>","wanted":"(22, 28)"}
[PASS] crafted G1 stone placed from actual approach (22, 28)
[PASS] three real G1 placements advance Q3
[PASS] path accepted (29, 17)
[PASS] actual walk arrives (29, 17) actual=(3836.733, 574.5035)
INPUT_PROBE {"has_hover":false,"hover_cell":"(29, 16)","hover_object":"L1StoryCairn:<Sprite2D#314992233722>","lock":false,"mouse":"(804.0, 362.0)","player_cell":"(29, 17)","screen":"(804.7925, 363.8704)","target_cell":"(28, 16)","target_object":"L1StoryCairn:<Sprite2D#314992233722>","wanted":"(29, 15)"}
CONTROL_TRANSITION true at=82012
L1_CAPTURE phase=normal_dialogue_돌무더기 path=[WORLD]/evidence/16-harvest-integration/final-v2/dialogue-01.png state={"camera_limits":[-156,-220,5340,1532],"camera_position":[3836.733,574.503],"camera_zoom":[1.0,1.0],"candidate_provenance":"l1-v2 only when explicitly selected before new-run Home; production default remains l1-v1. v2 diagonal ascent amendment is engineering layout, not authored-art approval.","canvas_modulate":"f8f2e2ff","capture_kind":"normal_root_automated_progression_no_inventory_or_clear_injection","control_locked":true,"day_phase":"day","dialogue_automation":"Important modal beats read using fresh ui_accept and native touch; close/reveal via real input, no direct seen flags. Resizes disclosed separately.","focus_automation":"Observed OS focus losses only permit at most 3 explicit new public movement requests per walk; no private path restoration or disabled cancellation. Logged separately.","foundation_entry":"production starting_grove -> representative_grove -> preserved legacy_grove","game_time":68.9076930000014,"image_size":[1600,900],"layout_revision":"l1-v2","map_dimensions":[40,40],"night_gate_bindings":[{"body_layer":1,"cell":"(21, 7)","node":"/root/StartingGrove/YSortLayer/@Node2D@1006","offset":"(0.0, -60.0)","open":false,"root":"(2880.0, 256.0)","scale":"(1.0, 1.0)","screen_rect":"[P: (-220.3911, 7.5802), S: (128.0, 128.0)]","shape_disabled":false,"texture":"res://assets/objects/night_bud_closed.png"},{"body_layer":1,"cell":"(22, 7)","node":"/root/StartingGrove/YSortLayer/@Node2D@1007","offset":"(0.0, -60.0)","open":false,"root":"(3008.0, 256.0)","scale":"(1.0, 1.0)","screen_rect":"[P: (-92.39111, 7.5802), S: (128.0, 128.0)]","shape_disabled":false,"texture":"res://assets/objects/night_bud_closed.png"}],"object_spawn_count":48,"path":"[WORLD]/evidence/16-harvest-integration/final-v2/dialogue-01.png","pending_load":false,"phase":"normal_dialogue_돌무더기","player_position":[3836.733,574.503],"portal_states":{"divinity":"dormant","machine":"dormant","magic":"dormant","nature":"flickering","return":"open","science":"dormant"},"quest":"Q4","return_portal_count":1,"save_error":0,"save_present":true,"scene":"StartingGrove","spawn_cell":[14,35],"story_state":{"WH-L1H-01":{"active_item_id":"D10","active_outcome":"nest","cairn_seen":{},"home_line_seen":false,"outcomes_seen":{"nest":true},"perch_inspected":false,"record_unlocked":false,"revision":1}},"test_state_injection":"Only Opening real skip handler called directly. No teleports, ingredient/recipe injection, quest/clear signals or time edits. Real TouchController movement/tap, keyboard gather/place; Fusion UI callbacks after physical cauldron arrival. Automated input, not human/manual QA.","tile_count":1600,"world_context":{"arrival_mode":"portal_arrival","current_scene":"grove","travel_layer":"nature"}}
[PASS] normal-root simulated dialogue pixels (640, 480)
[PASS] normal-root simulated dialogue pixels (390, 844)
[PASS] normal-root simulated dialogue pixels (844, 390)
CONTROL_TRANSITION false at=83263
[PASS] normal dialogue completed using fresh keyboard/touch input
[PASS] normal G1 crossing and ramp climb reaches cairn inspection
L1_CAPTURE phase=normal_gather_craft_G1_cairn path=[WORLD]/evidence/16-harvest-integration/final-v2/03-cairn-normal.png state={"camera_limits":[-156,-220,5340,1532],"camera_position":[3836.733,574.503],"camera_zoom":[1.0,1.0],"candidate_provenance":"l1-v2 only when explicitly selected before new-run Home; production default remains l1-v1. v2 diagonal ascent amendment is engineering layout, not authored-art approval.","canvas_modulate":"f8f2e2ff","capture_kind":"normal_root_automated_progression_no_inventory_or_clear_injection","control_locked":false,"day_phase":"day","dialogue_automation":"Important modal beats read using fresh ui_accept and native touch; close/reveal via real input, no direct seen flags. Resizes disclosed separately.","focus_automation":"Observed OS focus losses only permit at most 3 explicit new public movement requests per walk; no private path restoration or disabled cancellation. Logged separately.","foundation_entry":"production starting_grove -> representative_grove -> preserved legacy_grove","game_time":68.9902507777792,"image_size":[1600,900],"layout_revision":"l1-v2","map_dimensions":[40,40],"night_gate_bindings":[{"body_layer":1,"cell":"(21, 7)","node":"/root/StartingGrove/YSortLayer/@Node2D@1006","offset":"(0.0, -60.0)","open":false,"root":"(2880.0, 256.0)","scale":"(1.0, 1.0)","screen_rect":"[P: (-220.7317, 7.496765), S: (128.0, 128.0)]","shape_disabled":false,"texture":"res://assets/objects/night_bud_closed.png"},{"body_layer":1,"cell":"(22, 7)","node":"/root/StartingGrove/YSortLayer/@Node2D@1007","offset":"(0.0, -60.0)","open":false,"root":"(3008.0, 256.0)","scale":"(1.0, 1.0)","screen_rect":"[P: (-92.73169, 7.496765), S: (128.0, 128.0)]","shape_disabled":false,"texture":"res://assets/objects/night_bud_closed.png"}],"object_spawn_count":48,"path":"[WORLD]/evidence/16-harvest-integration/final-v2/03-cairn-normal.png","pending_load":false,"phase":"normal_gather_craft_G1_cairn","player_position":[3836.733,574.503],"portal_states":{"divinity":"dormant","machine":"dormant","magic":"dormant","nature":"flickering","return":"open","science":"dormant"},"quest":"Q4","return_portal_count":1,"save_error":0,"save_present":true,"scene":"StartingGrove","spawn_cell":[14,35],"story_state":{"WH-L1H-01":{"active_item_id":"D10","active_outcome":"nest","cairn_seen":{"nest":true},"home_line_seen":false,"outcomes_seen":{"nest":true},"perch_inspected":false,"record_unlocked":false,"revision":1}},"test_state_injection":"Only Opening real skip handler called directly. No teleports, ingredient/recipe injection, quest/clear signals or time edits. Real TouchController movement/tap, keyboard gather/place; Fusion UI callbacks after physical cauldron arrival. Automated input, not human/manual QA.","tile_count":1600,"world_context":{"arrival_mode":"portal_arrival","current_scene":"grove","travel_layer":"nature"}}
[PASS] interaction target exists
TAP_REQUEST {"pick":"(3136.0, 448.0)","picked":"@Sprite2D@1013:<Sprite2D#208893118416>","point":"(3136.0, 480.0)","stand":"(24, 15)","target":"@Sprite2D@1013:<Sprite2D#208893118416>"}
TAP_QUEUED [(3840.0, 576.0), (3776.0, 544.0), (3712.0, 512.0), (3648.0, 544.0), (3584.0, 512.0), (3520.0, 544.0), (3456.0, 512.0), (3392.0, 544.0), (3328.0, 512.0), (3264.0, 544.0), (3200.0, 512.0)] pending={ "kind": "object", "object": @Sprite2D@1013:<Sprite2D#208893118416> }
TAP_END {"actual":"(3204.102, 513.8183)","distance":76.0368270874023,"locked":false,"pathing":false,"pending":"{  }","target":"(3136.0, 480.0)"}
[PASS] actual tap approaches/interacts at (3136.0, 480.0)
[PASS] actual water use opens G2 and advances Q4
L1_CAPTURE phase=normal_water_use_G2 path=[WORLD]/evidence/16-harvest-integration/final-v2/04-g2-bloomed.png state={"camera_limits":[-156,-220,5340,1532],"camera_position":[3204.102,513.818],"camera_zoom":[1.0,1.0],"candidate_provenance":"l1-v2 only when explicitly selected before new-run Home; production default remains l1-v1. v2 diagonal ascent amendment is engineering layout, not authored-art approval.","canvas_modulate":"f8f2e2ff","capture_kind":"normal_root_automated_progression_no_inventory_or_clear_injection","control_locked":false,"day_phase":"day","dialogue_automation":"Important modal beats read using fresh ui_accept and native touch; close/reveal via real input, no direct seen flags. Resizes disclosed separately.","focus_automation":"Observed OS focus losses only permit at most 3 explicit new public movement requests per walk; no private path restoration or disabled cancellation. Logged separately.","foundation_entry":"production starting_grove -> representative_grove -> preserved legacy_grove","game_time":71.4170171111122,"image_size":[1600,900],"layout_revision":"l1-v2","map_dimensions":[40,40],"night_gate_bindings":[{"body_layer":1,"cell":"(21, 7)","node":"/root/StartingGrove/YSortLayer/@Node2D@1006","offset":"(0.0, -60.0)","open":false,"root":"(2880.0, 256.0)","scale":"(1.0, 1.0)","screen_rect":"[P: (381.8105, 60.9101), S: (128.0, 128.0)]","shape_disabled":false,"texture":"res://assets/objects/night_bud_closed.png"},{"body_layer":1,"cell":"(22, 7)","node":"/root/StartingGrove/YSortLayer/@Node2D@1007","offset":"(0.0, -60.0)","open":false,"root":"(3008.0, 256.0)","scale":"(1.0, 1.0)","screen_rect":"[P: (509.8105, 60.9101), S: (128.0, 128.0)]","shape_disabled":false,"texture":"res://assets/objects/night_bud_closed.png"}],"object_spawn_count":48,"path":"[WORLD]/evidence/16-harvest-integration/final-v2/04-g2-bloomed.png","pending_load":false,"phase":"normal_water_use_G2","player_position":[3204.102,513.818],"portal_states":{"divinity":"dormant","machine":"dormant","magic":"dormant","nature":"flickering","return":"open","science":"dormant"},"quest":"Q5","return_portal_count":1,"save_error":0,"save_present":true,"scene":"StartingGrove","spawn_cell":[14,35],"story_state":{"WH-L1H-01":{"active_item_id":"D10","active_outcome":"nest","cairn_seen":{"nest":true},"home_line_seen":false,"outcomes_seen":{"nest":true},"perch_inspected":false,"record_unlocked":false,"revision":1}},"test_state_injection":"Only Opening real skip handler called directly. No teleports, ingredient/recipe injection, quest/clear signals or time edits. Real TouchController movement/tap, keyboard gather/place; Fusion UI callbacks after physical cauldron arrival. Automated input, not human/manual QA.","tile_count":1600,"world_context":{"arrival_mode":"portal_arrival","current_scene":"grove","travel_layer":"nature"}}
[PASS] interaction target exists
TAP_REQUEST {"pick":"(2432.0, 352.0)","picked":"@Sprite2D@1010:<Sprite2D#208624682953>","point":"(2432.0, 352.0)","stand":"(18, 11)","target":"@Sprite2D@1010:<Sprite2D#208624682953>"}
TAP_QUEUED [(3200.0, 512.0), (3136.0, 480.0), (3072.0, 448.0), (3008.0, 416.0), (2944.0, 384.0), (2880.0, 416.0), (2816.0, 384.0), (2752.0, 352.0), (2688.0, 384.0), (2624.0, 416.0), (2560.0, 384.0), (2496.0, 416.0), (2432.0, 384.0)] pending={ "kind": "object", "object": @Sprite2D@1010:<Sprite2D#208624682953> }
TAP_END {"actual":"(2435.902, 385.7426)","distance":33.9674034118652,"locked":false,"pathing":false,"pending":"{  }","target":"(2432.0, 352.0)"}
[PASS] actual tap approaches/interacts at (2432.0, 352.0)
[PASS] rest and natural night transition advance Q5
WORLD_TREE_APPROACH (21, 7) root=(2816.0, 160.0)
[PASS] path accepted (21, 7)
CONTROL_TRANSITION true at=211121
CONTROL_TRANSITION false at=219768
NORMAL_INPUT_REISSUE_AFTER_CUTSCENE (21, 7)
[PASS] actual walk arrives (21, 7) actual=(2821.193, 258.6105)
[PASS] actual night passage and world-tree approach advance Q6
[PASS] interaction target exists
TAP_REQUEST {"pick":"(2816.0, 128.0)","picked":"@Sprite2D@999:<Sprite2D#206795966393>","point":"(2816.0, 160.0)","stand":"(21, 5)","target":"@Sprite2D@999:<Sprite2D#206795966393>"}
TAP_QUEUED [] pending={  }
TAP_END {"actual":"(2821.193, 258.6105)","distance":98.7471923828125,"locked":false,"pathing":false,"pending":"{  }","target":"(2816.0, 160.0)"}
[PASS] actual tap approaches/interacts at (2816.0, 160.0)
HARVEST_NORMAL_ARRIVAL {"before":0,"count":0,"elapsed":0.0833333333333333,"item":"I9","state":{"active":{"committed":false,"generation":54,"kind":"flora","phase":"reserved","target_key":"/root/StartingGrove/YSortLayer:I9:(2816.0, 160.0):206795966393","token":12},"counters":{"auto_cancels":0,"begun":12,"cancels":0,"commits":11,"contacts":11,"finishes":11,"rejected":0,"resets":53,"supersede_finishes":0},"generation":54,"last":{"kind":"rock","phase":"done","reason":"finished","reward_granted":true,"target_key":"/root/StartingGrove/YSortLayer:I8:(3584.0, 1088.0):210101077989","token":11},"version":1},"token":12}
L1_CAPTURE phase=normal_harvest_flora_arrival path=[WORLD]/evidence/16-harvest-integration/final-v2/harvest-flora-arrival.png state={"camera_limits":[-156,-220,5340,1532],"camera_position":[2821.193,258.611],"camera_zoom":[1.0,1.0],"candidate_provenance":"l1-v2 only when explicitly selected before new-run Home; production default remains l1-v1. v2 diagonal ascent amendment is engineering layout, not authored-art approval.","canvas_modulate":"654696ff","capture_kind":"normal_root_automated_progression_no_inventory_or_clear_injection","control_locked":false,"day_phase":"night","dialogue_automation":"Important modal beats read using fresh ui_accept and native touch; close/reveal via real input, no direct seen flags. Resizes disclosed separately.","focus_automation":"Observed OS focus losses only permit at most 3 explicit new public movement requests per walk; no private path restoration or disabled cancellation. Logged separately.","foundation_entry":"production starting_grove -> representative_grove -> preserved legacy_grove","game_time":670.949275383837,"image_size":[1600,900],"layout_revision":"l1-v2","map_dimensions":[40,40],"night_gate_bindings":[{"body_layer":1,"cell":"(21, 7)","node":"/root/StartingGrove/YSortLayer/@Node2D@1006","offset":"(0.0, -60.0)","open":true,"root":"(2880.0, 256.0)","scale":"(1.0, 1.0)","screen_rect":"[P: (777.354, 314.5026), S: (128.0, 128.0)]","shape_disabled":true,"texture":"res://assets/objects/night_bud_open.png"},{"body_layer":1,"cell":"(22, 7)","node":"/root/StartingGrove/YSortLayer/@Node2D@1007","offset":"(0.0, -60.0)","open":true,"root":"(3008.0, 256.0)","scale":"(1.0, 1.0)","screen_rect":"[P: (905.354, 314.5026), S: (128.0, 128.0)]","shape_disabled":true,"texture":"res://assets/objects/night_bud_open.png"}],"object_spawn_count":48,"path":"[WORLD]/evidence/16-harvest-integration/final-v2/harvest-flora-arrival.png","pending_load":false,"phase":"normal_harvest_flora_arrival","player_position":[2821.193,258.611],"portal_states":{"divinity":"dormant","machine":"dormant","magic":"dormant","nature":"flickering","return":"open","science":"dormant"},"quest":"Q8","return_portal_count":1,"save_error":0,"save_present":true,"scene":"StartingGrove","spawn_cell":[14,35],"story_state":{"WH-L1H-01":{"active_item_id":"D10","active_outcome":"nest","cairn_seen":{"nest":true},"home_line_seen":false,"outcomes_seen":{"nest":true},"perch_inspected":false,"record_unlocked":false,"revision":1}},"test_state_injection":"Only Opening real skip handler called directly. No teleports, ingredient/recipe injection, quest/clear signals or time edits. Real TouchController movement/tap, keyboard gather/place; Fusion UI callbacks after physical cauldron arrival. Automated input, not human/manual QA.","tile_count":1600,"world_context":{"arrival_mode":"portal_arrival","current_scene":"grove","travel_layer":"nature"}}
[PASS] bounded contact action resolves I9
L1_CAPTURE phase=normal_harvest_flora_response path=[WORLD]/evidence/16-harvest-integration/final-v2/harvest-flora-response.png state={"camera_limits":[-156,-220,5340,1532],"camera_position":[2821.193,258.611],"camera_zoom":[1.0,1.0],"candidate_provenance":"l1-v2 only when explicitly selected before new-run Home; production default remains l1-v1. v2 diagonal ascent amendment is engineering layout, not authored-art approval.","canvas_modulate":"654696ff","capture_kind":"normal_root_automated_progression_no_inventory_or_clear_injection","control_locked":false,"day_phase":"night","dialogue_automation":"Important modal beats read using fresh ui_accept and native touch; close/reveal via real input, no direct seen flags. Resizes disclosed separately.","focus_automation":"Observed OS focus losses only permit at most 3 explicit new public movement requests per walk; no private path restoration or disabled cancellation. Logged separately.","foundation_entry":"production starting_grove -> representative_grove -> preserved legacy_grove","game_time":670.967457202019,"image_size":[1600,900],"layout_revision":"l1-v2","map_dimensions":[40,40],"night_gate_bindings":[{"body_layer":1,"cell":"(21, 7)","node":"/root/StartingGrove/YSortLayer/@Node2D@1006","offset":"(0.0, -60.0)","open":true,"root":"(2880.0, 256.0)","scale":"(1.0, 1.0)","screen_rect":"[P: (778.9407, 315.3105), S: (128.0, 128.0)]","shape_disabled":true,"texture":"res://assets/objects/night_bud_open.png"},{"body_layer":1,"cell":"(22, 7)","node":"/root/StartingGrove/YSortLayer/@Node2D@1007","offset":"(0.0, -60.0)","open":true,"root":"(3008.0, 256.0)","scale":"(1.0, 1.0)","screen_rect":"[P: (906.9407, 315.3105), S: (128.0, 128.0)]","shape_disabled":true,"texture":"res://assets/objects/night_bud_open.png"}],"object_spawn_count":48,"path":"[WORLD]/evidence/16-harvest-integration/final-v2/harvest-flora-response.png","pending_load":false,"phase":"normal_harvest_flora_response","player_position":[2821.193,258.611],"portal_states":{"divinity":"dormant","machine":"dormant","magic":"dormant","nature":"flickering","return":"open","science":"dormant"},"quest":"Q8","return_portal_count":1,"save_error":0,"save_present":true,"scene":"StartingGrove","spawn_cell":[14,35],"story_state":{"WH-L1H-01":{"active_item_id":"D10","active_outcome":"nest","cairn_seen":{"nest":true},"home_line_seen":false,"outcomes_seen":{"nest":true},"perch_inspected":false,"record_unlocked":false,"revision":1}},"test_state_injection":"Only Opening real skip handler called directly. No teleports, ingredient/recipe injection, quest/clear signals or time edits. Real TouchController movement/tap, keyboard gather/place; Fusion UI callbacks after physical cauldron arrival. Automated input, not human/manual QA.","tile_count":1600,"world_context":{"arrival_mode":"portal_arrival","current_scene":"grove","travel_layer":"nature"}}
[PASS] normal action contact actually rewards I9
[PASS] real unique world-tree gather advances Q7
L1_CAPTURE phase=normal_G3_I9_gather path=[WORLD]/evidence/16-harvest-integration/final-v2/05-world-tree-gathered.png state={"camera_limits":[-156,-220,5340,1532],"camera_position":[2821.193,258.611],"camera_zoom":[1.0,1.0],"candidate_provenance":"l1-v2 only when explicitly selected before new-run Home; production default remains l1-v1. v2 diagonal ascent amendment is engineering layout, not authored-art approval.","canvas_modulate":"654696ff","capture_kind":"normal_root_automated_progression_no_inventory_or_clear_injection","control_locked":false,"day_phase":"night","dialogue_automation":"Important modal beats read using fresh ui_accept and native touch; close/reveal via real input, no direct seen flags. Resizes disclosed separately.","focus_automation":"Observed OS focus losses only permit at most 3 explicit new public movement requests per walk; no private path restoration or disabled cancellation. Logged separately.","foundation_entry":"production starting_grove -> representative_grove -> preserved legacy_grove","game_time":671.111305777776,"image_size":[1600,900],"layout_revision":"l1-v2","map_dimensions":[40,40],"night_gate_bindings":[{"body_layer":1,"cell":"(21, 7)","node":"/root/StartingGrove/YSortLayer/@Node2D@1006","offset":"(0.0, -60.0)","open":true,"root":"(2880.0, 256.0)","scale":"(1.0, 1.0)","screen_rect":"[P: (790.3521, 321.1212), S: (128.0, 128.0)]","shape_disabled":true,"texture":"res://assets/objects/night_bud_open.png"},{"body_layer":1,"cell":"(22, 7)","node":"/root/StartingGrove/YSortLayer/@Node2D@1007","offset":"(0.0, -60.0)","open":true,"root":"(3008.0, 256.0)","scale":"(1.0, 1.0)","screen_rect":"[P: (918.3521, 321.1212), S: (128.0, 128.0)]","shape_disabled":true,"texture":"res://assets/objects/night_bud_open.png"}],"object_spawn_count":48,"path":"[WORLD]/evidence/16-harvest-integration/final-v2/05-world-tree-gathered.png","pending_load":false,"phase":"normal_G3_I9_gather","player_position":[2821.193,258.611],"portal_states":{"divinity":"dormant","machine":"dormant","magic":"dormant","nature":"flickering","return":"open","science":"dormant"},"quest":"Q8","return_portal_count":1,"save_error":0,"save_present":true,"scene":"StartingGrove","spawn_cell":[14,35],"story_state":{"WH-L1H-01":{"active_item_id":"D10","active_outcome":"nest","cairn_seen":{"nest":true},"home_line_seen":false,"outcomes_seen":{"nest":true},"perch_inspected":false,"record_unlocked":false,"revision":1}},"test_state_injection":"Only Opening real skip handler called directly. No teleports, ingredient/recipe injection, quest/clear signals or time edits. Real TouchController movement/tap, keyboard gather/place; Fusion UI callbacks after physical cauldron arrival. Automated input, not human/manual QA.","tile_count":1600,"world_context":{"arrival_mode":"portal_arrival","current_scene":"grove","travel_layer":"nature"}}
[PASS] interaction target exists
TAP_REQUEST {"pick":"(2304.0, 1152.0)","picked":"@Sprite2D@1041:<Sprite2D#210369513453>","point":"(2304.0, 1152.0)","stand":"(18, 36)","target":"@Sprite2D@1041:<Sprite2D#210369513453>"}
TAP_QUEUED [(2816.0, 256.0), (2880.0, 288.0), (2944.0, 320.0), (2880.0, 352.0), (2944.0, 384.0), (3008.0, 416.0), (3072.0, 448.0), (3136.0, 480.0), (3072.0, 512.0), (3008.0, 544.0), (2944.0, 576.0), (2880.0, 608.0), (2816.0, 640.0), (2752.0, 672.0), (2816.0, 704.0), (2752.0, 736.0), (2816.0, 768.0), (2752.0, 800.0), (2816.0, 832.0), (2752.0, 864.0), (2816.0, 896.0), (2880.0, 928.0), (2944.0, 960.0), (2880.0, 992.0), (2816.0, 1024.0), (2752.0, 1056.0), (2688.0, 1088.0), (2624.0, 1120.0), (2560.0, 1152.0), (2496.0, 1184.0), (2432.0, 1152.0), (2368.0, 1184.0)] pending={ "kind": "object", "object": @Sprite2D@1041:<Sprite2D#210369513453> }
TAP_END {"actual":"(2372.001, 1182.218)","distance":74.4132690429688,"locked":true,"pathing":false,"pending":"{  }","target":"(2304.0, 1152.0)"}
[PASS] actual tap approaches/interacts at (2304.0, 1152.0)
[PASS] Fusion modal open for D19
[PASS] Fusion UI consumes gathered materials: I9+I7->D19
[PASS] Fusion modal open for D20
ERROR: Lambda capture at index 0 was freed. Passed "null" instead.
   at: call (modules/gdscript/gdscript_lambda_callable.cpp:110)
[PASS] Fusion UI consumes gathered materials: D19+D04->D20
[PASS] Fusion modal open for D22
ERROR: Lambda capture at index 0 was freed. Passed "null" instead.
   at: call (modules/gdscript/gdscript_lambda_callable.cpp:110)
ERROR: Lambda capture at index 0 was freed. Passed "null" instead.
   at: call (modules/gdscript/gdscript_lambda_callable.cpp:110)
[PASS] Fusion UI consumes gathered materials: D20+I1->D22
[PASS] real I9-D19-D20-D22 chain advances Q8
[PASS] path accepted (13, 33)
ERROR: Lambda capture at index 0 was freed. Passed "null" instead.
   at: call (modules/gdscript/gdscript_lambda_callable.cpp:110)
[PASS] actual walk arrives (13, 33) actual=(1796.226, 1086.136)
CONTROL_TRANSITION true at=232185
[PASS] actual hollow tap consumes crafted D22 and completes Q9
CONTROL_TRANSITION false at=248566
CONTROL_TRANSITION true at=255517
CONTROL_TRANSITION false at=260863
CONTROL_TRANSITION true at=260871
L1_CAPTURE phase=normal_dialogue_제0세계 · 자연의 문 path=[WORLD]/evidence/16-harvest-integration/final-v2/dialogue-02.png state={"candidate_provenance":"l1-v2 only when explicitly selected before new-run Home; production default remains l1-v1. v2 diagonal ascent amendment is engineering layout, not authored-art approval.","capture_kind":"normal_root_automated_progression_no_inventory_or_clear_injection","control_locked":true,"day_phase":"night","dialogue_automation":"Important modal beats read using fresh ui_accept and native touch; close/reveal via real input, no direct seen flags. Resizes disclosed separately.","focus_automation":"Observed OS focus losses only permit at most 3 explicit new public movement requests per walk; no private path restoration or disabled cancellation. Logged separately.","foundation_entry":"production starting_grove -> representative_grove -> preserved legacy_grove","game_time":683.061568777774,"image_size":[1600,900],"layout_revision":"l1-v2","night_gate_bindings":[],"path":"[WORLD]/evidence/16-harvest-integration/final-v2/dialogue-02.png","pending_load":false,"phase":"normal_dialogue_제0세계 · 자연의 문","portal_states":{"divinity":"dormant","machine":"dormant","magic":"dormant","nature":"open","return":"open","science":"flickering"},"quest":"P2","save_error":0,"save_present":true,"scene":"HomeIsland","story_state":{"WH-L1H-01":{"active_item_id":"D10","active_outcome":"nest","cairn_seen":{"nest":true},"home_line_seen":false,"outcomes_seen":{"nest":true},"perch_inspected":false,"record_unlocked":false,"revision":1}},"test_state_injection":"Only Opening real skip handler called directly. No teleports, ingredient/recipe injection, quest/clear signals or time edits. Real TouchController movement/tap, keyboard gather/place; Fusion UI callbacks after physical cauldron arrival. Automated input, not human/manual QA.","world_context":{"arrival_mode":"","current_scene":"home","travel_layer":"nature"}}
CONTROL_TRANSITION false at=261547
[PASS] normal dialogue completed using fresh keyboard/touch input
[PASS] normal CS04/CS05 completion reaches Home P2 unlocked
L1_CAPTURE phase=normal_full_quest_clear_Home path=[WORLD]/evidence/16-harvest-integration/final-v2/06-home-natural-clear.png state={"candidate_provenance":"l1-v2 only when explicitly selected before new-run Home; production default remains l1-v1. v2 diagonal ascent amendment is engineering layout, not authored-art approval.","capture_kind":"normal_root_automated_progression_no_inventory_or_clear_injection","control_locked":false,"day_phase":"night","dialogue_automation":"Important modal beats read using fresh ui_accept and native touch; close/reveal via real input, no direct seen flags. Resizes disclosed separately.","focus_automation":"Observed OS focus losses only permit at most 3 explicit new public movement requests per walk; no private path restoration or disabled cancellation. Logged separately.","foundation_entry":"production starting_grove -> representative_grove -> preserved legacy_grove","game_time":683.138458206346,"image_size":[1600,900],"layout_revision":"l1-v2","night_gate_bindings":[],"path":"[WORLD]/evidence/16-harvest-integration/final-v2/06-home-natural-clear.png","pending_load":false,"phase":"normal_full_quest_clear_Home","portal_states":{"divinity":"dormant","machine":"dormant","magic":"dormant","nature":"open","return":"open","science":"flickering"},"quest":"P2","save_error":0,"save_present":true,"scene":"HomeIsland","story_state":{"WH-L1H-01":{"active_item_id":"D10","active_outcome":"nest","cairn_seen":{"nest":true},"home_line_seen":true,"outcomes_seen":{"nest":true},"perch_inspected":false,"record_unlocked":true,"revision":1}},"test_state_injection":"Only Opening real skip handler called directly. No teleports, ingredient/recipe injection, quest/clear signals or time edits. Real TouchController movement/tap, keyboard gather/place; Fusion UI callbacks after physical cauldron arrival. Automated input, not human/manual QA.","world_context":{"arrival_mode":"","current_scene":"home","travel_layer":"nature"}}
[PASS] normal clear produces exactly one Home trace
[PASS] nature portal exists
[PASS] path accepted (7, 7)
[PASS] actual walk arrives (7, 7) actual=(1030.666, 256.0387)
[PASS] actual Home walk reaches nature entry apron
CONTROL_TRANSITION true at=263670
CONTROL_TRANSITION false at=265030
[PASS] real nature interaction travels to L1
[PASS] path accepted (23, 35)
[PASS] actual walk arrives (23, 35) actual=(3067.115, 1149.933)
[PASS] normal revisit restores nest without replaying response/clear
INPUT_PROBE {"has_hover":false,"hover_cell":"(23, 31)","hover_object":"L1ListeningPerch:<Sprite2D#905298582077>","lock":false,"mouse":"(870.0, 408.0)","player_cell":"(23, 35)","screen":"(870.2319, 408.0)","target_cell":"(22, 36)","target_object":"@Sprite2D@7070:<Sprite2D#798712925467>","wanted":"(24, 32)"}
CONTROL_TRANSITION true at=273170
L1_CAPTURE phase=normal_dialogue_듣는 횃대 path=[WORLD]/evidence/16-harvest-integration/final-v2/dialogue-03.png state={"camera_limits":[-156,-220,5340,1532],"camera_position":[3067.115,1149.933],"camera_zoom":[1.0,1.0],"candidate_provenance":"l1-v2 only when explicitly selected before new-run Home; production default remains l1-v1. v2 diagonal ascent amendment is engineering layout, not authored-art approval.","canvas_modulate":"5a3f87ff","capture_kind":"normal_root_automated_progression_no_inventory_or_clear_injection","control_locked":true,"day_phase":"night","dialogue_automation":"Important modal beats read using fresh ui_accept and native touch; close/reveal via real input, no direct seen flags. Resizes disclosed separately.","focus_automation":"Observed OS focus losses only permit at most 3 explicit new public movement requests per walk; no private path restoration or disabled cancellation. Logged separately.","foundation_entry":"production starting_grove -> representative_grove -> preserved legacy_grove","game_time":691.643478206343,"image_size":[1600,900],"layout_revision":"l1-v2","map_dimensions":[40,40],"night_gate_bindings":[{"body_layer":1,"cell":"(21, 7)","node":"/root/StartingGrove/YSortLayer/@Node2D@7039","offset":"(0.0, -60.0)","open":true,"root":"(2880.0, 256.0)","scale":"(1.0, 1.0)","screen_rect":"[P: (549.0959, -500.0), S: (128.0, 128.0)]","shape_disabled":true,"texture":"res://assets/objects/night_bud_open.png"},{"body_layer":1,"cell":"(22, 7)","node":"/root/StartingGrove/YSortLayer/@Node2D@7040","offset":"(0.0, -60.0)","open":true,"root":"(3008.0, 256.0)","scale":"(1.0, 1.0)","screen_rect":"[P: (677.0959, -500.0), S: (128.0, 128.0)]","shape_disabled":true,"texture":"res://assets/objects/night_bud_open.png"}],"object_spawn_count":48,"path":"[WORLD]/evidence/16-harvest-integration/final-v2/dialogue-03.png","pending_load":false,"phase":"normal_dialogue_듣는 횃대","player_position":[3067.115,1149.933],"portal_states":{"divinity":"dormant","machine":"dormant","magic":"dormant","nature":"open","return":"open","science":"flickering"},"quest":"P2","return_portal_count":1,"save_error":0,"save_present":true,"scene":"StartingGrove","spawn_cell":[14,35],"story_state":{"WH-L1H-01":{"active_item_id":"D10","active_outcome":"nest","cairn_seen":{"nest":true},"home_line_seen":true,"outcomes_seen":{"nest":true},"perch_inspected":false,"record_unlocked":true,"revision":1}},"test_state_injection":"Only Opening real skip handler called directly. No teleports, ingredient/recipe injection, quest/clear signals or time edits. Real TouchController movement/tap, keyboard gather/place; Fusion UI callbacks after physical cauldron arrival. Automated input, not human/manual QA.","tile_count":1600,"world_context":{"arrival_mode":"portal_arrival","current_scene":"grove","travel_layer":"nature"}}
CONTROL_TRANSITION false at=273971
[PASS] normal dialogue completed using fresh keyboard/touch input
L1_CAPTURE phase=normal_saved_revisit path=[WORLD]/evidence/16-harvest-integration/final-v2/07-revisit.png state={"camera_limits":[-156,-220,5340,1532],"camera_position":[3067.115,1149.933],"camera_zoom":[1.0,1.0],"candidate_provenance":"l1-v2 only when explicitly selected before new-run Home; production default remains l1-v1. v2 diagonal ascent amendment is engineering layout, not authored-art approval.","canvas_modulate":"5a3f87ff","capture_kind":"normal_root_automated_progression_no_inventory_or_clear_injection","control_locked":false,"day_phase":"night","dialogue_automation":"Important modal beats read using fresh ui_accept and native touch; close/reveal via real input, no direct seen flags. Resizes disclosed separately.","focus_automation":"Observed OS focus losses only permit at most 3 explicit new public movement requests per walk; no private path restoration or disabled cancellation. Logged separately.","foundation_entry":"production starting_grove -> representative_grove -> preserved legacy_grove","game_time":691.76014487301,"image_size":[1600,900],"layout_revision":"l1-v2","map_dimensions":[40,40],"night_gate_bindings":[{"body_layer":1,"cell":"(21, 7)","node":"/root/StartingGrove/YSortLayer/@Node2D@7039","offset":"(0.0, -60.0)","open":true,"root":"(2880.0, 256.0)","scale":"(1.0, 1.0)","screen_rect":"[P: (548.8894, -500.0), S: (128.0, 128.0)]","shape_disabled":true,"texture":"res://assets/objects/night_bud_open.png"},{"body_layer":1,"cell":"(22, 7)","node":"/root/StartingGrove/YSortLayer/@Node2D@7040","offset":"(0.0, -60.0)","open":true,"root":"(3008.0, 256.0)","scale":"(1.0, 1.0)","screen_rect":"[P: (676.8894, -500.0), S: (128.0, 128.0)]","shape_disabled":true,"texture":"res://assets/objects/night_bud_open.png"}],"object_spawn_count":48,"path":"[WORLD]/evidence/16-harvest-integration/final-v2/07-revisit.png","pending_load":false,"phase":"normal_saved_revisit","player_position":[3067.115,1149.933],"portal_states":{"divinity":"dormant","machine":"dormant","magic":"dormant","nature":"open","return":"open","science":"flickering"},"quest":"P2","return_portal_count":1,"save_error":0,"save_present":true,"scene":"StartingGrove","spawn_cell":[14,35],"story_state":{"WH-L1H-01":{"active_item_id":"D10","active_outcome":"nest","cairn_seen":{"nest":true},"home_line_seen":true,"outcomes_seen":{"nest":true},"perch_inspected":true,"record_unlocked":true,"revision":1}},"test_state_injection":"Only Opening real skip handler called directly. No teleports, ingredient/recipe injection, quest/clear signals or time edits. Real TouchController movement/tap, keyboard gather/place; Fusion UI callbacks after physical cauldron arrival. Automated input, not human/manual QA.","tile_count":1600,"world_context":{"arrival_mode":"portal_arrival","current_scene":"grove","travel_layer":"nature"}}
NORMAL_PROGRESSION_DONE failed=false manifest=[WORLD]/evidence/16-harvest-integration/final-v2/normal-l1-runtime-state.json
WARNING: ObjectDB instances leaked at exit (run with --verbose for details).
     at: cleanup (core/object/object.cpp:2514)
ERROR: 3 resources still in use at exit (run with --verbose for details).
   at: clear (core/io/resource.cpp:795)
