Godot Engine v4.5.stable.official.876b29033 - https://godotengine.org
OpenGL API 4.1 Metal - 90.5 - Compatibility - Using Device: Apple - Apple M1 Pro

ROOT_FOCUS_ENTER at=1612
[PASS] explicit staged v2 new run before Home/Grove instantiation
ROOT_FOCUS_EXIT at=11786
[PASS] nature portal exists
[PASS] path accepted (7, 7)
[PASS] actual walk arrives (7, 7) actual=(1027.648, 256.0665)
[PASS] actual Home walk reaches nature entry apron
CONTROL_TRANSITION true at=18510
CONTROL_TRANSITION false at=19877
[PASS] real nature interaction travels to L1
CONTROL_TRANSITION true at=21763
CONTROL_TRANSITION false at=23199
[PASS] normal Home walk/portal starts Q1
L1_CAPTURE phase=normal_title_home_walk_nature_arrival path=[WORLD]/evidence/16-harvest-integration/normal-harvest-v2b/01-l1-arrival.png state={"camera_limits":[-156,-220,5340,1532],"camera_position":[1920.0,1152.0],"camera_zoom":[1.0,1.0],"candidate_provenance":"l1-v2 only when explicitly selected before new-run Home; production default remains l1-v1. v2 diagonal ascent amendment is engineering layout, not authored-art approval.","canvas_modulate":"faf5e5ff","capture_kind":"normal_root_automated_progression_no_inventory_or_clear_injection","control_locked":false,"day_phase":"day","dialogue_automation":"Important modal beats read using fresh ui_accept and native touch; close/reveal via real input, no direct seen flags. Resizes disclosed separately.","focus_automation":"Observed OS focus losses only permit at most 3 explicit new public movement requests per walk; no private path restoration or disabled cancellation. Logged separately.","foundation_entry":"production starting_grove -> representative_grove -> preserved legacy_grove","game_time":12.0079980000001,"image_size":[1600,900],"layout_revision":"l1-v2","map_dimensions":[40,40],"night_gate_bindings":[{"body_layer":1,"cell":"(21, 7)","node":"/root/StartingGrove/YSortLayer/@Node2D@1006","offset":"(0.0, -60.0)","open":false,"root":"(2880.0, 256.0)","scale":"(1.0, 1.0)","screen_rect":"[P: (1696.001, -500.0), S: (128.0, 128.0)]","shape_disabled":false,"texture":"res://assets/objects/night_bud_closed.png"},{"body_layer":1,"cell":"(22, 7)","node":"/root/StartingGrove/YSortLayer/@Node2D@1007","offset":"(0.0, -60.0)","open":false,"root":"(3008.0, 256.0)","scale":"(1.0, 1.0)","screen_rect":"[P: (1824.001, -500.0), S: (128.0, 128.0)]","shape_disabled":false,"texture":"res://assets/objects/night_bud_closed.png"}],"object_spawn_count":48,"path":"[WORLD]/evidence/16-harvest-integration/normal-harvest-v2b/01-l1-arrival.png","pending_load":false,"phase":"normal_title_home_walk_nature_arrival","player_position":[1920.0,1152.0],"portal_states":{"divinity":"dormant","machine":"dormant","magic":"dormant","nature":"flickering","return":"open","science":"dormant"},"quest":"Q1","return_portal_count":1,"save_error":0,"save_present":true,"scene":"StartingGrove","spawn_cell":[14,35],"story_state":{},"test_state_injection":"Only Opening real skip handler called directly. No teleports, ingredient/recipe injection, quest/clear signals or time edits. Real TouchController movement/tap, keyboard gather/place; Fusion UI callbacks after physical cauldron arrival. Automated input, not human/manual QA.","tile_count":1600,"world_context":{"arrival_mode":"portal_arrival","current_scene":"grove","travel_layer":"nature"}}
[PASS] reachable tile for I2
[PASS] path accepted (14, 34)
[PASS] actual walk arrives (14, 34) actual=(1861.862, 1122.931)
INPUT_PROBE {"has_hover":true,"hover_cell":"(13, 33)","hover_object":"<null>","lock":false,"mouse":"(728.0, 456.0)","player_cell":"(14, 34)","screen":"(729.1759, 456.0)","target_cell":"(13, 33)","target_object":"<null>","wanted":"(13, 33)"}
[PASS] actual local keyboard tile gather I2(13, 33)
[PASS] reachable tile for I2
[PASS] path accepted (14, 34)
[PASS] actual walk arrives (14, 34) actual=(1861.862, 1122.931)
INPUT_PROBE {"has_hover":true,"hover_cell":"(14, 35)","hover_object":"<null>","lock":false,"mouse":"(858.0, 520.0)","player_cell":"(14, 34)","screen":"(858.1293, 520.0)","target_cell":"(13, 33)","target_object":"<null>","wanted":"(14, 35)"}
[PASS] actual local keyboard tile gather I2(14, 35)
[PASS] reachable source for I4
[PASS] interaction target exists
TAP_REQUEST {"pick":"(2880.0, 1184.0)","picked":"@Sprite2D@1047:<Sprite2D#210738612212>","point":"(2880.0, 1184.0)","stand":"(21, 35)","target":"@Sprite2D@1047:<Sprite2D#210738612212>"}
TAP_QUEUED [(1856.0, 1120.0), (1920.0, 1152.0), (1984.0, 1120.0), (2048.0, 1152.0), (2112.0, 1184.0), (2176.0, 1152.0), (2240.0, 1184.0), (2304.0, 1152.0), (2368.0, 1184.0), (2432.0, 1152.0), (2496.0, 1184.0), (2560.0, 1152.0), (2624.0, 1184.0), (2688.0, 1152.0), (2752.0, 1184.0), (2816.0, 1152.0)] pending={ "kind": "object", "object": @Sprite2D@1047:<Sprite2D#210738612212> }
TAP_END {"actual":"(2811.953, 1153.798)","distance":74.4487838745117,"locked":false,"pathing":false,"pending":"{  }","target":"(2880.0, 1184.0)"}
[PASS] actual tap approaches/interacts at (2880.0, 1184.0)
HARVEST_NORMAL_ARRIVAL {"before":0,"count":0,"elapsed":0.0666666666666667,"item":"I4","state":{"active":{"committed":false,"generation":6,"kind":"wood","phase":"reserved","target_key":"/root/StartingGrove/YSortLayer:I4:(2880.0, 1184.0):210738612212","token":1},"counters":{"auto_cancels":0,"begun":1,"cancels":0,"commits":0,"contacts":0,"finishes":0,"rejected":0,"resets":5,"supersede_finishes":0},"generation":6,"last":null,"version":1},"token":1}
L1_CAPTURE phase=normal_harvest_wood_arrival path=[WORLD]/evidence/16-harvest-integration/normal-harvest-v2b/harvest-wood-arrival.png state={"camera_limits":[-156,-220,5340,1532],"camera_position":[2811.953,1153.798],"camera_zoom":[1.0,1.0],"candidate_provenance":"l1-v2 only when explicitly selected before new-run Home; production default remains l1-v1. v2 diagonal ascent amendment is engineering layout, not authored-art approval.","canvas_modulate":"f9f4e5ff","capture_kind":"normal_root_automated_progression_no_inventory_or_clear_injection","control_locked":false,"day_phase":"day","dialogue_automation":"Important modal beats read using fresh ui_accept and native touch; close/reveal via real input, no direct seen flags. Resizes disclosed separately.","focus_automation":"Observed OS focus losses only permit at most 3 explicit new public movement requests per walk; no private path restoration or disabled cancellation. Logged separately.","foundation_entry":"production starting_grove -> representative_grove -> preserved legacy_grove","game_time":17.5614746666668,"image_size":[1600,900],"layout_revision":"l1-v2","map_dimensions":[40,40],"night_gate_bindings":[{"body_layer":1,"cell":"(21, 7)","node":"/root/StartingGrove/YSortLayer/@Node2D@1006","offset":"(0.0, -60.0)","open":false,"root":"(2880.0, 256.0)","scale":"(1.0, 1.0)","screen_rect":"[P: (836.0261, -500.0), S: (128.0, 128.0)]","shape_disabled":false,"texture":"res://assets/objects/night_bud_closed.png"},{"body_layer":1,"cell":"(22, 7)","node":"/root/StartingGrove/YSortLayer/@Node2D@1007","offset":"(0.0, -60.0)","open":false,"root":"(3008.0, 256.0)","scale":"(1.0, 1.0)","screen_rect":"[P: (964.0261, -500.0), S: (128.0, 128.0)]","shape_disabled":false,"texture":"res://assets/objects/night_bud_closed.png"}],"object_spawn_count":48,"path":"[WORLD]/evidence/16-harvest-integration/normal-harvest-v2b/harvest-wood-arrival.png","pending_load":false,"phase":"normal_harvest_wood_arrival","player_position":[2811.953,1153.798],"portal_states":{"divinity":"dormant","machine":"dormant","magic":"dormant","nature":"flickering","return":"open","science":"dormant"},"quest":"Q2","return_portal_count":1,"save_error":0,"save_present":true,"scene":"StartingGrove","spawn_cell":[14,35],"story_state":{},"test_state_injection":"Only Opening real skip handler called directly. No teleports, ingredient/recipe injection, quest/clear signals or time edits. Real TouchController movement/tap, keyboard gather/place; Fusion UI callbacks after physical cauldron arrival. Automated input, not human/manual QA.","tile_count":1600,"world_context":{"arrival_mode":"portal_arrival","current_scene":"grove","travel_layer":"nature"}}
[PASS] bounded contact action resolves I4
L1_CAPTURE phase=normal_harvest_wood_response path=[WORLD]/evidence/16-harvest-integration/normal-harvest-v2b/harvest-wood-response.png state={"camera_limits":[-156,-220,5340,1532],"camera_position":[2811.953,1153.798],"camera_zoom":[1.0,1.0],"candidate_provenance":"l1-v2 only when explicitly selected before new-run Home; production default remains l1-v1. v2 diagonal ascent amendment is engineering layout, not authored-art approval.","canvas_modulate":"f9f4e5ff","capture_kind":"normal_root_automated_progression_no_inventory_or_clear_injection","control_locked":false,"day_phase":"day","dialogue_automation":"Important modal beats read using fresh ui_accept and native touch; close/reveal via real input, no direct seen flags. Resizes disclosed separately.","focus_automation":"Observed OS focus losses only permit at most 3 explicit new public movement requests per walk; no private path restoration or disabled cancellation. Logged separately.","foundation_entry":"production starting_grove -> representative_grove -> preserved legacy_grove","game_time":17.6746766666668,"image_size":[1600,900],"layout_revision":"l1-v2","map_dimensions":[40,40],"night_gate_bindings":[{"body_layer":1,"cell":"(21, 7)","node":"/root/StartingGrove/YSortLayer/@Node2D@1006","offset":"(0.0, -60.0)","open":false,"root":"(2880.0, 256.0)","scale":"(1.0, 1.0)","screen_rect":"[P: (821.6943, -500.0), S: (128.0, 128.0)]","shape_disabled":false,"texture":"res://assets/objects/night_bud_closed.png"},{"body_layer":1,"cell":"(22, 7)","node":"/root/StartingGrove/YSortLayer/@Node2D@1007","offset":"(0.0, -60.0)","open":false,"root":"(3008.0, 256.0)","scale":"(1.0, 1.0)","screen_rect":"[P: (949.6943, -500.0), S: (128.0, 128.0)]","shape_disabled":false,"texture":"res://assets/objects/night_bud_closed.png"}],"object_spawn_count":48,"path":"[WORLD]/evidence/16-harvest-integration/normal-harvest-v2b/harvest-wood-response.png","pending_load":false,"phase":"normal_harvest_wood_response","player_position":[2811.953,1153.798],"portal_states":{"divinity":"dormant","machine":"dormant","magic":"dormant","nature":"flickering","return":"open","science":"dormant"},"quest":"Q2","return_portal_count":1,"save_error":0,"save_present":true,"scene":"StartingGrove","spawn_cell":[14,35],"story_state":{},"test_state_injection":"Only Opening real skip handler called directly. No teleports, ingredient/recipe injection, quest/clear signals or time edits. Real TouchController movement/tap, keyboard gather/place; Fusion UI callbacks after physical cauldron arrival. Automated input, not human/manual QA.","tile_count":1600,"world_context":{"arrival_mode":"portal_arrival","current_scene":"grove","travel_layer":"nature"}}
[PASS] normal action contact actually rewards I4
[PASS] actual object gather yields I4
[PASS] reachable source for I4
[PASS] interaction target exists
TAP_REQUEST {"pick":"(3520.0, 1184.0)","picked":"@Sprite2D@1048:<Sprite2D#210772166645>","point":"(3520.0, 1184.0)","stand":"(26, 35)","target":"@Sprite2D@1048:<Sprite2D#210772166645>"}
TAP_QUEUED [(2816.0, 1152.0), (2880.0, 1120.0), (2944.0, 1152.0), (3008.0, 1120.0), (3072.0, 1152.0), (3136.0, 1184.0), (3200.0, 1152.0), (3264.0, 1120.0), (3328.0, 1152.0), (3392.0, 1184.0), (3456.0, 1152.0)] pending={ "kind": "object", "object": @Sprite2D@1048:<Sprite2D#210772166645> }
TAP_END {"actual":"(3451.361, 1153.984)","distance":74.9148254394531,"locked":false,"pathing":false,"pending":"{  }","target":"(3520.0, 1184.0)"}
[PASS] actual tap approaches/interacts at (3520.0, 1184.0)
HARVEST_NORMAL_ARRIVAL {"before":1,"count":1,"elapsed":0.0666666666666667,"item":"I4","state":{"active":{"committed":false,"generation":9,"kind":"wood","phase":"reserved","target_key":"/root/StartingGrove/YSortLayer:I4:(3520.0, 1184.0):210772166645","token":2},"counters":{"auto_cancels":0,"begun":2,"cancels":0,"commits":1,"contacts":1,"finishes":1,"rejected":0,"resets":8,"supersede_finishes":0},"generation":9,"last":{"kind":"wood","phase":"done","reason":"finished","reward_granted":true,"target_key":"/root/StartingGrove/YSortLayer:I4:(2880.0, 1184.0):210738612212","token":1},"version":1},"token":2}
[PASS] bounded contact action resolves I4
[PASS] normal action contact actually rewards I4
[PASS] actual object gather yields I4
[PASS] reachable source for I6
[PASS] interaction target exists
TAP_REQUEST {"pick":"(3392.0, 1120.0)","picked":"@Sprite2D@1038:<Sprite2D#210218518506>","point":"(3392.0, 1120.0)","stand":"(26, 35)","target":"@Sprite2D@1038:<Sprite2D#210218518506>"}
TAP_QUEUED [] pending={  }
TAP_END {"actual":"(3451.361, 1153.984)","distance":68.4009094238281,"locked":false,"pathing":false,"pending":"{  }","target":"(3392.0, 1120.0)"}
[PASS] actual tap approaches/interacts at (3392.0, 1120.0)
HARVEST_NORMAL_ARRIVAL {"before":0,"count":0,"elapsed":0.0833333333333333,"item":"I6","state":{"active":{"committed":false,"generation":12,"kind":"rock","phase":"reserved","target_key":"/root/StartingGrove/YSortLayer:I6:(3392.0, 1120.0):210218518506","token":3},"counters":{"auto_cancels":0,"begun":3,"cancels":0,"commits":2,"contacts":2,"finishes":2,"rejected":0,"resets":11,"supersede_finishes":0},"generation":12,"last":{"kind":"wood","phase":"done","reason":"finished","reward_granted":true,"target_key":"/root/StartingGrove/YSortLayer:I4:(3520.0, 1184.0):210772166645","token":2},"version":1},"token":3}
L1_CAPTURE phase=normal_harvest_rock_arrival path=[WORLD]/evidence/16-harvest-integration/normal-harvest-v2b/harvest-rock-arrival.png state={"camera_limits":[-156,-220,5340,1532],"camera_position":[3451.361,1153.984],"camera_zoom":[1.0,1.0],"candidate_provenance":"l1-v2 only when explicitly selected before new-run Home; production default remains l1-v1. v2 diagonal ascent amendment is engineering layout, not authored-art approval.","canvas_modulate":"f9f4e5ff","capture_kind":"normal_root_automated_progression_no_inventory_or_clear_injection","control_locked":false,"day_phase":"day","dialogue_automation":"Important modal beats read using fresh ui_accept and native touch; close/reveal via real input, no direct seen flags. Resizes disclosed separately.","focus_automation":"Observed OS focus losses only permit at most 3 explicit new public movement requests per walk; no private path restoration or disabled cancellation. Logged separately.","foundation_entry":"production starting_grove -> representative_grove -> preserved legacy_grove","game_time":20.3148966666668,"image_size":[1600,900],"layout_revision":"l1-v2","map_dimensions":[40,40],"night_gate_bindings":[{"body_layer":1,"cell":"(21, 7)","node":"/root/StartingGrove/YSortLayer/@Node2D@1006","offset":"(0.0, -60.0)","open":false,"root":"(2880.0, 256.0)","scale":"(1.0, 1.0)","screen_rect":"[P: (176.2554, -500.0), S: (128.0, 128.0)]","shape_disabled":false,"texture":"res://assets/objects/night_bud_closed.png"},{"body_layer":1,"cell":"(22, 7)","node":"/root/StartingGrove/YSortLayer/@Node2D@1007","offset":"(0.0, -60.0)","open":false,"root":"(3008.0, 256.0)","scale":"(1.0, 1.0)","screen_rect":"[P: (304.2554, -500.0), S: (128.0, 128.0)]","shape_disabled":false,"texture":"res://assets/objects/night_bud_closed.png"}],"object_spawn_count":48,"path":"[WORLD]/evidence/16-harvest-integration/normal-harvest-v2b/harvest-rock-arrival.png","pending_load":false,"phase":"normal_harvest_rock_arrival","player_position":[3451.361,1153.984],"portal_states":{"divinity":"dormant","machine":"dormant","magic":"dormant","nature":"flickering","return":"open","science":"dormant"},"quest":"Q2","return_portal_count":1,"save_error":0,"save_present":true,"scene":"StartingGrove","spawn_cell":[14,35],"story_state":{},"test_state_injection":"Only Opening real skip handler called directly. No teleports, ingredient/recipe injection, quest/clear signals or time edits. Real TouchController movement/tap, keyboard gather/place; Fusion UI callbacks after physical cauldron arrival. Automated input, not human/manual QA.","tile_count":1600,"world_context":{"arrival_mode":"portal_arrival","current_scene":"grove","travel_layer":"nature"}}
[PASS] bounded contact action resolves I6
L1_CAPTURE phase=normal_harvest_rock_response path=[WORLD]/evidence/16-harvest-integration/normal-harvest-v2b/harvest-rock-response.png state={"camera_limits":[-156,-220,5340,1532],"camera_position":[3451.361,1153.984],"camera_zoom":[1.0,1.0],"candidate_provenance":"l1-v2 only when explicitly selected before new-run Home; production default remains l1-v1. v2 diagonal ascent amendment is engineering layout, not authored-art approval.","canvas_modulate":"f9f4e5ff","capture_kind":"normal_root_automated_progression_no_inventory_or_clear_injection","control_locked":false,"day_phase":"day","dialogue_automation":"Important modal beats read using fresh ui_accept and native touch; close/reveal via real input, no direct seen flags. Resizes disclosed separately.","focus_automation":"Observed OS focus losses only permit at most 3 explicit new public movement requests per walk; no private path restoration or disabled cancellation. Logged separately.","foundation_entry":"production starting_grove -> representative_grove -> preserved legacy_grove","game_time":20.4102830000001,"image_size":[1600,900],"layout_revision":"l1-v2","map_dimensions":[40,40],"night_gate_bindings":[{"body_layer":1,"cell":"(21, 7)","node":"/root/StartingGrove/YSortLayer/@Node2D@1006","offset":"(0.0, -60.0)","open":false,"root":"(2880.0, 256.0)","scale":"(1.0, 1.0)","screen_rect":"[P: (171.0962, -500.0), S: (128.0, 128.0)]","shape_disabled":false,"texture":"res://assets/objects/night_bud_closed.png"},{"body_layer":1,"cell":"(22, 7)","node":"/root/StartingGrove/YSortLayer/@Node2D@1007","offset":"(0.0, -60.0)","open":false,"root":"(3008.0, 256.0)","scale":"(1.0, 1.0)","screen_rect":"[P: (299.0962, -500.0), S: (128.0, 128.0)]","shape_disabled":false,"texture":"res://assets/objects/night_bud_closed.png"}],"object_spawn_count":48,"path":"[WORLD]/evidence/16-harvest-integration/normal-harvest-v2b/harvest-rock-response.png","pending_load":false,"phase":"normal_harvest_rock_response","player_position":[3451.361,1153.984],"portal_states":{"divinity":"dormant","machine":"dormant","magic":"dormant","nature":"flickering","return":"open","science":"dormant"},"quest":"Q2","return_portal_count":1,"save_error":0,"save_present":true,"scene":"StartingGrove","spawn_cell":[14,35],"story_state":{},"test_state_injection":"Only Opening real skip handler called directly. No teleports, ingredient/recipe injection, quest/clear signals or time edits. Real TouchController movement/tap, keyboard gather/place; Fusion UI callbacks after physical cauldron arrival. Automated input, not human/manual QA.","tile_count":1600,"world_context":{"arrival_mode":"portal_arrival","current_scene":"grove","travel_layer":"nature"}}
[PASS] normal action contact actually rewards I6
[PASS] actual object gather yields I6
[PASS] reachable source for I6
[PASS] interaction target exists
TAP_REQUEST {"pick":"(3520.0, 1056.0)","picked":"@Sprite2D@1031:<Sprite2D#209983637475>","point":"(3520.0, 1056.0)","stand":"(27, 33)","target":"@Sprite2D@1031:<Sprite2D#209983637475>"}
TAP_QUEUED [] pending={  }
TAP_END {"actual":"(3451.361, 1153.984)","distance":119.63387298584,"locked":false,"pathing":false,"pending":"{  }","target":"(3520.0, 1056.0)"}
[PASS] actual tap approaches/interacts at (3520.0, 1056.0)
HARVEST_NORMAL_ARRIVAL {"before":1,"count":1,"elapsed":0.15,"item":"I6","state":{"active":null,"counters":{"auto_cancels":0,"begun":3,"cancels":0,"commits":3,"contacts":3,"finishes":3,"rejected":0,"resets":13,"supersede_finishes":0},"generation":14,"last":{"kind":"rock","phase":"done","reason":"finished","reward_granted":true,"target_key":"/root/StartingGrove/YSortLayer:I6:(3392.0, 1120.0):210218518506","token":3},"version":1},"token":0}
[PASS] bounded contact action resolves I6
ERROR: L1_CAPTURE: normal action contact actually rewards I6
   at: push_error (core/variant/variant_utility.cpp:1024)
   GDScript backtrace (most recent call first):
       [0] _fail (res://scenes/dev/l1_gameplay_capture.gd:311)
       [1] require (res://scenes/dev/l1_progression_capture.gd:12)
       [2] tap_object (res://scenes/dev/harvest_progression_capture.gd:23)
       [3] tap_object (res://scenes/dev/l1_progression_capture.gd:221)
       [4] _frames (res://scenes/dev/l1_gameplay_capture.gd:301)
L1_CAPTURE phase=failure_not_completion path=[WORLD]/evidence/16-harvest-integration/normal-harvest-v2b/failure.png state={"camera_limits":[-156,-220,5340,1532],"camera_position":[3451.361,1153.984],"camera_zoom":[1.0,1.0],"candidate_provenance":"l1-v2 only when explicitly selected before new-run Home; production default remains l1-v1. v2 diagonal ascent amendment is engineering layout, not authored-art approval.","canvas_modulate":"f9f4e5ff","capture_kind":"normal_root_automated_progression_no_inventory_or_clear_injection","control_locked":false,"day_phase":"day","dialogue_automation":"Important modal beats read using fresh ui_accept and native touch; close/reveal via real input, no direct seen flags. Resizes disclosed separately.","focus_automation":"Observed OS focus losses only permit at most 3 explicit new public movement requests per walk; no private path restoration or disabled cancellation. Logged separately.","foundation_entry":"production starting_grove -> representative_grove -> preserved legacy_grove","game_time":20.5349980000001,"image_size":[1600,900],"layout_revision":"l1-v2","map_dimensions":[40,40],"night_gate_bindings":[{"body_layer":1,"cell":"(21, 7)","node":"/root/StartingGrove/YSortLayer/@Node2D@1006","offset":"(0.0, -60.0)","open":false,"root":"(2880.0, 256.0)","scale":"(1.0, 1.0)","screen_rect":"[P: (167.8467, -500.0), S: (128.0, 128.0)]","shape_disabled":false,"texture":"res://assets/objects/night_bud_closed.png"},{"body_layer":1,"cell":"(22, 7)","node":"/root/StartingGrove/YSortLayer/@Node2D@1007","offset":"(0.0, -60.0)","open":false,"root":"(3008.0, 256.0)","scale":"(1.0, 1.0)","screen_rect":"[P: (295.8467, -500.0), S: (128.0, 128.0)]","shape_disabled":false,"texture":"res://assets/objects/night_bud_closed.png"}],"object_spawn_count":48,"path":"[WORLD]/evidence/16-harvest-integration/normal-harvest-v2b/failure.png","pending_load":false,"phase":"failure_not_completion","player_position":[3451.361,1153.984],"portal_states":{"divinity":"dormant","machine":"dormant","magic":"dormant","nature":"flickering","return":"open","science":"dormant"},"quest":"Q2","return_portal_count":1,"save_error":0,"save_present":true,"scene":"StartingGrove","spawn_cell":[14,35],"story_state":{},"test_state_injection":"Only Opening real skip handler called directly. No teleports, ingredient/recipe injection, quest/clear signals or time edits. Real TouchController movement/tap, keyboard gather/place; Fusion UI callbacks after physical cauldron arrival. Automated input, not human/manual QA.","tile_count":1600,"world_context":{"arrival_mode":"portal_arrival","current_scene":"grove","travel_layer":"nature"}}
NORMAL_PROGRESSION_DONE failed=true manifest=[WORLD]/evidence/16-harvest-integration/normal-harvest-v2b/normal-l1-runtime-state.json
WARNING: ObjectDB instances leaked at exit (run with --verbose for details).
     at: cleanup (core/object/object.cpp:2514)
ERROR: 2 resources still in use at exit (run with --verbose for details).
   at: clear (core/io/resource.cpp:795)
