Godot Engine v4.5.stable.official.876b29033 - https://godotengine.org

[PASS] legacy target feedback fallback retains logical point 
[PASS] projected interaction foot level0 
[PASS] decoration lifted exactly once level0 
[PASS] raised root stays at saved logical cell level0 
[PASS] raised target uses logical cell level0 
[PASS] raised sprite preserves exact projected artwork level0 
[PASS] trunk body stays at logical root level0 body=(1088.0, 288.0) root=(1088.0, 288.0)
[PASS] interaction resolves original raised object cell level0 
[PASS] actual trunk collision aligned level0 direction(1.0, 0.0) distance=40.0030517578125
[PASS] actual trunk collision aligned level0 direction(-1.0, 0.0) distance=40.0030517578125
[PASS] actual trunk collision aligned level0 direction(0.0, -1.0) distance=40.0030517578125
[PASS] actual trunk collision aligned level0 direction(0.0, 1.0) distance=40.0030517578125
[PASS] tap picks projected foot level0 
[PASS] prompt uses projected foot level0 
[FAIL] real direct gather grants item level0 
[FAIL] direct feedback uses projected foot level0 actual=(0.0, 0.0) expected=(1088.0, 248.0)
[FAIL] real tap gather grants item level0 
[FAIL] tap feedback uses projected foot level0 actual=(0.0, 0.0) expected=(1088.0, 248.0)
[FAIL] raised blocking tree grants actual wood level0 
[FAIL] gathered trunk releases real physics path level0 distance=40.0030517578125
[PASS] projected interaction foot level1 
[PASS] decoration lifted exactly once level1 
[PASS] raised root stays at saved logical cell level1 
[PASS] raised target uses logical cell level1 
[PASS] raised sprite preserves exact projected artwork level1 
[PASS] trunk body stays at logical root level1 body=(1152.0, 320.0) root=(1152.0, 320.0)
[PASS] interaction resolves original raised object cell level1 
[PASS] actual trunk collision aligned level1 direction(1.0, 0.0) distance=40.0030517578125
[PASS] actual trunk collision aligned level1 direction(-1.0, 0.0) distance=40.0029296875
[PASS] actual trunk collision aligned level1 direction(0.0, -1.0) distance=40.0030517578125
[PASS] actual trunk collision aligned level1 direction(0.0, 1.0) distance=40.0030517578125
[PASS] tap picks projected foot level1 
[PASS] prompt uses projected foot level1 
[FAIL] real direct gather grants item level1 
[FAIL] direct feedback uses projected foot level1 actual=(0.0, 0.0) expected=(1152.0, 248.0)
[FAIL] real tap gather grants item level1 
[FAIL] tap feedback uses projected foot level1 actual=(0.0, 0.0) expected=(1152.0, 248.0)
[FAIL] raised blocking tree grants actual wood level1 
[FAIL] gathered trunk releases real physics path level1 distance=40.0030517578125
[PASS] projected interaction foot level2 
[PASS] decoration lifted exactly once level2 
[PASS] raised root stays at saved logical cell level2 
[PASS] raised target uses logical cell level2 
[PASS] raised sprite preserves exact projected artwork level2 
[PASS] trunk body stays at logical root level2 body=(1088.0, 352.0) root=(1088.0, 352.0)
[PASS] interaction resolves original raised object cell level2 
[PASS] actual trunk collision aligned level2 direction(1.0, 0.0) distance=40.0030364990234
[PASS] actual trunk collision aligned level2 direction(-1.0, 0.0) distance=40.0030517578125
[FAIL] actual trunk collision aligned level2 direction(0.0, -1.0) distance=104.003051757812
[PASS] actual trunk collision aligned level2 direction(0.0, 1.0) distance=40.0030517578125
[PASS] tap picks projected foot level2 
[PASS] prompt uses projected foot level2 
[FAIL] real direct gather grants item level2 
[FAIL] direct feedback uses projected foot level2 actual=(0.0, 0.0) expected=(1088.0, 248.0)
[FAIL] real tap gather grants item level2 
[FAIL] tap feedback uses projected foot level2 actual=(0.0, 0.0) expected=(1088.0, 248.0)
[FAIL] raised blocking tree grants actual wood level2 
[FAIL] gathered trunk releases real physics path level2 distance=40.0030364990234
OBJECT_PHYSICS_RESULT failures=19
