Godot Engine v4.5.stable.official.876b29033 - https://godotengine.org

SCRIPT ERROR: Parse Error: Member "material" redefined (original in native class 'Node2D')
          at: GDScript::reload (res://scripts/gameplay/harvest_response.gd:4)
SCRIPT ERROR: Compile Error: Failed to compile depended scripts.
          at: GDScript::reload (res://scripts/gameplay/harvest_action_driver.gd:0)
SCRIPT ERROR: Compile Error: Failed to compile depended scripts.
          at: GDScript::reload (res://scripts/world/interaction_controller.gd:0)
SCRIPT ERROR: Compile Error: Failed to compile depended scripts.
          at: GDScript::reload (res://scripts/core/save_manager.gd:0)
SCRIPT ERROR: Compile Error: Failed to compile depended scripts.
          at: GDScript::reload (res://scripts/core/game_state.gd:0)
ERROR: Failed to load script "res://scripts/core/game_state.gd" with error "Compilation failed".
   at: load (modules/gdscript/gdscript.cpp:3041)
[PASS] flora action starts without immediate reward
[PASS] direct gather cannot bypass reserved action
[PASS] same target repeat still no early reward
SCRIPT ERROR: Invalid call. Nonexistent function 'new' in base 'GDScript'.
          at: _physics_process (res://scripts/gameplay/harvest_action_driver.gd:122)
          GDScript backtrace (most recent call first):
              [0] _physics_process (res://scripts/gameplay/harvest_action_driver.gd:122)
[PASS] contact grants exactly once after anticipation
[PASS] cancellation armed movement
[PASS] precontact movement gives zero
[PASS] precontact movement releases only reservation
[PASS] cancellation armed escape
[PASS] precontact escape gives zero
[PASS] precontact escape releases only reservation
[PASS] cancellation armed modal
[PASS] precontact modal gives zero
[PASS] precontact modal releases only reservation
[PASS] cancellation armed time
[PASS] precontact time gives zero
[PASS] precontact time releases only reservation
[PASS] cancellation armed cinematic
[PASS] precontact cinematic gives zero
[PASS] precontact cinematic releases only reservation
[PASS] cancellation armed focus
[PASS] precontact focus gives zero
[PASS] precontact focus releases only reservation
[PASS] cancellation armed scene_exit
[PASS] precontact scene_exit gives zero
[PASS] precontact scene_exit releases only reservation
[PASS] admission refuses far
[PASS] admission refuses locked
SCRIPT ERROR: Invalid call. Nonexistent function 'new' in base 'GDScript'.
          at: _physics_process (res://scripts/gameplay/harvest_action_driver.gd:122)
          GDScript backtrace (most recent call first):
              [0] _physics_process (res://scripts/gameplay/harvest_action_driver.gd:122)
SCRIPT ERROR: Invalid call. Nonexistent function 'new' in base 'GDScript'.
          at: _physics_process (res://scripts/gameplay/harvest_action_driver.gd:122)
          GDScript backtrace (most recent call first):
              [0] _physics_process (res://scripts/gameplay/harvest_action_driver.gd:122)
[PASS] cross-target reentry armed item_added
[PASS] cross-target reentry both exactly once item_added
[PASS] cross-target no stranded reservation item_added
SCRIPT ERROR: Invalid call. Nonexistent function 'new' in base 'GDScript'.
          at: _physics_process (res://scripts/gameplay/harvest_action_driver.gd:122)
          GDScript backtrace (most recent call first):
              [0] _physics_process (res://scripts/gameplay/harvest_action_driver.gd:122)
SCRIPT ERROR: Invalid call. Nonexistent function 'new' in base 'GDScript'.
          at: _physics_process (res://scripts/gameplay/harvest_action_driver.gd:122)
          GDScript backtrace (most recent call first):
              [0] _physics_process (res://scripts/gameplay/harvest_action_driver.gd:122)
[PASS] cross-target reentry armed item_gathered
[PASS] cross-target reentry both exactly once item_gathered
[PASS] cross-target no stranded reservation item_gathered
[PASS] new rejected ground tap cancels prior action
[PASS] respawn replacement cannot inherit old reward
[PASS] stale generation token rejected
SCRIPT ERROR: Invalid call. Nonexistent function 'new' in base 'GDScript'.
          at: _physics_process (res://scripts/gameplay/harvest_action_driver.gd:122)
          GDScript backtrace (most recent call first):
              [0] _physics_process (res://scripts/gameplay/harvest_action_driver.gd:122)
[PASS] fresh respawn input earns exactly one
SCRIPT ERROR: Invalid call. Nonexistent function 'new' in base 'GDScript'.
          at: _physics_process (res://scripts/gameplay/harvest_action_driver.gd:122)
          GDScript backtrace (most recent call first):
              [0] _physics_process (res://scripts/gameplay/harvest_action_driver.gd:122)
[PASS] material or gentle fallback remains usable I1
SCRIPT ERROR: Invalid call. Nonexistent function 'new' in base 'GDScript'.
          at: _physics_process (res://scripts/gameplay/harvest_action_driver.gd:122)
          GDScript backtrace (most recent call first):
              [0] _physics_process (res://scripts/gameplay/harvest_action_driver.gd:122)
[PASS] material or gentle fallback remains usable I7
SCRIPT ERROR: Invalid call. Nonexistent function 'new' in base 'GDScript'.
          at: _physics_process (res://scripts/gameplay/harvest_action_driver.gd:122)
          GDScript backtrace (most recent call first):
              [0] _physics_process (res://scripts/gameplay/harvest_action_driver.gd:122)
[PASS] material or gentle fallback remains usable I6
SCRIPT ERROR: Invalid call. Nonexistent function 'new' in base 'GDScript'.
          at: _physics_process (res://scripts/gameplay/harvest_action_driver.gd:122)
          GDScript backtrace (most recent call first):
              [0] _physics_process (res://scripts/gameplay/harvest_action_driver.gd:122)
[PASS] material or gentle fallback remains usable I4
SCRIPT ERROR: Invalid call. Nonexistent function 'new' in base 'GDScript'.
          at: _physics_process (res://scripts/gameplay/harvest_action_driver.gd:122)
          GDScript backtrace (most recent call first):
              [0] _physics_process (res://scripts/gameplay/harvest_action_driver.gd:122)
[PASS] material or gentle fallback remains usable J1
[PASS] anticipation moves sprite ink before contact
[PASS] anticipation never moves collision root
SCRIPT ERROR: Invalid call. Nonexistent function 'new' in base 'GDScript'.
          at: _physics_process (res://scripts/gameplay/harvest_action_driver.gd:122)
          GDScript backtrace (most recent call first):
              [0] _physics_process (res://scripts/gameplay/harvest_action_driver.gd:122)
[PASS] reward feedback reports actual amount
[FAIL] contact leaves material response after removal
[PASS] dedicated material sound loaded flora
[PASS] dedicated material sound loaded rock
[PASS] dedicated material sound loaded wood
HARVEST_INTEGRATION_DONE failures=1
WARNING: ObjectDB instances leaked at exit (run with --verbose for details).
     at: cleanup (core/object/object.cpp:2514)
